<html>
<body>
<pre>
<h1>µVision Build Log</h1>
<h2>Tool Versions:</h2>
IDE-Version: ¦ÌVision V5.24.2.0
Copyright (C) 2017 ARM Ltd and ARM Germany GmbH. All rights reserved.
License Information: 1 1, 1, LIC=MPPLD-8KB8S-2ZLW4-FGZ25-NE0BI-ZZH50
 
Tool Versions:
Toolchain:       MDK-ARM Plus  Version: 5.24.1
Toolchain Path:  E:\keil5_2_4\ARM\ARMCC\Bin
C Compiler:      Armcc.exe V5.06 update 5 (build 528)
Assembler:       Armasm.exe V5.06 update 5 (build 528)
Linker/Locator:  ArmLink.exe V5.06 update 5 (build 528)
Library Manager: ArmAr.exe V5.06 update 5 (build 528)
Hex Converter:   FromElf.exe V5.06 update 5 (build 528)
CPU DLL:         SARMCM3.DLL V5.24.1
Dialog DLL:      DCM.DLL V1.16.0.0
Target DLL:      STLink\ST-LINKIII-KEIL_SWO.dll V3.0.1.0
Dialog DLL:      TCM.DLL V1.32.0.0
 
<h2>Project:</h2>
C:\Users\Cainiao\Desktop\X-TRACK-main\x_track_learn\template\test.uvprojx
Project File Date:  01/09/2025

<h2>Output:</h2>
*** Using Compiler 'V5.06 update 5 (build 528)', folder: 'E:\keil5_2_4\ARM\ARMCC\Bin'
Rebuild target 'Target 1'
compiling mcu_core.c...
compiling main.cpp...
compiling at32f4xx_gpio.c...
compiling at32f4xx_exti.c...
compiling at32f4xx_dma.c...
compiling at32f4xx_pwr.c...
compiling at32f4xx_flash.c...
compiling delay.c...
compiling at32f4xx_bkp.c...
compiling gpio.c...
compiling at32f4xx_iwdg.c...
compiling at32f4xx_adc.c...
assembling startup_at32f403accu7.s...
compiling at32f4xx_rtc.c...
compiling at32f4xx_spi.c...
compiling at32f4xx_rcc.c...
compiling misc.c...
compiling at32f4xx_usart.c...
compiling system_at32f4xx.c...
compiling at32f4xx_tim.c...
linking...
Program Size: Code=2412 RO-data=412 RW-data=24 ZI-data=1632  
".\Objects\test.axf" - 0 Error(s), 0 Warning(s).

<h2>Software Packages used:</h2>

Package Vendor: ARM
                http://www.keil.com/pack/ARM.CMSIS.5.0.1.pack
                ARM.CMSIS.5.0.1
                CMSIS (Cortex Microcontroller Software Interface Standard)
   * Component: CORE Version: 5.0.1

Package Vendor: Keil
                
                Keil.AT32F4xx_DFP.1.3.7
                ArteryTek AT32F4 Series Device Support,Drivers
   * Component: System_AT32Fxx Version: 1.0.1
   * Component: USART Version: 1.0.1
   * Component: TIMER Version: 1.0.1
   * Component: SPI Version: 1.0.1
   * Component: RTC Version: 1.0.1
   * Component: RCC Version: 1.0.1
   * Component: PWR Version: 1.0.1
   * Component: IWDG Version: 1.0.1
   * Component: GPIO Version: 1.0.1
   * Component: Framework Version: 1.0.1
   * Component: FMC Version: 1.0.1
   * Component: EXTI Version: 1.0.1
   * Component: DMA Version: 1.0.1
   * Component: BKPR Version: 1.0.1
   * Component: ADC Version: 1.0.1
   * Component: Startup Version: 1.0.1

<h2>Collection of Component include folders:</h2>
  .\RTE\_Target_1
  E:\keil5_2_4\ARM\PACK\ARM\CMSIS\5.0.1\CMSIS\Include
  E:\keil5_2_4\ARM\PACK\Keil\AT32F4xx_DFP\1.3.7\Device\Include
  E:\keil5_2_4\ARM\PACK\Keil\AT32F4xx_DFP\1.3.7\Device\StdPeriph_Driver\inc
  E:\keil5_2_4\ARM\PACK\Keil\AT32F4xx_DFP\1.3.7\Device\StdPeriph_Driver\templates

<h2>Collection of Component Files used:</h2>

   * Component: Keil::Device:System_AT32Fxx:1.0.1
      Source file:   Device\Source\system_at32f4xx.c

   * Component: Keil::Device:StdPeriph Drivers:USART:1.0.1
      Source file:   Device\StdPeriph_Driver\src\at32f4xx_usart.c
      Include file:  Device\StdPeriph_Driver\inc\at32f4xx_usart.h

   * Component: Keil::Device:StdPeriph Drivers:TIMER:1.0.1
      Source file:   Device\StdPeriph_Driver\src\at32f4xx_tim.c
      Include file:  Device\StdPeriph_Driver\inc\at32f4xx_tim.h

   * Component: Keil::Device:StdPeriph Drivers:SPI:1.0.1
      Include file:  Device\StdPeriph_Driver\inc\at32f4xx_spi.h
      Source file:   Device\StdPeriph_Driver\src\at32f4xx_spi.c

   * Component: Keil::Device:StdPeriph Drivers:RTC:1.0.1
      Include file:  Device\StdPeriph_Driver\inc\at32f4xx_rtc.h
      Source file:   Device\StdPeriph_Driver\src\at32f4xx_rtc.c

   * Component: Keil::Device:StdPeriph Drivers:RCC:1.0.1
      Source file:   Device\StdPeriph_Driver\src\at32f4xx_rcc.c
      Include file:  Device\StdPeriph_Driver\inc\at32f4xx_rcc.h

   * Component: Keil::Device:StdPeriph Drivers:PWR:1.0.1
      Include file:  Device\StdPeriph_Driver\inc\at32f4xx_pwr.h
      Source file:   Device\StdPeriph_Driver\src\at32f4xx_pwr.c

   * Component: Keil::Device:StdPeriph Drivers:IWDG:1.0.1
      Source file:   Device\StdPeriph_Driver\src\at32f4xx_iwdg.c
      Include file:  Device\StdPeriph_Driver\inc\at32f4xx_iwdg.h

   * Component: Keil::Device:StdPeriph Drivers:GPIO:1.0.1
      Source file:   Device\StdPeriph_Driver\src\at32f4xx_gpio.c
      Include file:  Device\StdPeriph_Driver\inc\at32f4xx_gpio.h

   * Component: Keil::Device:StdPeriph Drivers:Framework:1.0.1
      Source file:   Device\StdPeriph_Driver\templates\at32f4xx_conf.h
      Source file:   Device\StdPeriph_Driver\templates\at32f4xx_it.c
      Source file:   Device\StdPeriph_Driver\src\misc.c

   * Component: Keil::Device:StdPeriph Drivers:FMC:1.0.1
      Source file:   Device\StdPeriph_Driver\src\at32f4xx_flash.c
      Include file:  Device\StdPeriph_Driver\inc\at32f4xx_flash.h

   * Component: Keil::Device:StdPeriph Drivers:EXTI:1.0.1
      Include file:  Device\StdPeriph_Driver\inc\at32f4xx_exti.h
      Source file:   Device\StdPeriph_Driver\src\at32f4xx_exti.c

   * Component: Keil::Device:StdPeriph Drivers:DMA:1.0.1
      Include file:  Device\StdPeriph_Driver\inc\at32f4xx_dma.h
      Source file:   Device\StdPeriph_Driver\src\at32f4xx_dma.c

   * Component: Keil::Device:StdPeriph Drivers:BKPR:1.0.1
      Include file:  Device\StdPeriph_Driver\inc\at32f4xx_bkp.h
      Source file:   Device\StdPeriph_Driver\src\at32f4xx_bkp.c

   * Component: Keil::Device:StdPeriph Drivers:ADC:1.0.1
      Include file:  Device\StdPeriph_Driver\inc\at32f4xx_adc.h
      Source file:   Device\StdPeriph_Driver\src\at32f4xx_adc.c

   * Component: Keil::Device:Startup:1.0.1
      Source file:   Device\Source\ARM\startup_at32f403accu7.s

   * Component: ARM::CMSIS:CORE:5.0.1
Build Time Elapsed:  00:00:03
</pre>
</body>
</html>
