Component: ARM Compiler 5.06 update 5 (build 528) Tool: armlink [4d35e2]

==============================================================================

Section Cross References

    main.o(i.main) refers to mcu_core.o(i.Core_Init) for Core_Init
    main.o(.ARM.exidx) refers to main.o(i.main) for i.main
    mcu_core.o(i.Core_Init) refers to misc.o(i.NVIC_PriorityGroupConfig) for NVIC_PriorityGroupConfig
    mcu_core.o(i.Core_Init) refers to gpio.o(i.GPIO_JTAG_Disable) for GPIO_JTAG_Disable
    mcu_core.o(i.Core_Init) refers to delay.o(i.Delay_Init) for Delay_Init
    delay.o(i.Delay_Init) refers to system_at32f4xx.o(i.SystemCoreClockUpdate) for SystemCoreClockUpdate
    delay.o(i.Delay_Init) refers to delay.o(i.__NVIC_SetPriority) for __NVIC_SetPriority
    delay.o(i.Delay_Init) refers to system_at32f4xx.o(.data) for SystemCoreClock
    delay.o(i.SysTick_Handler) refers to delay.o(.data) for SystemTickCount
    delay.o(i.delay_ms) refers to delay.o(.data) for SystemTickCount
    delay.o(i.delay_us) refers to system_at32f4xx.o(.data) for SystemCoreClock
    delay.o(i.micros) refers to system_at32f4xx.o(.data) for SystemCoreClock
    delay.o(i.micros) refers to delay.o(.data) for SystemTickCount
    delay.o(i.millis) refers to delay.o(.data) for SystemTickCount
    gpio.o(i.GPIO_GetPinNum) refers to gpio.o(i.GPIO_GetPinSource) for GPIO_GetPinSource
    gpio.o(i.GPIO_GetPinNum) refers to gpio.o(.constdata) for PIN_MAP
    gpio.o(i.GPIO_GetPortNum) refers to rt_memcpy_w.o(.text) for __aeabi_memcpy4
    gpio.o(i.GPIO_GetPortNum) refers to gpio.o(.constdata) for PIN_MAP
    gpio.o(i.GPIO_JTAG_Disable) refers to at32f4xx_rcc.o(i.RCC_APB2PeriphClockCmd) for RCC_APB2PeriphClockCmd
    gpio.o(i.GPIO_JTAG_Disable) refers to at32f4xx_gpio.o(i.GPIO_PinsRemapConfig) for GPIO_PinsRemapConfig
    gpio.o(i.GPIOx_Init) refers to at32f4xx_gpio.o(i.GPIO_StructInit) for GPIO_StructInit
    gpio.o(i.GPIOx_Init) refers to at32f4xx_rcc.o(i.RCC_APB2PeriphClockCmd) for RCC_APB2PeriphClockCmd
    gpio.o(i.GPIOx_Init) refers to at32f4xx_gpio.o(i.GPIO_Init) for GPIO_Init
    adc.o(i.ADC_DMA_GetRegisterCount) refers to adc.o(.data) for ADC_DMA_RegCnt
    adc.o(i.ADC_DMA_GetValue) refers to adc.o(i.ADC_DMA_SearchChannel) for ADC_DMA_SearchChannel
    adc.o(i.ADC_DMA_GetValue) refers to adc.o(.bss) for ADC_DMA_ConvertedValue
    adc.o(i.ADC_DMA_Init) refers to at32f4xx_rcc.o(i.RCC_AHBPeriphClockCmd) for RCC_AHBPeriphClockCmd
    adc.o(i.ADC_DMA_Init) refers to at32f4xx_rcc.o(i.RCC_APB2PeriphClockCmd) for RCC_APB2PeriphClockCmd
    adc.o(i.ADC_DMA_Init) refers to at32f4xx_dma.o(i.DMA_Reset) for DMA_Reset
    adc.o(i.ADC_DMA_Init) refers to at32f4xx_dma.o(i.DMA_DefaultInitParaConfig) for DMA_DefaultInitParaConfig
    adc.o(i.ADC_DMA_Init) refers to at32f4xx_dma.o(i.DMA_Init) for DMA_Init
    adc.o(i.ADC_DMA_Init) refers to at32f4xx_dma.o(i.DMA_ChannelEnable) for DMA_ChannelEnable
    adc.o(i.ADC_DMA_Init) refers to at32f4xx_adc.o(i.ADC_Reset) for ADC_Reset
    adc.o(i.ADC_DMA_Init) refers to at32f4xx_adc.o(i.ADC_StructInit) for ADC_StructInit
    adc.o(i.ADC_DMA_Init) refers to at32f4xx_adc.o(i.ADC_Init) for ADC_Init
    adc.o(i.ADC_DMA_Init) refers to at32f4xx_rcc.o(i.RCC_ADCCLKConfig) for RCC_ADCCLKConfig
    adc.o(i.ADC_DMA_Init) refers to at32f4xx_adc.o(i.ADC_RegularChannelConfig) for ADC_RegularChannelConfig
    adc.o(i.ADC_DMA_Init) refers to at32f4xx_adc.o(i.ADC_TempSensorVrefintCtrl) for ADC_TempSensorVrefintCtrl
    adc.o(i.ADC_DMA_Init) refers to at32f4xx_adc.o(i.ADC_DMACtrl) for ADC_DMACtrl
    adc.o(i.ADC_DMA_Init) refers to at32f4xx_adc.o(i.ADC_Ctrl) for ADC_Ctrl
    adc.o(i.ADC_DMA_Init) refers to at32f4xx_adc.o(i.ADC_RstCalibration) for ADC_RstCalibration
    adc.o(i.ADC_DMA_Init) refers to at32f4xx_adc.o(i.ADC_GetResetCalibrationStatus) for ADC_GetResetCalibrationStatus
    adc.o(i.ADC_DMA_Init) refers to at32f4xx_adc.o(i.ADC_StartCalibration) for ADC_StartCalibration
    adc.o(i.ADC_DMA_Init) refers to at32f4xx_adc.o(i.ADC_GetCalibrationStatus) for ADC_GetCalibrationStatus
    adc.o(i.ADC_DMA_Init) refers to at32f4xx_adc.o(i.ADC_SoftwareStartConvCtrl) for ADC_SoftwareStartConvCtrl
    adc.o(i.ADC_DMA_Init) refers to adc.o(.bss) for ADC_DMA_ConvertedValue
    adc.o(i.ADC_DMA_Init) refers to adc.o(.data) for ADC_DMA_RegCnt
    adc.o(i.ADC_DMA_Register) refers to adc.o(i.ADC_DMA_SearchChannel) for ADC_DMA_SearchChannel
    adc.o(i.ADC_DMA_Register) refers to adc.o(.data) for isInit
    adc.o(i.ADC_DMA_Register) refers to adc.o(.bss) for ADC_DMA_RegChannelList
    adc.o(i.ADC_DMA_SearchChannel) refers to adc.o(.bss) for ADC_DMA_RegChannelList
    adc.o(i.ADC_DMA_SearchChannel) refers to adc.o(.data) for ADC_DMA_RegCnt
    adc.o(i.ADCx_GetValue) refers to at32f4xx_adc.o(i.ADC_RegularChannelConfig) for ADC_RegularChannelConfig
    adc.o(i.ADCx_GetValue) refers to at32f4xx_adc.o(i.ADC_SoftwareStartConvCtrl) for ADC_SoftwareStartConvCtrl
[...]
    sys_command.o(.text) refers (Special) to use_no_semi.o(.text) for __I$use$semihosting
    sys_command.o(.text) refers (Special) to indicate_semi.o(.text) for __semihosting_library_function
    defsig_abrt_inner.o(.text) refers to defsig_general.o(.text) for __default_signal_display
    defsig_rtred_inner.o(.text) refers to defsig_general.o(.text) for __default_signal_display
    defsig_rtmem_inner.o(.text) refers to defsig_general.o(.text) for __default_signal_display
    defsig_rtmem_outer.o(.text) refers to defsig_rtmem_inner.o(.text) for __rt_SIGRTMEM_inner
    defsig_rtmem_outer.o(.text) refers to defsig_exit.o(.text) for __sig_exit
    defsig_rtmem_formal.o(.text) refers to rt_raise.o(.text) for __rt_raise
    defsig_stak_inner.o(.text) refers to defsig_general.o(.text) for __default_signal_display
    defsig_pvfn_inner.o(.text) refers to defsig_general.o(.text) for __default_signal_display
    defsig_cppl_inner.o(.text) refers to defsig_general.o(.text) for __default_signal_display
    defsig_segv_inner.o(.text) refers to defsig_general.o(.text) for __default_signal_display
    defsig_other.o(.text) refers to defsig_general.o(.text) for __default_signal_display


==============================================================================

Removing Unused input sections from the image.

    Removing main.o(.rev16_text), (4 bytes).
    Removing main.o(.revsh_text), (4 bytes).
    Removing main.o(.rrx_text), (6 bytes).
    Removing main.o(.ARM.exidx), (8 bytes).
    Removing mcu_core.o(.rev16_text), (4 bytes).
    Removing mcu_core.o(.revsh_text), (4 bytes).
    Removing mcu_core.o(.rrx_text), (6 bytes).
    Removing delay.o(.rev16_text), (4 bytes).
    Removing delay.o(.revsh_text), (4 bytes).
    Removing delay.o(.rrx_text), (6 bytes).
    Removing delay.o(i.delay_ms), (24 bytes).
    Removing delay.o(i.delay_us), (84 bytes).
    Removing delay.o(i.micros), (64 bytes).
    Removing delay.o(i.millis), (12 bytes).
    Removing gpio.o(.rev16_text), (4 bytes).
    Removing gpio.o(.revsh_text), (4 bytes).
    Removing gpio.o(.rrx_text), (6 bytes).
    Removing gpio.o(i.GPIO_GetPinNum), (24 bytes).
    Removing gpio.o(i.GPIO_GetPinSource), (18 bytes).
    Removing gpio.o(i.GPIO_GetPortNum), (68 bytes).
    Removing gpio.o(i.GPIOx_Init), (188 bytes).
    Removing gpio.o(.constdata), (1300 bytes).
    Removing adc.o(.rev16_text), (4 bytes).
    Removing adc.o(.revsh_text), (4 bytes).
    Removing adc.o(.rrx_text), (6 bytes).
    Removing adc.o(i.ADC_DMA_GetRegisterCount), (12 bytes).
    Removing adc.o(i.ADC_DMA_GetValue), (108 bytes).
    Removing adc.o(i.ADC_DMA_Init), (304 bytes).
    Removing adc.o(i.ADC_DMA_Register), (176 bytes).
    Removing adc.o(i.ADC_DMA_SearchChannel), (44 bytes).
    Removing adc.o(i.ADCx_GetValue), (48 bytes).
    Removing adc.o(i.ADCx_Init), (176 bytes).
    Removing adc.o(.bss), (54 bytes).
    Removing adc.o(.data), (2 bytes).
    Removing extend_sram.o(.rev16_text), (4 bytes).
    Removing extend_sram.o(.revsh_text), (4 bytes).
    Removing extend_sram.o(.rrx_text), (6 bytes).
    Removing extend_sram.o(i.extend_SRAM), (104 bytes).
    Removing exti.o(.rev16_text), (4 bytes).
    Removing exti.o(.revsh_text), (4 bytes).
    Removing exti.o(.rrx_text), (6 bytes).
    Removing exti.o(i.EXTI_GetIRQn), (80 bytes).
    Removing exti.o(i.EXTIx_Init), (140 bytes).
    Removing exti.o(i.attachInterrupt), (26 bytes).
    Removing exti.o(i.detachInterrupt), (80 bytes).
    Removing i2c.o(.rev16_text), (4 bytes).
    Removing i2c.o(.revsh_text), (4 bytes).
    Removing i2c.o(.rrx_text), (6 bytes).
    Removing i2c.o(i.I2Cx_ClearADDRFlag), (12 bytes).
    Removing i2c.o(i.I2Cx_Init), (164 bytes).
    Removing i2c.o(i.I2Cx_Read), (264 bytes).
    Removing i2c.o(i.I2Cx_ReadReg), (34 bytes).
    Removing i2c.o(i.I2Cx_Write), (184 bytes).
    Removing i2c.o(i.I2Cx_WriteReg), (30 bytes).
    Removing wdg.o(.rev16_text), (4 bytes).
    Removing wdg.o(.revsh_text), (4 bytes).
    Removing wdg.o(.rrx_text), (6 bytes).
    Removing wdg.o(i.WDG_Init), (200 bytes).
    Removing wdg.o(i.WDG_ReloadCounter), (8 bytes).
    Removing wdg.o(.constdata), (7 bytes).
    Removing timer.o(.rev16_text), (4 bytes).
    Removing timer.o(.revsh_text), (4 bytes).
    Removing timer.o(.rrx_text), (6 bytes).
    Removing timer.o(i.Qsqrt), (96 bytes).
    Removing timer.o(i.TMR15_OV_IRQHandler), (2 bytes).
    Removing timer.o(i.Timer_ClockCmd), (288 bytes).
    Removing timer.o(i.Timer_FreqFactorization), (178 bytes).
    Removing timer.o(i.Timer_GenerateUpdate), (6 bytes).
    Removing timer.o(i.Timer_GetClockOut), (168 bytes).
    Removing timer.o(i.Timer_GetCompare), (74 bytes).
    Removing timer.o(i.Timer_SetCompare), (72 bytes).
    Removing timer.o(i.Timer_SetEnable), (16 bytes).
    Removing timer.o(i.Timer_SetInterrupt), (208 bytes).
    Removing timer.o(i.Timer_SetInterruptBase), (568 bytes).
    Removing timer.o(i.Timer_SetInterruptFreqUpdate), (220 bytes).
    Removing timer.o(i.Timer_SetInterruptTimeUpdate), (196 bytes).
    Removing timer.o(i.Timer_SetPrescaler), (4 bytes).
    Removing timer.o(i.Timer_SetReload), (4 bytes).
    Removing timer.o(i.Timer_TimeFactorization), (108 bytes).
    Removing rtc.o(.rev16_text), (4 bytes).
    Removing rtc.o(.revsh_text), (4 bytes).
    Removing rtc.o(.rrx_text), (6 bytes).
    Removing rtc.o(i.Is_Leap_Year), (58 bytes).
    Removing rtc.o(i.RTC_GetCalendar), (268 bytes).
    Removing rtc.o(i.RTC_GetWeek), (120 bytes).
    Removing rtc.o(i.RTC_Init), (144 bytes).
    Removing rtc.o(i.RTC_SetAlarm), (192 bytes).
    Removing rtc.o(i.RTC_SetTime), (204 bytes).
    Removing rtc.o(.bss), (10 bytes).
    Removing rtc.o(.constdata), (24 bytes).
    Removing rtc.o(.data), (2 bytes).
    Removing pwm.o(.rev16_text), (4 bytes).
    Removing pwm.o(.revsh_text), (4 bytes).
    Removing pwm.o(.rrx_text), (6 bytes).
    Removing pwm.o(i.PWM_Init), (152 bytes).
    Removing pwm.o(i.PWM_Write), (36 bytes).
    Removing pwm.o(i.TIMx_OCxInit), (214 bytes).
    Removing arduino.o(.rev16_text), (4 bytes).
    Removing arduino.o(.revsh_text), (4 bytes).
    Removing arduino.o(.rrx_text), (6 bytes).
    Removing arduino.o(i.analogRead), (60 bytes).
    Removing arduino.o(i.analogRead_DMA), (52 bytes).
    Removing arduino.o(i.analogWrite), (48 bytes).
    Removing arduino.o(i.digitalRead), (44 bytes).
    Removing arduino.o(i.digitalWrite), (56 bytes).
    Removing arduino.o(i.fmap), (30 bytes).
    Removing arduino.o(i.map), (22 bytes).
    Removing arduino.o(i.pinMode), (120 bytes).
    Removing arduino.o(i.pulseIn), (212 bytes).
    Removing arduino.o(i.shiftIn), (112 bytes).
    Removing arduino.o(i.shiftOut), (148 bytes).
    Removing arduino.o(i.yield), (2 bytes).
    Removing at32f4xx_adc.o(.rev16_text), (4 bytes).
    Removing at32f4xx_adc.o(.revsh_text), (4 bytes).
    Removing at32f4xx_adc.o(.rrx_text), (6 bytes).
    Removing at32f4xx_adc.o(i.ADC_AnalogWDGCtrl), (20 bytes).
    Removing at32f4xx_adc.o(i.ADC_AnalogWDGSingleChannelConfig), (16 bytes).
    Removing at32f4xx_adc.o(i.ADC_AnalogWDGThresholdsConfig), (6 bytes).
    Removing at32f4xx_adc.o(i.ADC_AutoInjectedConvCtrl), (22 bytes).
    Removing at32f4xx_adc.o(i.ADC_ClearFlag), (6 bytes).
    Removing at32f4xx_adc.o(i.ADC_ClearINTPendingBit), (10 bytes).
    Removing at32f4xx_adc.o(i.ADC_Ctrl), (22 bytes).
    Removing at32f4xx_adc.o(i.ADC_DMACtrl), (22 bytes).
    Removing at32f4xx_adc.o(i.ADC_DiscModeChannelCountConfig), (24 bytes).
    Removing at32f4xx_adc.o(i.ADC_DiscModeCtrl), (22 bytes).
    Removing at32f4xx_adc.o(i.ADC_ExternalTrigConvCtrl), (22 bytes).
    Removing at32f4xx_adc.o(i.ADC_ExternalTrigInjectedConvConfig), (20 bytes).
    Removing at32f4xx_adc.o(i.ADC_ExternalTrigInjectedConvCtrl), (22 bytes).
    Removing at32f4xx_adc.o(i.ADC_GetCalibrationStatus), (20 bytes).
    Removing at32f4xx_adc.o(i.ADC_GetConversionValue), (8 bytes).
    Removing at32f4xx_adc.o(i.ADC_GetDualModeConversionValue), (12 bytes).
    Removing at32f4xx_adc.o(i.ADC_GetFlagStatus), (18 bytes).
    Removing at32f4xx_adc.o(i.ADC_GetINTStatus), (36 bytes).
    Removing at32f4xx_adc.o(i.ADC_GetInjectedConversionValue), (28 bytes).
    Removing at32f4xx_adc.o(i.ADC_GetResetCalibrationStatus), (20 bytes).
    Removing at32f4xx_adc.o(i.ADC_GetSoftwareStartConvStatus), (20 bytes).
    Removing at32f4xx_adc.o(i.ADC_GetSoftwareStartInjectedConvCtrlStatus), (20 bytes).
    Removing at32f4xx_adc.o(i.ADC_INTConfig), (24 bytes).
    Removing at32f4xx_adc.o(i.ADC_Init), (80 bytes).
    Removing at32f4xx_adc.o(i.ADC_InjectedChannelConfig), (130 bytes).
    Removing at32f4xx_adc.o(i.ADC_InjectedDiscModeCtrl), (22 bytes).
    Removing at32f4xx_adc.o(i.ADC_InjectedSequencerLengthConfig), (24 bytes).
    Removing at32f4xx_adc.o(i.ADC_RegularChannelConfig), (184 bytes).
    Removing at32f4xx_adc.o(i.ADC_Reset), (92 bytes).
    Removing at32f4xx_adc.o(i.ADC_RstCalibration), (10 bytes).
    Removing at32f4xx_adc.o(i.ADC_SetInjectedOffset), (20 bytes).
    Removing at32f4xx_adc.o(i.ADC_SoftwareStartConvCtrl), (22 bytes).
    Removing at32f4xx_adc.o(i.ADC_SoftwareStartInjectedConvCtrl), (22 bytes).
    Removing at32f4xx_adc.o(i.ADC_StartCalibration), (10 bytes).
    Removing at32f4xx_adc.o(i.ADC_StructInit), (18 bytes).
    Removing at32f4xx_adc.o(i.ADC_TempSensorVrefintCtrl), (36 bytes).
    Removing at32f4xx_bkp.o(.rev16_text), (4 bytes).
    Removing at32f4xx_bkp.o(.revsh_text), (4 bytes).
    Removing at32f4xx_bkp.o(.rrx_text), (6 bytes).
    Removing at32f4xx_bkp.o(i.BKP_ClearFlag), (20 bytes).
    Removing at32f4xx_bkp.o(i.BKP_ClearIntPendingBit), (20 bytes).
    Removing at32f4xx_bkp.o(i.BKP_GetFlagStatus), (12 bytes).
    Removing at32f4xx_bkp.o(i.BKP_GetIntStatus), (12 bytes).
    Removing at32f4xx_bkp.o(i.BKP_IntConfig), (12 bytes).
    Removing at32f4xx_bkp.o(i.BKP_RTCOutputConfig), (28 bytes).
    Removing at32f4xx_bkp.o(i.BKP_ReadBackupReg), (28 bytes).
    Removing at32f4xx_bkp.o(i.BKP_Reset), (16 bytes).
    Removing at32f4xx_bkp.o(i.BKP_SetRTCCalValue), (28 bytes).
    Removing at32f4xx_bkp.o(i.BKP_TamperPinCmd), (12 bytes).
    Removing at32f4xx_bkp.o(i.BKP_TamperPinLvConfig), (12 bytes).
    Removing at32f4xx_bkp.o(i.BKP_WriteBackupReg), (28 bytes).
    Removing at32f4xx_dma.o(.rev16_text), (4 bytes).
    Removing at32f4xx_dma.o(.revsh_text), (4 bytes).
    Removing at32f4xx_dma.o(.rrx_text), (6 bytes).
    Removing at32f4xx_dma.o(i.DMA_ChannelEnable), (24 bytes).
    Removing at32f4xx_dma.o(i.DMA_ClearFlag), (28 bytes).
    Removing at32f4xx_dma.o(i.DMA_ClearITPendingBit), (28 bytes).
    Removing at32f4xx_dma.o(i.DMA_DefaultInitParaConfig), (26 bytes).
    Removing at32f4xx_dma.o(i.DMA_Flexible_Config), (210 bytes).
    Removing at32f4xx_dma.o(i.DMA_GetCurrDataCounter), (8 bytes).
    Removing at32f4xx_dma.o(i.DMA_GetFlagStatus), (44 bytes).
    Removing at32f4xx_dma.o(i.DMA_GetITStatus), (44 bytes).
    Removing at32f4xx_dma.o(i.DMA_INTConfig), (18 bytes).
    Removing at32f4xx_dma.o(i.DMA_Init), (60 bytes).
    Removing at32f4xx_dma.o(i.DMA_Reset), (332 bytes).
    Removing at32f4xx_dma.o(i.DMA_SetCurrDataCounter), (4 bytes).
    Removing at32f4xx_exti.o(.rev16_text), (4 bytes).
    Removing at32f4xx_exti.o(.revsh_text), (4 bytes).
    Removing at32f4xx_exti.o(.rrx_text), (6 bytes).
    Removing at32f4xx_exti.o(i.EXTI_ClearFlag), (12 bytes).
    Removing at32f4xx_exti.o(i.EXTI_GenerateSWInt), (16 bytes).
    Removing at32f4xx_exti.o(i.EXTI_GetFlagStatus), (24 bytes).
    Removing at32f4xx_exti.o(i.EXTI_Init), (148 bytes).
    Removing at32f4xx_exti.o(i.EXTI_Reset), (36 bytes).
    Removing at32f4xx_exti.o(i.EXTI_StructInit), (16 bytes).
    Removing at32f4xx_flash.o(.rev16_text), (4 bytes).
    Removing at32f4xx_flash.o(.revsh_text), (4 bytes).
    Removing at32f4xx_flash.o(.rrx_text), (6 bytes).
    Removing at32f4xx_flash.o(i.FLASH_Bank3EncEndAddrConfig), (152 bytes).
    Removing at32f4xx_flash.o(i.FLASH_BootOptConfig), (120 bytes).
    Removing at32f4xx_flash.o(i.FLASH_ClearFlag), (40 bytes).
    Removing at32f4xx_flash.o(i.FLASH_EnableWriteProtect), (204 bytes).
    Removing at32f4xx_flash.o(i.FLASH_EraseAllPages), (112 bytes).
    Removing at32f4xx_flash.o(i.FLASH_EraseBank1AllPages), (68 bytes).
    Removing at32f4xx_flash.o(i.FLASH_EraseBank2AllPages), (68 bytes).
    Removing at32f4xx_flash.o(i.FLASH_EraseBank3AllPages), (96 bytes).
    Removing at32f4xx_flash.o(i.FLASH_ErasePage), (252 bytes).
    Removing at32f4xx_flash.o(i.FLASH_EraseUserOptionBytes), (160 bytes).
    Removing at32f4xx_flash.o(i.FLASH_GetBank1Status), (52 bytes).
    Removing at32f4xx_flash.o(i.FLASH_GetBank2Status), (52 bytes).
    Removing at32f4xx_flash.o(i.FLASH_GetBank3Status), (52 bytes).
    Removing at32f4xx_flash.o(i.FLASH_GetFlagStatus), (92 bytes).
    Removing at32f4xx_flash.o(i.FLASH_GetReadProtectStatus), (24 bytes).
    Removing at32f4xx_flash.o(i.FLASH_GetSlibCurCnt), (16 bytes).
    Removing at32f4xx_flash.o(i.FLASH_GetSlibDataStartPage), (16 bytes).
    Removing at32f4xx_flash.o(i.FLASH_GetSlibEndPage), (12 bytes).
    Removing at32f4xx_flash.o(i.FLASH_GetSlibInstrStartPage), (16 bytes).
    Removing at32f4xx_flash.o(i.FLASH_GetSlibStartPage), (16 bytes).
    Removing at32f4xx_flash.o(i.FLASH_GetSlibState), (24 bytes).
    Removing at32f4xx_flash.o(i.FLASH_GetStatus), (52 bytes).
    Removing at32f4xx_flash.o(i.FLASH_GetUserOptionByte), (12 bytes).
    Removing at32f4xx_flash.o(i.FLASH_GetWriteProtectStatus), (12 bytes).
    Removing at32f4xx_flash.o(i.FLASH_INTConfig), (120 bytes).
    Removing at32f4xx_flash.o(i.FLASH_Lock), (28 bytes).
    Removing at32f4xx_flash.o(i.FLASH_LockBank1), (20 bytes).
    Removing at32f4xx_flash.o(i.FLASH_LockBank2), (20 bytes).
    Removing at32f4xx_flash.o(i.FLASH_LockBank3), (24 bytes).
    Removing at32f4xx_flash.o(i.FLASH_ProgramByte), (152 bytes).
    Removing at32f4xx_flash.o(i.FLASH_ProgramHalfWord), (224 bytes).
    Removing at32f4xx_flash.o(i.FLASH_ProgramUserOptionByteData), (88 bytes).
    Removing at32f4xx_flash.o(i.FLASH_ProgramWord), (224 bytes).
    Removing at32f4xx_flash.o(i.FLASH_ReadProtectConfig), (164 bytes).
    Removing at32f4xx_flash.o(i.FLASH_SlibDisable), (52 bytes).
    Removing at32f4xx_flash.o(i.FLASH_SlibMainEnable), (144 bytes).
    Removing at32f4xx_flash.o(i.FLASH_Unlock), (32 bytes).
    Removing at32f4xx_flash.o(i.FLASH_UnlockBank1), (24 bytes).
    Removing at32f4xx_flash.o(i.FLASH_UnlockBank2), (24 bytes).
    Removing at32f4xx_flash.o(i.FLASH_UnlockBank3), (32 bytes).
    Removing at32f4xx_flash.o(i.FLASH_UserOptionByteConfig), (104 bytes).
    Removing at32f4xx_flash.o(i.FLASH_WaitForBank1Process), (38 bytes).
    Removing at32f4xx_flash.o(i.FLASH_WaitForBank2Process), (38 bytes).
    Removing at32f4xx_flash.o(i.FLASH_WaitForBank3Process), (38 bytes).
    Removing at32f4xx_flash.o(i.FLASH_WaitForProcess), (38 bytes).
    Removing at32f4xx_gpio.o(.rev16_text), (4 bytes).
    Removing at32f4xx_gpio.o(.revsh_text), (4 bytes).
    Removing at32f4xx_gpio.o(.rrx_text), (6 bytes).
    Removing at32f4xx_gpio.o(i.GPIO_AFIOReset), (20 bytes).
    Removing at32f4xx_gpio.o(i.GPIO_ETH_MediaInterfaceConfig), (12 bytes).
    Removing at32f4xx_gpio.o(i.GPIO_EXTILineConfig), (64 bytes).
    Removing at32f4xx_gpio.o(i.GPIO_EventOutputCmd), (12 bytes).
    Removing at32f4xx_gpio.o(i.GPIO_EventOutputConfig), (32 bytes).
    Removing at32f4xx_gpio.o(i.GPIO_Init), (278 bytes).
    Removing at32f4xx_gpio.o(i.GPIO_PinsEnhanceSlewRate), (20 bytes).
    Removing at32f4xx_gpio.o(i.GPIO_PinsHugeDriven), (20 bytes).
    Removing at32f4xx_gpio.o(i.GPIO_PinsLockConfig), (18 bytes).
    Removing at32f4xx_gpio.o(i.GPIO_ReadInputData), (8 bytes).
    Removing at32f4xx_gpio.o(i.GPIO_ReadInputDataBit), (18 bytes).
    Removing at32f4xx_gpio.o(i.GPIO_ReadOutputData), (8 bytes).
    Removing at32f4xx_gpio.o(i.GPIO_ReadOutputDataBit), (18 bytes).
    Removing at32f4xx_gpio.o(i.GPIO_Reset), (144 bytes).
    Removing at32f4xx_gpio.o(i.GPIO_ResetBits), (4 bytes).
    Removing at32f4xx_gpio.o(i.GPIO_SetBits), (4 bytes).
    Removing at32f4xx_gpio.o(i.GPIO_StructInit), (16 bytes).
    Removing at32f4xx_gpio.o(i.GPIO_Write), (4 bytes).
    Removing at32f4xx_gpio.o(i.GPIO_WriteBit), (10 bytes).
    Removing at32f4xx_iwdg.o(.rev16_text), (4 bytes).
    Removing at32f4xx_iwdg.o(.revsh_text), (4 bytes).
    Removing at32f4xx_iwdg.o(.rrx_text), (6 bytes).
    Removing at32f4xx_iwdg.o(i.IWDG_Enable), (16 bytes).
    Removing at32f4xx_iwdg.o(i.IWDG_GetFlagStatus), (24 bytes).
    Removing at32f4xx_iwdg.o(i.IWDG_KeyRegWrite), (12 bytes).
    Removing at32f4xx_iwdg.o(i.IWDG_ReloadCounter), (16 bytes).
    Removing at32f4xx_iwdg.o(i.IWDG_SetPrescaler), (12 bytes).
    Removing at32f4xx_iwdg.o(i.IWDG_SetReload), (12 bytes).
    Removing at32f4xx_pwr.o(.rev16_text), (4 bytes).
    Removing at32f4xx_pwr.o(.revsh_text), (4 bytes).
    Removing at32f4xx_pwr.o(.rrx_text), (6 bytes).
    Removing at32f4xx_pwr.o(i.PWR_BackupAccessCtrl), (12 bytes).
    Removing at32f4xx_pwr.o(i.PWR_ClearFlag), (20 bytes).
    Removing at32f4xx_pwr.o(i.PWR_EnterSTANDBYMode), (52 bytes).
    Removing at32f4xx_pwr.o(i.PWR_EnterSTOPMode), (72 bytes).
    Removing at32f4xx_pwr.o(i.PWR_EnterSleepMode), (32 bytes).
    Removing at32f4xx_pwr.o(i.PWR_GetFlagStatus), (24 bytes).
    Removing at32f4xx_pwr.o(i.PWR_PVDCtrl), (12 bytes).
    Removing at32f4xx_pwr.o(i.PWR_PVDLevelConfig), (24 bytes).
    Removing at32f4xx_pwr.o(i.PWR_Reset), (22 bytes).
    Removing at32f4xx_pwr.o(i.PWR_WakeUpPinCtrl), (12 bytes).
    Removing at32f4xx_rcc.o(.rev16_text), (4 bytes).
    Removing at32f4xx_rcc.o(.revsh_text), (4 bytes).
    Removing at32f4xx_rcc.o(.rrx_text), (6 bytes).
    Removing at32f4xx_rcc.o(i.RCC_ADCCLKConfig), (28 bytes).
    Removing at32f4xx_rcc.o(i.RCC_AHBCLKConfig), (24 bytes).
    Removing at32f4xx_rcc.o(i.RCC_AHBPeriphClockCmd), (32 bytes).
    Removing at32f4xx_rcc.o(i.RCC_AHBPeriphResetCmd), (32 bytes).
    Removing at32f4xx_rcc.o(i.RCC_APB1CLKConfig), (24 bytes).
    Removing at32f4xx_rcc.o(i.RCC_APB1PeriphClockCmd), (32 bytes).
    Removing at32f4xx_rcc.o(i.RCC_APB1PeriphResetCmd), (32 bytes).
    Removing at32f4xx_rcc.o(i.RCC_APB2CLKConfig), (24 bytes).
    Removing at32f4xx_rcc.o(i.RCC_APB2PeriphResetCmd), (32 bytes).
    Removing at32f4xx_rcc.o(i.RCC_BackupResetCmd), (12 bytes).
    Removing at32f4xx_rcc.o(i.RCC_CLKOUTConfig), (80 bytes).
    Removing at32f4xx_rcc.o(i.RCC_ClearFlag), (20 bytes).
    Removing at32f4xx_rcc.o(i.RCC_ClearINTPendingBit), (12 bytes).
    Removing at32f4xx_rcc.o(i.RCC_GetClocksFreq), (376 bytes).
    Removing at32f4xx_rcc.o(i.RCC_GetFlagStatus), (60 bytes).
    Removing at32f4xx_rcc.o(i.RCC_GetINTStatus), (24 bytes).
    Removing at32f4xx_rcc.o(i.RCC_GetSYSCLKSelction), (16 bytes).
    Removing at32f4xx_rcc.o(i.RCC_HSEClockFailureDetectorCmd), (12 bytes).
    Removing at32f4xx_rcc.o(i.RCC_HSEConfig), (76 bytes).
    Removing at32f4xx_rcc.o(i.RCC_HSEDivConfig), (28 bytes).
    Removing at32f4xx_rcc.o(i.RCC_HSEENDelay), (12 bytes).
    Removing at32f4xx_rcc.o(i.RCC_HSI2SYS48M), (48 bytes).
    Removing at32f4xx_rcc.o(i.RCC_HSI2USB48M), (48 bytes).
    Removing at32f4xx_rcc.o(i.RCC_HSICmd), (12 bytes).
    Removing at32f4xx_rcc.o(i.RCC_INTConfig), (32 bytes).
    Removing at32f4xx_rcc.o(i.RCC_LSEConfig), (52 bytes).
    Removing at32f4xx_rcc.o(i.RCC_LSICmd), (12 bytes).
    Removing at32f4xx_rcc.o(i.RCC_MCO2TMR10), (36 bytes).
    Removing at32f4xx_rcc.o(i.RCC_PLLCmd), (12 bytes).
    Removing at32f4xx_rcc.o(i.RCC_PLLConfig), (36 bytes).
    Removing at32f4xx_rcc.o(i.RCC_RTCCLKCmd), (12 bytes).
    Removing at32f4xx_rcc.o(i.RCC_RTCCLKConfig), (16 bytes).
    Removing at32f4xx_rcc.o(i.RCC_Reset), (96 bytes).
    Removing at32f4xx_rcc.o(i.RCC_SYSCLKConfig), (24 bytes).
    Removing at32f4xx_rcc.o(i.RCC_SetHSICalibValue), (44 bytes).
    Removing at32f4xx_rcc.o(i.RCC_SetHSITweakValue), (24 bytes).
    Removing at32f4xx_rcc.o(i.RCC_StepModeCmd), (36 bytes).
    Removing at32f4xx_rcc.o(i.RCC_USBCLKConfig), (24 bytes).
    Removing at32f4xx_rcc.o(i.RCC_USBINTRemap), (36 bytes).
    Removing at32f4xx_rcc.o(i.RCC_WaitForHSEStable), (64 bytes).
    Removing at32f4xx_rcc.o(.constdata), (16 bytes).
    Removing at32f4xx_rtc.o(.rev16_text), (4 bytes).
    Removing at32f4xx_rtc.o(.revsh_text), (4 bytes).
    Removing at32f4xx_rtc.o(.rrx_text), (6 bytes).
    Removing at32f4xx_rtc.o(i.RTC_ClearFlag), (16 bytes).
    Removing at32f4xx_rtc.o(i.RTC_ClearINTPendingBit), (16 bytes).
    Removing at32f4xx_rtc.o(i.RTC_EnterConfigMode), (20 bytes).
    Removing at32f4xx_rtc.o(i.RTC_ExitConfigMode), (20 bytes).
    Removing at32f4xx_rtc.o(i.RTC_GetCounter), (20 bytes).
    Removing at32f4xx_rtc.o(i.RTC_GetDivider), (24 bytes).
    Removing at32f4xx_rtc.o(i.RTC_GetFlagStatus), (24 bytes).
    Removing at32f4xx_rtc.o(i.RTC_GetINTStatus), (36 bytes).
    Removing at32f4xx_rtc.o(i.RTC_INTConfig), (32 bytes).
    Removing at32f4xx_rtc.o(i.RTC_SetAlarmValue), (28 bytes).
    Removing at32f4xx_rtc.o(i.RTC_SetCounter), (28 bytes).
    Removing at32f4xx_rtc.o(i.RTC_SetDIV), (32 bytes).
    Removing at32f4xx_rtc.o(i.RTC_WaitForLastTask), (20 bytes).
    Removing at32f4xx_rtc.o(i.RTC_WaitForSynchro), (36 bytes).
    Removing at32f4xx_spi.o(.rev16_text), (4 bytes).
    Removing at32f4xx_spi.o(.revsh_text), (4 bytes).
    Removing at32f4xx_spi.o(.rrx_text), (6 bytes).
    Removing at32f4xx_spi.o(i.I2S_DefaultInit), (20 bytes).
    Removing at32f4xx_spi.o(i.I2S_Enable), (24 bytes).
    Removing at32f4xx_spi.o(i.I2S_Init), (256 bytes).
    Removing at32f4xx_spi.o(i.SPI_CRCEN), (24 bytes).
    Removing at32f4xx_spi.o(i.SPI_DefaultInitParaConfig), (24 bytes).
    Removing at32f4xx_spi.o(i.SPI_Enable), (24 bytes).
    Removing at32f4xx_spi.o(i.SPI_FrameSizeConfig), (18 bytes).
    Removing at32f4xx_spi.o(i.SPI_GetCRC), (16 bytes).
    Removing at32f4xx_spi.o(i.SPI_GetCRCPolynomial), (6 bytes).
    Removing at32f4xx_spi.o(i.SPI_HalfDuplexTransModeConfig), (28 bytes).
    Removing at32f4xx_spi.o(i.SPI_I2S_ClearFlag), (6 bytes).
    Removing at32f4xx_spi.o(i.SPI_I2S_ClearINTPendingBit), (20 bytes).
    Removing at32f4xx_spi.o(i.SPI_I2S_DMAEnable), (18 bytes).
    Removing at32f4xx_spi.o(i.SPI_I2S_GetFlagStatus), (18 bytes).
    Removing at32f4xx_spi.o(i.SPI_I2S_GetITStatus), (52 bytes).
    Removing at32f4xx_spi.o(i.SPI_I2S_INTConfig), (32 bytes).
    Removing at32f4xx_spi.o(i.SPI_I2S_Reset), (116 bytes).
    Removing at32f4xx_spi.o(i.SPI_I2S_RxData), (6 bytes).
    Removing at32f4xx_spi.o(i.SPI_I2S_TxData), (4 bytes).
    Removing at32f4xx_spi.o(i.SPI_Init), (90 bytes).
    Removing at32f4xx_spi.o(i.SPI_NSSHardwareOutputEnable), (24 bytes).
    Removing at32f4xx_spi.o(i.SPI_NSSInternalSoftwareConfig), (30 bytes).
    Removing at32f4xx_spi.o(i.SPI_TxCRC), (10 bytes).
    Removing at32f4xx_tim.o(.rev16_text), (4 bytes).
    Removing at32f4xx_tim.o(.revsh_text), (4 bytes).
    Removing at32f4xx_tim.o(.rrx_text), (6 bytes).
    Removing at32f4xx_tim.o(i.TI1_Config), (128 bytes).
    Removing at32f4xx_tim.o(i.TI2_Config), (152 bytes).
    Removing at32f4xx_tim.o(i.TI3_Config), (144 bytes).
    Removing at32f4xx_tim.o(i.TI4_Config), (152 bytes).
    Removing at32f4xx_tim.o(i.TMR_ARPreloadConfig), (24 bytes).
    Removing at32f4xx_tim.o(i.TMR_BRKDTConfig), (32 bytes).
    Removing at32f4xx_tim.o(i.TMR_BRKDTStructInit), (18 bytes).
    Removing at32f4xx_tim.o(i.TMR_CCPreloadControl), (24 bytes).
    Removing at32f4xx_tim.o(i.TMR_CCxCmd), (30 bytes).
    Removing at32f4xx_tim.o(i.TMR_CCxNCmd), (30 bytes).
    Removing at32f4xx_tim.o(i.TMR_ClearFlag), (6 bytes).
    Removing at32f4xx_tim.o(i.TMR_ClearOC1Ref), (18 bytes).
    Removing at32f4xx_tim.o(i.TMR_ClearOC2Ref), (24 bytes).
    Removing at32f4xx_tim.o(i.TMR_ClearOC3Ref), (18 bytes).
    Removing at32f4xx_tim.o(i.TMR_ClearOC4Ref), (24 bytes).
    Removing at32f4xx_tim.o(i.TMR_Cmd), (24 bytes).
    Removing at32f4xx_tim.o(i.TMR_CounterModeConfig), (18 bytes).
    Removing at32f4xx_tim.o(i.TMR_CtrlPWMOutputs), (30 bytes).
    Removing at32f4xx_tim.o(i.TMR_DIVConfig), (6 bytes).
    Removing at32f4xx_tim.o(i.TMR_DMACmd), (18 bytes).
    Removing at32f4xx_tim.o(i.TMR_DMAConfig), (10 bytes).
    Removing at32f4xx_tim.o(i.TMR_ETRClockMode1Config), (54 bytes).
    Removing at32f4xx_tim.o(i.TMR_ETRClockMode2Config), (32 bytes).
    Removing at32f4xx_tim.o(i.TMR_ETRConfig), (28 bytes).
    Removing at32f4xx_tim.o(i.TMR_EncoderInterfaceConfig), (66 bytes).
    Removing at32f4xx_tim.o(i.TMR_ForcedOC1Config), (18 bytes).
    Removing at32f4xx_tim.o(i.TMR_ForcedOC2Config), (26 bytes).
    Removing at32f4xx_tim.o(i.TMR_ForcedOC3Config), (18 bytes).
    Removing at32f4xx_tim.o(i.TMR_ForcedOC4Config), (26 bytes).
    Removing at32f4xx_tim.o(i.TMR_GenerateEvent), (4 bytes).
    Removing at32f4xx_tim.o(i.TMR_GetCapture1), (6 bytes).
    Removing at32f4xx_tim.o(i.TMR_GetCapture2), (6 bytes).
    Removing at32f4xx_tim.o(i.TMR_GetCapture3), (6 bytes).
    Removing at32f4xx_tim.o(i.TMR_GetCapture4), (6 bytes).
    Removing at32f4xx_tim.o(i.TMR_GetCounter), (6 bytes).
    Removing at32f4xx_tim.o(i.TMR_GetDIV), (6 bytes).
    Removing at32f4xx_tim.o(i.TMR_GetFlagStatus), (18 bytes).
    Removing at32f4xx_tim.o(i.TMR_ICInit), (110 bytes).
    Removing at32f4xx_tim.o(i.TMR_ICStructInit), (18 bytes).
    Removing at32f4xx_tim.o(i.TMR_INTConfig), (18 bytes).
    Removing at32f4xx_tim.o(i.TMR_ITRxExternalClockConfig), (24 bytes).
    Removing at32f4xx_tim.o(i.TMR_InternalClockConfig), (12 bytes).
    Removing at32f4xx_tim.o(i.TMR_OC1FastConfig), (18 bytes).
    Removing at32f4xx_tim.o(i.TMR_OC1Init), (98 bytes).
    Removing at32f4xx_tim.o(i.TMR_OC1NPolarityConfig), (18 bytes).
    Removing at32f4xx_tim.o(i.TMR_OC1PolarityConfig), (18 bytes).
    Removing at32f4xx_tim.o(i.TMR_OC1PreloadConfig), (18 bytes).
    Removing at32f4xx_tim.o(i.TMR_OC2FastConfig), (26 bytes).
    Removing at32f4xx_tim.o(i.TMR_OC2Init), (138 bytes).
    Removing at32f4xx_tim.o(i.TMR_OC2NPolarityConfig), (26 bytes).
    Removing at32f4xx_tim.o(i.TMR_OC2PolarityConfig), (26 bytes).
    Removing at32f4xx_tim.o(i.TMR_OC2PreloadConfig), (26 bytes).
    Removing at32f4xx_tim.o(i.TMR_OC3FastConfig), (18 bytes).
    Removing at32f4xx_tim.o(i.TMR_OC3Init), (134 bytes).
    Removing at32f4xx_tim.o(i.TMR_OC3NPolarityConfig), (26 bytes).
    Removing at32f4xx_tim.o(i.TMR_OC3PolarityConfig), (26 bytes).
    Removing at32f4xx_tim.o(i.TMR_OC3PreloadConfig), (18 bytes).
    Removing at32f4xx_tim.o(i.TMR_OC4FastConfig), (26 bytes).
    Removing at32f4xx_tim.o(i.TMR_OC4Init), (96 bytes).
    Removing at32f4xx_tim.o(i.TMR_OC4PolarityConfig), (26 bytes).
    Removing at32f4xx_tim.o(i.TMR_OC4PreloadConfig), (26 bytes).
    Removing at32f4xx_tim.o(i.TMR_OCStructInit), (20 bytes).
    Removing at32f4xx_tim.o(i.TMR_PWMIConfig), (124 bytes).
    Removing at32f4xx_tim.o(i.TMR_Reset), (316 bytes).
    Removing at32f4xx_tim.o(i.TMR_SelectCCDMA), (24 bytes).
    Removing at32f4xx_tim.o(i.TMR_SelectHALL), (24 bytes).
    Removing at32f4xx_tim.o(i.TMR_SelectHallSensor), (24 bytes).
    Removing at32f4xx_tim.o(i.TMR_SelectInputTrigger), (18 bytes).
    Removing at32f4xx_tim.o(i.TMR_SelectMasterSlaveMode), (18 bytes).
    Removing at32f4xx_tim.o(i.TMR_SelectOCxM), (82 bytes).
    Removing at32f4xx_tim.o(i.TMR_SelectOnePulseMode), (18 bytes).
    Removing at32f4xx_tim.o(i.TMR_SelectOutputTrigger), (18 bytes).
    Removing at32f4xx_tim.o(i.TMR_SelectPlusMode), (56 bytes).
    Removing at32f4xx_tim.o(i.TMR_SelectSlaveMode), (18 bytes).
    Removing at32f4xx_tim.o(i.TMR_SetAutoreload), (4 bytes).
    Removing at32f4xx_tim.o(i.TMR_SetClockDivision), (18 bytes).
    Removing at32f4xx_tim.o(i.TMR_SetCompare1), (4 bytes).
    Removing at32f4xx_tim.o(i.TMR_SetCompare2), (4 bytes).
    Removing at32f4xx_tim.o(i.TMR_SetCompare3), (4 bytes).
    Removing at32f4xx_tim.o(i.TMR_SetCompare4), (4 bytes).
    Removing at32f4xx_tim.o(i.TMR_SetCounter), (4 bytes).
    Removing at32f4xx_tim.o(i.TMR_SetIC1DIV), (18 bytes).
    Removing at32f4xx_tim.o(i.TMR_SetIC2DIV), (26 bytes).
    Removing at32f4xx_tim.o(i.TMR_SetIC3DIV), (18 bytes).
    Removing at32f4xx_tim.o(i.TMR_SetIC4DIV), (26 bytes).
    Removing at32f4xx_tim.o(i.TMR_TIxExternalClockConfig), (62 bytes).
    Removing at32f4xx_tim.o(i.TMR_TimeBaseInit), (104 bytes).
    Removing at32f4xx_tim.o(i.TMR_TimeBaseStructInit), (18 bytes).
    Removing at32f4xx_tim.o(i.TMR_UpdateDisableConfig), (24 bytes).
    Removing at32f4xx_tim.o(i.TMR_UpdateRequestConfig), (24 bytes).
    Removing at32f4xx_usart.o(.rev16_text), (4 bytes).
    Removing at32f4xx_usart.o(.revsh_text), (4 bytes).
    Removing at32f4xx_usart.o(.rrx_text), (6 bytes).
    Removing at32f4xx_usart.o(i.USART_ClearFlag), (18 bytes).
    Removing at32f4xx_usart.o(i.USART_ClearITPendingBit), (30 bytes).
    Removing at32f4xx_usart.o(i.USART_ClockInit), (34 bytes).
    Removing at32f4xx_usart.o(i.USART_ClockStructInit), (12 bytes).
    Removing at32f4xx_usart.o(i.USART_Cmd), (24 bytes).
    Removing at32f4xx_usart.o(i.USART_DMACmd), (18 bytes).
    Removing at32f4xx_usart.o(i.USART_GetFlagStatus), (26 bytes).
    Removing at32f4xx_usart.o(i.USART_GetITStatus), (84 bytes).
    Removing at32f4xx_usart.o(i.USART_HalfDuplexCmd), (24 bytes).
    Removing at32f4xx_usart.o(i.USART_INTConfig), (74 bytes).
    Removing at32f4xx_usart.o(i.USART_Init), (276 bytes).
    Removing at32f4xx_usart.o(i.USART_IrDACmd), (24 bytes).
    Removing at32f4xx_usart.o(i.USART_IrDAConfig), (18 bytes).
    Removing at32f4xx_usart.o(i.USART_LINBreakDetectLengthConfig), (18 bytes).
    Removing at32f4xx_usart.o(i.USART_LINCmd), (24 bytes).
    Removing at32f4xx_usart.o(i.USART_ReceiveData), (10 bytes).
    Removing at32f4xx_usart.o(i.USART_ReceiverWakeUpCmd), (24 bytes).
    Removing at32f4xx_usart.o(i.USART_Reset), (244 bytes).
    Removing at32f4xx_usart.o(i.USART_SendBreak), (10 bytes).
    Removing at32f4xx_usart.o(i.USART_SendData), (8 bytes).
    Removing at32f4xx_usart.o(i.USART_SetAddress), (18 bytes).
    Removing at32f4xx_usart.o(i.USART_SetGuardTime), (16 bytes).
    Removing at32f4xx_usart.o(i.USART_SetPrescaler), (16 bytes).
    Removing at32f4xx_usart.o(i.USART_SmartCardCmd), (24 bytes).
    Removing at32f4xx_usart.o(i.USART_SmartCardNACKCmd), (24 bytes).
    Removing at32f4xx_usart.o(i.USART_StructInit), (24 bytes).
    Removing at32f4xx_usart.o(i.USART_WakeUpConfig), (18 bytes).
    Removing misc.o(.rev16_text), (4 bytes).
    Removing misc.o(.revsh_text), (4 bytes).
    Removing misc.o(.rrx_text), (6 bytes).
    Removing misc.o(i.NVIC_Init), (112 bytes).
    Removing misc.o(i.NVIC_SetVectorTable), (20 bytes).
    Removing misc.o(i.NVIC_SystemLPConfig), (32 bytes).
    Removing misc.o(i.SysTick_CLKSourceConfig), (40 bytes).
    Removing system_at32f4xx.o(.rev16_text), (4 bytes).
    Removing system_at32f4xx.o(.revsh_text), (4 bytes).
    Removing system_at32f4xx.o(.rrx_text), (6 bytes).
    Removing at32f4xx_i2c.o(.rev16_text), (4 bytes).
    Removing at32f4xx_i2c.o(.revsh_text), (4 bytes).
    Removing at32f4xx_i2c.o(.rrx_text), (6 bytes).
    Removing at32f4xx_i2c.o(i.I2C_ARPCmd), (24 bytes).
    Removing at32f4xx_i2c.o(i.I2C_AcknowledgeConfig), (24 bytes).
    Removing at32f4xx_i2c.o(i.I2C_CalculatePEC), (24 bytes).
    Removing at32f4xx_i2c.o(i.I2C_CheckEvent), (42 bytes).
    Removing at32f4xx_i2c.o(i.I2C_ClearFlag), (12 bytes).
    Removing at32f4xx_i2c.o(i.I2C_ClearITPendingBit), (12 bytes).
    Removing at32f4xx_i2c.o(i.I2C_Cmd), (24 bytes).
    Removing at32f4xx_i2c.o(i.I2C_DMACmd), (24 bytes).
    Removing at32f4xx_i2c.o(i.I2C_DMALastTransferCmd), (24 bytes).
    Removing at32f4xx_i2c.o(i.I2C_DeInit), (96 bytes).
    Removing at32f4xx_i2c.o(i.I2C_DualAddressCmd), (24 bytes).
    Removing at32f4xx_i2c.o(i.I2C_FastModeDutyCycleConfig), (28 bytes).
    Removing at32f4xx_i2c.o(i.I2C_GeneralCallCmd), (24 bytes).
    Removing at32f4xx_i2c.o(i.I2C_GenerateSTART), (24 bytes).
    Removing at32f4xx_i2c.o(i.I2C_GenerateSTOP), (24 bytes).
    Removing at32f4xx_i2c.o(i.I2C_GetFlagStatus), (58 bytes).
    Removing at32f4xx_i2c.o(i.I2C_GetINTStatus), (38 bytes).
    Removing at32f4xx_i2c.o(i.I2C_GetLastEvent), (26 bytes).
    Removing at32f4xx_i2c.o(i.I2C_GetPEC), (8 bytes).
    Removing at32f4xx_i2c.o(i.I2C_INTConfig), (18 bytes).
    Removing at32f4xx_i2c.o(i.I2C_Init), (232 bytes).
    Removing at32f4xx_i2c.o(i.I2C_NACKPositionConfig), (28 bytes).
    Removing at32f4xx_i2c.o(i.I2C_OwnAddress2Config), (22 bytes).
    Removing at32f4xx_i2c.o(i.I2C_PECPositionConfig), (28 bytes).
    Removing at32f4xx_i2c.o(i.I2C_ReadRegister), (22 bytes).
    Removing at32f4xx_i2c.o(i.I2C_ReceiveData), (8 bytes).
    Removing at32f4xx_i2c.o(i.I2C_SMBusAlertConfig), (28 bytes).
    Removing at32f4xx_i2c.o(i.I2C_Send7bitAddress), (18 bytes).
    Removing at32f4xx_i2c.o(i.I2C_SendData), (4 bytes).
    Removing at32f4xx_i2c.o(i.I2C_SoftwareResetCmd), (22 bytes).
    Removing at32f4xx_i2c.o(i.I2C_StretchClockCmd), (24 bytes).
    Removing at32f4xx_i2c.o(i.I2C_StructInit), (30 bytes).
    Removing at32f4xx_i2c.o(i.I2C_TransmitPEC), (24 bytes).

538 unused section(s) (total 24505 bytes) removed from the image.

==============================================================================

Image Symbol Table

    Local Symbols

    Symbol Name                              Value     Ov Type        Size  Object(Section)

    ../clib/angel/boardlib.s                 0x00000000   Number         0  boardinit2.o ABSOLUTE
    ../clib/angel/boardlib.s                 0x00000000   Number         0  boardshut.o ABSOLUTE
    ../clib/angel/boardlib.s                 0x00000000   Number         0  boardinit3.o ABSOLUTE
    ../clib/angel/boardlib.s                 0x00000000   Number         0  boardinit1.o ABSOLUTE
    ../clib/angel/handlers.s                 0x00000000   Number         0  __scatter_copy.o ABSOLUTE
    ../clib/angel/handlers.s                 0x00000000   Number         0  __scatter_zi.o ABSOLUTE
    ../clib/angel/kernel.s                   0x00000000   Number         0  __rtentry4.o ABSOLUTE
    ../clib/angel/kernel.s                   0x00000000   Number         0  __rtentry.o ABSOLUTE
    ../clib/angel/kernel.s                   0x00000000   Number         0  __rtentry2.o ABSOLUTE
    ../clib/angel/kernel.s                   0x00000000   Number         0  rtexit.o ABSOLUTE
    ../clib/angel/kernel.s                   0x00000000   Number         0  rtexit2.o ABSOLUTE
    ../clib/angel/rt.s                       0x00000000   Number         0  aeabi_ldiv0.o ABSOLUTE
    ../clib/angel/rt.s                       0x00000000   Number         0  aeabi_ldiv0_sigfpe.o ABSOLUTE
    ../clib/angel/rt.s                       0x00000000   Number         0  rt_div0.o ABSOLUTE
    ../clib/angel/rt.s                       0x00000000   Number         0  rt_raise.o ABSOLUTE
    ../clib/angel/scatter.s                  0x00000000   Number         0  __scatter.o ABSOLUTE
    ../clib/angel/startup.s                  0x00000000   Number         0  __main.o ABSOLUTE
    ../clib/angel/sys.s                      0x00000000   Number         0  indicate_semi.o ABSOLUTE
    ../clib/angel/sys.s                      0x00000000   Number         0  use_no_semi.o ABSOLUTE
    ../clib/angel/sys.s                      0x00000000   Number         0  sys_stackheap_outer.o ABSOLUTE
    ../clib/angel/sys.s                      0x00000000   Number         0  libspace.o ABSOLUTE
    ../clib/angel/sysapp.c                   0x00000000   Number         0  sys_wrch.o ABSOLUTE
    ../clib/angel/sysapp.c                   0x00000000   Number         0  sys_command.o ABSOLUTE
    ../clib/angel/sysapp.c                   0x00000000   Number         0  sys_exit.o ABSOLUTE
    ../clib/armsys.c                         0x00000000   Number         0  no_argv.o ABSOLUTE
    ../clib/armsys.c                         0x00000000   Number         0  argv_veneer.o ABSOLUTE
    ../clib/armsys.c                         0x00000000   Number         0  _get_argv_nomalloc.o ABSOLUTE
    ../clib/armsys.c                         0x00000000   Number         0  argv_veneer.o ABSOLUTE
    ../clib/heapalloc.c                      0x00000000   Number         0  hrguard.o ABSOLUTE
    ../clib/heapaux.c                        0x00000000   Number         0  heapauxi.o ABSOLUTE
    ../clib/libinit.s                        0x00000000   Number         0  libshutdown.o ABSOLUTE
    ../clib/libinit.s                        0x00000000   Number         0  libinit.o ABSOLUTE
    ../clib/libinit.s                        0x00000000   Number         0  libinit2.o ABSOLUTE
    ../clib/libinit.s                        0x00000000   Number         0  libshutdown2.o ABSOLUTE
    ../clib/longlong.s                       0x00000000   Number         0  lludivv7m.o ABSOLUTE
    ../clib/memcpset.s                       0x00000000   Number         0  rt_memcpy_w.o ABSOLUTE
    ../clib/signal.c                         0x00000000   Number         0  defsig_other.o ABSOLUTE
    ../clib/signal.c                         0x00000000   Number         0  defsig_segv_inner.o ABSOLUTE
    ../clib/signal.c                         0x00000000   Number         0  defsig_cppl_inner.o ABSOLUTE
    ../clib/signal.c                         0x00000000   Number         0  defsig_pvfn_inner.o ABSOLUTE
    ../clib/signal.c                         0x00000000   Number         0  defsig_stak_inner.o ABSOLUTE
    ../clib/signal.c                         0x00000000   Number         0  defsig_rtmem_formal.o ABSOLUTE
    ../clib/signal.c                         0x00000000   Number         0  defsig_rtmem_outer.o ABSOLUTE
    ../clib/signal.c                         0x00000000   Number         0  defsig_rtmem_inner.o ABSOLUTE
    ../clib/signal.c                         0x00000000   Number         0  defsig_fpe_outer.o ABSOLUTE
    ../clib/signal.c                         0x00000000   Number         0  defsig_fpe_formal.o ABSOLUTE
    ../clib/signal.c                         0x00000000   Number         0  defsig_abrt_inner.o ABSOLUTE
    ../clib/signal.c                         0x00000000   Number         0  defsig_general.o ABSOLUTE
    ../clib/signal.c                         0x00000000   Number         0  __raise.o ABSOLUTE
    ../clib/signal.c                         0x00000000   Number         0  defsig_rtred_inner.o ABSOLUTE
    ../clib/signal.c                         0x00000000   Number         0  defsig_exit.o ABSOLUTE
    ../clib/signal.c                         0x00000000   Number         0  defsig_fpe_inner.o ABSOLUTE
    ../clib/signal.s                         0x00000000   Number         0  defsig.o ABSOLUTE
    ../clib/stdlib.c                         0x00000000   Number         0  exit.o ABSOLUTE
    ../fplib/fpinit.s                        0x00000000   Number         0  fpinit.o ABSOLUTE
    ArduinoAPI\Arduino.c                     0x00000000   Number         0  arduino.o ABSOLUTE
    ArduinoAPI\\Arduino.c                    0x00000000   Number         0  arduino.o ABSOLUTE
    E:\\keil5_2_4\\ARM\\PACK\\Keil\\AT32F4xx_DFP\\1.3.7\\Device\\StdPeriph_Driver\\src\\at32f4xx_adc.c 0x00000000   Number         0  at32f4xx_adc.o ABSOLUTE
    E:\\keil5_2_4\\ARM\\PACK\\Keil\\AT32F4xx_DFP\\1.3.7\\Device\\StdPeriph_Driver\\src\\at32f4xx_bkp.c 0x00000000   Number         0  at32f4xx_bkp.o ABSOLUTE
    E:\\keil5_2_4\\ARM\\PACK\\Keil\\AT32F4xx_DFP\\1.3.7\\Device\\StdPeriph_Driver\\src\\at32f4xx_dma.c 0x00000000   Number         0  at32f4xx_dma.o ABSOLUTE
    E:\\keil5_2_4\\ARM\\PACK\\Keil\\AT32F4xx_DFP\\1.3.7\\Device\\StdPeriph_Driver\\src\\at32f4xx_exti.c 0x00000000   Number         0  at32f4xx_exti.o ABSOLUTE
    E:\\keil5_2_4\\ARM\\PACK\\Keil\\AT32F4xx_DFP\\1.3.7\\Device\\StdPeriph_Driver\\src\\at32f4xx_flash.c 0x00000000   Number         0  at32f4xx_flash.o ABSOLUTE
    E:\\keil5_2_4\\ARM\\PACK\\Keil\\AT32F4xx_DFP\\1.3.7\\Device\\StdPeriph_Driver\\src\\at32f4xx_gpio.c 0x00000000   Number         0  at32f4xx_gpio.o ABSOLUTE
    E:\\keil5_2_4\\ARM\\PACK\\Keil\\AT32F4xx_DFP\\1.3.7\\Device\\StdPeriph_Driver\\src\\at32f4xx_i2c.c 0x00000000   Number         0  at32f4xx_i2c.o ABSOLUTE
    E:\\keil5_2_4\\ARM\\PACK\\Keil\\AT32F4xx_DFP\\1.3.7\\Device\\StdPeriph_Driver\\src\\at32f4xx_iwdg.c 0x00000000   Number         0  at32f4xx_iwdg.o ABSOLUTE
    E:\\keil5_2_4\\ARM\\PACK\\Keil\\AT32F4xx_DFP\\1.3.7\\Device\\StdPeriph_Driver\\src\\at32f4xx_pwr.c 0x00000000   Number         0  at32f4xx_pwr.o ABSOLUTE
    E:\\keil5_2_4\\ARM\\PACK\\Keil\\AT32F4xx_DFP\\1.3.7\\Device\\StdPeriph_Driver\\src\\at32f4xx_rcc.c 0x00000000   Number         0  at32f4xx_rcc.o ABSOLUTE
    E:\\keil5_2_4\\ARM\\PACK\\Keil\\AT32F4xx_DFP\\1.3.7\\Device\\StdPeriph_Driver\\src\\at32f4xx_rtc.c 0x00000000   Number         0  at32f4xx_rtc.o ABSOLUTE
    E:\\keil5_2_4\\ARM\\PACK\\Keil\\AT32F4xx_DFP\\1.3.7\\Device\\StdPeriph_Driver\\src\\at32f4xx_spi.c 0x00000000   Number         0  at32f4xx_spi.o ABSOLUTE
    E:\\keil5_2_4\\ARM\\PACK\\Keil\\AT32F4xx_DFP\\1.3.7\\Device\\StdPeriph_Driver\\src\\at32f4xx_tim.c 0x00000000   Number         0  at32f4xx_tim.o ABSOLUTE
    E:\\keil5_2_4\\ARM\\PACK\\Keil\\AT32F4xx_DFP\\1.3.7\\Device\\StdPeriph_Driver\\src\\at32f4xx_usart.c 0x00000000   Number         0  at32f4xx_usart.o ABSOLUTE
    E:\\keil5_2_4\\ARM\\PACK\\Keil\\AT32F4xx_DFP\\1.3.7\\Device\\StdPeriph_Driver\\src\\misc.c 0x00000000   Number         0  misc.o ABSOLUTE
    E:\keil5_2_4\ARM\PACK\Keil\AT32F4xx_DFP\1.3.7\Device\StdPeriph_Driver\src\at32f4xx_adc.c 0x00000000   Number         0  at32f4xx_adc.o ABSOLUTE
    E:\keil5_2_4\ARM\PACK\Keil\AT32F4xx_DFP\1.3.7\Device\StdPeriph_Driver\src\at32f4xx_bkp.c 0x00000000   Number         0  at32f4xx_bkp.o ABSOLUTE
    E:\keil5_2_4\ARM\PACK\Keil\AT32F4xx_DFP\1.3.7\Device\StdPeriph_Driver\src\at32f4xx_dma.c 0x00000000   Number         0  at32f4xx_dma.o ABSOLUTE
    E:\keil5_2_4\ARM\PACK\Keil\AT32F4xx_DFP\1.3.7\Device\StdPeriph_Driver\src\at32f4xx_exti.c 0x00000000   Number         0  at32f4xx_exti.o ABSOLUTE
    E:\keil5_2_4\ARM\PACK\Keil\AT32F4xx_DFP\1.3.7\Device\StdPeriph_Driver\src\at32f4xx_flash.c 0x00000000   Number         0  at32f4xx_flash.o ABSOLUTE
    E:\keil5_2_4\ARM\PACK\Keil\AT32F4xx_DFP\1.3.7\Device\StdPeriph_Driver\src\at32f4xx_gpio.c 0x00000000   Number         0  at32f4xx_gpio.o ABSOLUTE
    E:\keil5_2_4\ARM\PACK\Keil\AT32F4xx_DFP\1.3.7\Device\StdPeriph_Driver\src\at32f4xx_i2c.c 0x00000000   Number         0  at32f4xx_i2c.o ABSOLUTE
    E:\keil5_2_4\ARM\PACK\Keil\AT32F4xx_DFP\1.3.7\Device\StdPeriph_Driver\src\at32f4xx_iwdg.c 0x00000000   Number         0  at32f4xx_iwdg.o ABSOLUTE
    E:\keil5_2_4\ARM\PACK\Keil\AT32F4xx_DFP\1.3.7\Device\StdPeriph_Driver\src\at32f4xx_pwr.c 0x00000000   Number         0  at32f4xx_pwr.o ABSOLUTE
    E:\keil5_2_4\ARM\PACK\Keil\AT32F4xx_DFP\1.3.7\Device\StdPeriph_Driver\src\at32f4xx_rcc.c 0x00000000   Number         0  at32f4xx_rcc.o ABSOLUTE
    E:\keil5_2_4\ARM\PACK\Keil\AT32F4xx_DFP\1.3.7\Device\StdPeriph_Driver\src\at32f4xx_rtc.c 0x00000000   Number         0  at32f4xx_rtc.o ABSOLUTE
    E:\keil5_2_4\ARM\PACK\Keil\AT32F4xx_DFP\1.3.7\Device\StdPeriph_Driver\src\at32f4xx_spi.c 0x00000000   Number         0  at32f4xx_spi.o ABSOLUTE
    E:\keil5_2_4\ARM\PACK\Keil\AT32F4xx_DFP\1.3.7\Device\StdPeriph_Driver\src\at32f4xx_tim.c 0x00000000   Number         0  at32f4xx_tim.o ABSOLUTE
    E:\keil5_2_4\ARM\PACK\Keil\AT32F4xx_DFP\1.3.7\Device\StdPeriph_Driver\src\at32f4xx_usart.c 0x00000000   Number         0  at32f4xx_usart.o ABSOLUTE
    E:\keil5_2_4\ARM\PACK\Keil\AT32F4xx_DFP\1.3.7\Device\StdPeriph_Driver\src\misc.c 0x00000000   Number         0  misc.o ABSOLUTE
    Platform\Core\adc.c                      0x00000000   Number         0  adc.o ABSOLUTE
    Platform\Core\delay.c                    0x00000000   Number         0  delay.o ABSOLUTE
    Platform\Core\extend_SRAM.c              0x00000000   Number         0  extend_sram.o ABSOLUTE
    Platform\Core\exti.c                     0x00000000   Number         0  exti.o ABSOLUTE
    Platform\Core\gpio.c                     0x00000000   Number         0  gpio.o ABSOLUTE
    Platform\Core\i2c.c                      0x00000000   Number         0  i2c.o ABSOLUTE
    Platform\Core\mcu_core.c                 0x00000000   Number         0  mcu_core.o ABSOLUTE
    Platform\Core\pwm.c                      0x00000000   Number         0  pwm.o ABSOLUTE
    Platform\Core\rtc.c                      0x00000000   Number         0  rtc.o ABSOLUTE
    Platform\Core\timer.c                    0x00000000   Number         0  timer.o ABSOLUTE
    Platform\Core\wdg.c                      0x00000000   Number         0  wdg.o ABSOLUTE
    Platform\\Core\\adc.c                    0x00000000   Number         0  adc.o ABSOLUTE
    Platform\\Core\\delay.c                  0x00000000   Number         0  delay.o ABSOLUTE
    Platform\\Core\\extend_SRAM.c            0x00000000   Number         0  extend_sram.o ABSOLUTE
    Platform\\Core\\exti.c                   0x00000000   Number         0  exti.o ABSOLUTE
    Platform\\Core\\gpio.c                   0x00000000   Number         0  gpio.o ABSOLUTE
    Platform\\Core\\i2c.c                    0x00000000   Number         0  i2c.o ABSOLUTE
    Platform\\Core\\mcu_core.c               0x00000000   Number         0  mcu_core.o ABSOLUTE
    Platform\\Core\\pwm.c                    0x00000000   Number         0  pwm.o ABSOLUTE
    Platform\\Core\\rtc.c                    0x00000000   Number         0  rtc.o ABSOLUTE
    Platform\\Core\\timer.c                  0x00000000   Number         0  timer.o ABSOLUTE
    Platform\\Core\\wdg.c                    0x00000000   Number         0  wdg.o ABSOLUTE
    RTE\Device\AT32F403ACCU7\startup_at32f403accu7.s 0x00000000   Number         0  startup_at32f403accu7.o ABSOLUTE
    RTE\Device\AT32F403ACCU7\system_at32f4xx.c 0x00000000   Number         0  system_at32f4xx.o ABSOLUTE
    RTE\\Device\\AT32F403ACCU7\\system_at32f4xx.c 0x00000000   Number         0  system_at32f4xx.o ABSOLUTE
    USER\\main.cpp                           0x00000000   Number         0  main.o ABSOLUTE
    USER\main.cpp                            0x00000000   Number         0  main.o ABSOLUTE
    dc.s                                     0x00000000   Number         0  dc.o ABSOLUTE
    RESET                                    0x08000000   Section      380  startup_at32f403accu7.o(RESET)
    !!!main                                  0x0800017c   Section        8  __main.o(!!!main)
    !!!scatter                               0x08000184   Section       52  __scatter.o(!!!scatter)
    !!handler_copy                           0x080001b8   Section       26  __scatter_copy.o(!!handler_copy)
    !!handler_zi                             0x080001d4   Section       28  __scatter_zi.o(!!handler_zi)
    .ARM.Collect$$libinit$$00000000          0x080001f0   Section        2  libinit.o(.ARM.Collect$$libinit$$00000000)
    .ARM.Collect$$libinit$$00000001          0x080001f2   Section        4  libinit2.o(.ARM.Collect$$libinit$$00000001)
    .ARM.Collect$$libinit$$00000004          0x080001f6   Section        0  libinit2.o(.ARM.Collect$$libinit$$00000004)
    .ARM.Collect$$libinit$$0000000A          0x080001f6   Section        0  libinit2.o(.ARM.Collect$$libinit$$0000000A)
    .ARM.Collect$$libinit$$0000000C          0x080001f6   Section        0  libinit2.o(.ARM.Collect$$libinit$$0000000C)
    .ARM.Collect$$libinit$$0000000E          0x080001f6   Section        0  libinit2.o(.ARM.Collect$$libinit$$0000000E)
    .ARM.Collect$$libinit$$00000011          0x080001f6   Section        0  libinit2.o(.ARM.Collect$$libinit$$00000011)
    .ARM.Collect$$libinit$$00000013          0x080001f6   Section        0  libinit2.o(.ARM.Collect$$libinit$$00000013)
    .ARM.Collect$$libinit$$00000015          0x080001f6   Section        0  libinit2.o(.ARM.Collect$$libinit$$00000015)
    .ARM.Collect$$libinit$$00000017          0x080001f6   Section        0  libinit2.o(.ARM.Collect$$libinit$$00000017)
    .ARM.Collect$$libinit$$00000019          0x080001f6   Section        0  libinit2.o(.ARM.Collect$$libinit$$00000019)
    .ARM.Collect$$libinit$$0000001B          0x080001f6   Section        0  libinit2.o(.ARM.Collect$$libinit$$0000001B)
    .ARM.Collect$$libinit$$0000001D          0x080001f6   Section        0  libinit2.o(.ARM.Collect$$libinit$$0000001D)
    .ARM.Collect$$libinit$$0000001F          0x080001f6   Section        0  libinit2.o(.ARM.Collect$$libinit$$0000001F)
    .ARM.Collect$$libinit$$00000021          0x080001f6   Section        0  libinit2.o(.ARM.Collect$$libinit$$00000021)
    .ARM.Collect$$libinit$$00000023          0x080001f6   Section        0  libinit2.o(.ARM.Collect$$libinit$$00000023)
    .ARM.Collect$$libinit$$00000025          0x080001f6   Section        0  libinit2.o(.ARM.Collect$$libinit$$00000025)
    .ARM.Collect$$libinit$$0000002C          0x080001f6   Section        0  libinit2.o(.ARM.Collect$$libinit$$0000002C)
    .ARM.Collect$$libinit$$0000002E          0x080001f6   Section        0  libinit2.o(.ARM.Collect$$libinit$$0000002E)
    .ARM.Collect$$libinit$$00000030          0x080001f6   Section        0  libinit2.o(.ARM.Collect$$libinit$$00000030)
    .ARM.Collect$$libinit$$00000032          0x080001f6   Section        0  libinit2.o(.ARM.Collect$$libinit$$00000032)
    .ARM.Collect$$libinit$$00000033          0x080001f6   Section        2  libinit2.o(.ARM.Collect$$libinit$$00000033)
    .ARM.Collect$$libshutdown$$00000000      0x080001f8   Section        2  libshutdown.o(.ARM.Collect$$libshutdown$$00000000)
    .ARM.Collect$$libshutdown$$00000002      0x080001fa   Section        0  libshutdown2.o(.ARM.Collect$$libshutdown$$00000002)
    .ARM.Collect$$libshutdown$$00000004      0x080001fa   Section        0  libshutdown2.o(.ARM.Collect$$libshutdown$$00000004)
    .ARM.Collect$$libshutdown$$00000007      0x080001fa   Section        0  libshutdown2.o(.ARM.Collect$$libshutdown$$00000007)
    .ARM.Collect$$libshutdown$$0000000A      0x080001fa   Section        0  libshutdown2.o(.ARM.Collect$$libshutdown$$0000000A)
    .ARM.Collect$$libshutdown$$0000000C      0x080001fa   Section        0  libshutdown2.o(.ARM.Collect$$libshutdown$$0000000C)
    .ARM.Collect$$libshutdown$$0000000F      0x080001fa   Section        0  libshutdown2.o(.ARM.Collect$$libshutdown$$0000000F)
    .ARM.Collect$$libshutdown$$00000010      0x080001fa   Section        2  libshutdown2.o(.ARM.Collect$$libshutdown$$00000010)
    .ARM.Collect$$rtentry$$00000000          0x080001fc   Section        0  __rtentry.o(.ARM.Collect$$rtentry$$00000000)
    .ARM.Collect$$rtentry$$00000002          0x080001fc   Section        0  __rtentry2.o(.ARM.Collect$$rtentry$$00000002)
    .ARM.Collect$$rtentry$$00000004          0x080001fc   Section        6  __rtentry4.o(.ARM.Collect$$rtentry$$00000004)
    .ARM.Collect$$rtentry$$00000009          0x08000202   Section        0  __rtentry2.o(.ARM.Collect$$rtentry$$00000009)
    .ARM.Collect$$rtentry$$0000000A          0x08000202   Section        4  __rtentry2.o(.ARM.Collect$$rtentry$$0000000A)
    .ARM.Collect$$rtentry$$0000000C          0x08000206   Section        0  __rtentry2.o(.ARM.Collect$$rtentry$$0000000C)
    .ARM.Collect$$rtentry$$0000000D          0x08000206   Section        8  __rtentry2.o(.ARM.Collect$$rtentry$$0000000D)
    .ARM.Collect$$rtexit$$00000000           0x0800020e   Section        2  rtexit.o(.ARM.Collect$$rtexit$$00000000)
    .ARM.Collect$$rtexit$$00000002           0x08000210   Section        0  rtexit2.o(.ARM.Collect$$rtexit$$00000002)
    .ARM.Collect$$rtexit$$00000003           0x08000210   Section        4  rtexit2.o(.ARM.Collect$$rtexit$$00000003)
    .ARM.Collect$$rtexit$$00000004           0x08000214   Section        6  rtexit2.o(.ARM.Collect$$rtexit$$00000004)
    .text                                    0x0800021c   Section       64  startup_at32f403accu7.o(.text)
    $v0                                      0x0800021c   Number         0  startup_at32f403accu7.o(.text)
    .text                                    0x0800025c   Section        0  heapauxi.o(.text)
    .text                                    0x08000262   Section       74  sys_stackheap_outer.o(.text)
    .text                                    0x080002ac   Section        0  exit.o(.text)
    .text                                    0x080002c0   Section        8  libspace.o(.text)
    .text                                    0x080002c8   Section        0  sys_exit.o(.text)
    .text                                    0x080002d4   Section        2  use_no_semi.o(.text)
    .text                                    0x080002d6   Section        0  indicate_semi.o(.text)
    i.Core_Init                              0x080002d6   Section        0  mcu_core.o(i.Core_Init)
    i.Delay_Init                             0x080002ec   Section        0  delay.o(i.Delay_Init)
    i.EXTI0_IRQHandler                       0x08000338   Section        0  exti.o(i.EXTI0_IRQHandler)
    i.EXTI15_10_IRQHandler                   0x08000360   Section        0  exti.o(i.EXTI15_10_IRQHandler)
    i.EXTI1_IRQHandler                       0x08000434   Section        0  exti.o(i.EXTI1_IRQHandler)
    i.EXTI2_IRQHandler                       0x0800045c   Section        0  exti.o(i.EXTI2_IRQHandler)
    i.EXTI3_IRQHandler                       0x08000484   Section        0  exti.o(i.EXTI3_IRQHandler)
    i.EXTI4_IRQHandler                       0x080004ac   Section        0  exti.o(i.EXTI4_IRQHandler)
    i.EXTI9_5_IRQHandler                     0x080004d4   Section        0  exti.o(i.EXTI9_5_IRQHandler)
    i.EXTI_ClearIntPendingBit                0x0800057c   Section        0  at32f4xx_exti.o(i.EXTI_ClearIntPendingBit)
    i.EXTI_GetIntStatus                      0x08000588   Section        0  at32f4xx_exti.o(i.EXTI_GetIntStatus)
    i.GPIO_JTAG_Disable                      0x080005b0   Section        0  gpio.o(i.GPIO_JTAG_Disable)
    i.GPIO_PinsRemapConfig                   0x080005c4   Section        0  at32f4xx_gpio.o(i.GPIO_PinsRemapConfig)
    i.NVIC_PriorityGroupConfig               0x08000b34   Section        0  misc.o(i.NVIC_PriorityGroupConfig)
    i.RCC_APB2PeriphClockCmd                 0x08000b48   Section        0  at32f4xx_rcc.o(i.RCC_APB2PeriphClockCmd)
    i.SetSysClock                            0x08000b68   Section        0  system_at32f4xx.o(i.SetSysClock)
    SetSysClock                              0x08000b69   Thumb Code     2  system_at32f4xx.o(i.SetSysClock)
    i.SysTick_Handler                        0x08000b6c   Section        0  delay.o(i.SysTick_Handler)
    i.SystemCoreClockUpdate                  0x08000b7c   Section        0  system_at32f4xx.o(i.SystemCoreClockUpdate)
    i.SystemInit                             0x08000ca0   Section        0  system_at32f4xx.o(i.SystemInit)
    i.TMR1_OV_TMR10_IRQHandler               0x08000d24   Section        0  timer.o(i.TMR1_OV_TMR10_IRQHandler)
    i.TMR2_GLOBAL_IRQHandler                 0x08000d78   Section        0  timer.o(i.TMR2_GLOBAL_IRQHandler)
    i.TMR3_GLOBAL_IRQHandler                 0x08000da4   Section        0  timer.o(i.TMR3_GLOBAL_IRQHandler)
    i.TMR4_GLOBAL_IRQHandler                 0x08000dd4   Section        0  timer.o(i.TMR4_GLOBAL_IRQHandler)
    i.TMR5_GLOBAL_IRQHandler                 0x08000e04   Section        0  timer.o(i.TMR5_GLOBAL_IRQHandler)
    i.TMR6_GLOBAL_IRQHandler                 0x08000e34   Section        0  timer.o(i.TMR6_GLOBAL_IRQHandler)
    i.TMR7_GLOBAL_IRQHandler                 0x08000e64   Section        0  timer.o(i.TMR7_GLOBAL_IRQHandler)
    i.TMR8_OV_TMR13_IRQHandler               0x08000e94   Section        0  timer.o(i.TMR8_OV_TMR13_IRQHandler)
    i.TMR_ClearITPendingBit                  0x08000ee8   Section        0  at32f4xx_tim.o(i.TMR_ClearITPendingBit)
    i.TMR_GetINTStatus                       0x08000eee   Section        0  at32f4xx_tim.o(i.TMR_GetINTStatus)
    i.__NVIC_SetPriority                     0x08000f10   Section        0  delay.o(i.__NVIC_SetPriority)
    __NVIC_SetPriority                       0x08000f11   Thumb Code    32  delay.o(i.__NVIC_SetPriority)
    i.main                                   0x08000f38   Section        0  main.o(i.main)
    x$fpl$fpinit                             0x08000f40   Section       10  fpinit.o(x$fpl$fpinit)
    $v0                                      0x08000f40   Number         0  fpinit.o(x$fpl$fpinit)
    .data                                    0x20000000   Section        4  delay.o(.data)
    SystemTickCount                          0x20000000   Data           4  delay.o(.data)
    .data                                    0x20000004   Section       20  system_at32f4xx.o(.data)
    .bss                                     0x20000018   Section       64  exti.o(.bss)
    EXTI_Function                            0x20000018   Data          64  exti.o(.bss)
    .bss                                     0x20000058   Section       60  timer.o(.bss)
    Timer_CallbackFunction                   0x20000058   Data          60  timer.o(.bss)
    .bss                                     0x20000094   Section       96  libspace.o(.bss)
    HEAP                                     0x200000f8   Section      512  startup_at32f403accu7.o(HEAP)
    Heap_Mem                                 0x200000f8   Data         512  startup_at32f403accu7.o(HEAP)
    STACK                                    0x200002f8   Section     1024  startup_at32f403accu7.o(STACK)
    Stack_Mem                                0x200002f8   Data        1024  startup_at32f403accu7.o(STACK)
    __initial_sp                             0x200006f8   Data           0  startup_at32f403accu7.o(STACK)

    Global Symbols

    Symbol Name                              Value     Ov Type        Size  Object(Section)

    BuildAttributes$$THM_ISAv4$E$P$D$K$B$S$7EM$VFPi3$EXTD16$VFPS$VFMA$PE$A:L22UL41UL21$X:L11$S22US41US21$IEEE1$IW$USESV6$~STKCKD$USESV7$~SHL$OSPACE$ROPI$EBA8$UX$STANDARDLIB$REQ8$PRES8$EABIv2 0x00000000   Number         0  anon$$obj.o ABSOLUTE
    __ARM_use_no_argv                        0x00000000   Number         0  main.o ABSOLUTE
    __ARM_exceptions_init                     - Undefined Weak Reference
    __alloca_initialize                       - Undefined Weak Reference
    __arm_preinit_                            - Undefined Weak Reference
    __cpp_initialize__aeabi_                  - Undefined Weak Reference
    __cxa_finalize                            - Undefined Weak Reference
    __rt_locale                               - Undefined Weak Reference
    __sigvec_lookup                           - Undefined Weak Reference
    _atexit_init                              - Undefined Weak Reference
    _call_atexit_fns                          - Undefined Weak Reference
    _clock_init                               - Undefined Weak Reference
    _fp_trap_init                             - Undefined Weak Reference
    _fp_trap_shutdown                         - Undefined Weak Reference
    _get_lc_collate                           - Undefined Weak Reference
    _get_lc_ctype                             - Undefined Weak Reference
    _get_lc_monetary                          - Undefined Weak Reference
    _get_lc_numeric                           - Undefined Weak Reference
    _get_lc_time                              - Undefined Weak Reference
    _getenv_init                              - Undefined Weak Reference
    _handle_redirection                       - Undefined Weak Reference
    _init_alloc                               - Undefined Weak Reference
    _init_user_alloc                          - Undefined Weak Reference
    _initio                                   - Undefined Weak Reference
    _rand_init                                - Undefined Weak Reference
    _signal_finish                            - Undefined Weak Reference
    _signal_init                              - Undefined Weak Reference
    _terminate_alloc                          - Undefined Weak Reference
    _terminate_user_alloc                     - Undefined Weak Reference
    _terminateio                              - Undefined Weak Reference
    __Vectors_Size                           0x0000017c   Number         0  startup_at32f403accu7.o ABSOLUTE
    __Vectors                                0x08000000   Data           4  startup_at32f403accu7.o(RESET)
    __Vectors_End                            0x0800017c   Data           0  startup_at32f403accu7.o(RESET)
    __main                                   0x0800017d   Thumb Code     8  __main.o(!!!main)
    __scatterload                            0x08000185   Thumb Code     0  __scatter.o(!!!scatter)
    __scatterload_rt2                        0x08000185   Thumb Code    44  __scatter.o(!!!scatter)
    __scatterload_rt2_thumb_only             0x08000185   Thumb Code     0  __scatter.o(!!!scatter)
    __scatterload_null                       0x08000193   Thumb Code     0  __scatter.o(!!!scatter)
    __scatterload_copy                       0x080001b9   Thumb Code    26  __scatter_copy.o(!!handler_copy)
    __scatterload_zeroinit                   0x080001d5   Thumb Code    28  __scatter_zi.o(!!handler_zi)
    __rt_lib_init                            0x080001f1   Thumb Code     0  libinit.o(.ARM.Collect$$libinit$$00000000)
    __rt_lib_init_fp_1                       0x080001f3   Thumb Code     0  libinit2.o(.ARM.Collect$$libinit$$00000001)
    __rt_lib_init_alloca_1                   0x080001f7   Thumb Code     0  libinit2.o(.ARM.Collect$$libinit$$0000002E)
    __rt_lib_init_argv_1                     0x080001f7   Thumb Code     0  libinit2.o(.ARM.Collect$$libinit$$0000002C)
    __rt_lib_init_atexit_1                   0x080001f7   Thumb Code     0  libinit2.o(.ARM.Collect$$libinit$$0000001B)
    __rt_lib_init_clock_1                    0x080001f7   Thumb Code     0  libinit2.o(.ARM.Collect$$libinit$$00000021)
    __rt_lib_init_cpp_1                      0x080001f7   Thumb Code     0  libinit2.o(.ARM.Collect$$libinit$$00000032)
    __rt_lib_init_exceptions_1               0x080001f7   Thumb Code     0  libinit2.o(.ARM.Collect$$libinit$$00000030)
    __rt_lib_init_fp_trap_1                  0x080001f7   Thumb Code     0  libinit2.o(.ARM.Collect$$libinit$$0000001F)
    __rt_lib_init_getenv_1                   0x080001f7   Thumb Code     0  libinit2.o(.ARM.Collect$$libinit$$00000023)
    __rt_lib_init_heap_1                     0x080001f7   Thumb Code     0  libinit2.o(.ARM.Collect$$libinit$$0000000A)
    __rt_lib_init_lc_collate_1               0x080001f7   Thumb Code     0  libinit2.o(.ARM.Collect$$libinit$$00000011)
    __rt_lib_init_lc_ctype_1                 0x080001f7   Thumb Code     0  libinit2.o(.ARM.Collect$$libinit$$00000013)
    __rt_lib_init_lc_monetary_1              0x080001f7   Thumb Code     0  libinit2.o(.ARM.Collect$$libinit$$00000015)
    __rt_lib_init_lc_numeric_1               0x080001f7   Thumb Code     0  libinit2.o(.ARM.Collect$$libinit$$00000017)
    __rt_lib_init_lc_time_1                  0x080001f7   Thumb Code     0  libinit2.o(.ARM.Collect$$libinit$$00000019)
    __rt_lib_init_preinit_1                  0x080001f7   Thumb Code     0  libinit2.o(.ARM.Collect$$libinit$$00000004)
    __rt_lib_init_rand_1                     0x080001f7   Thumb Code     0  libinit2.o(.ARM.Collect$$libinit$$0000000E)
    __rt_lib_init_return                     0x080001f7   Thumb Code     0  libinit2.o(.ARM.Collect$$libinit$$00000033)
    __rt_lib_init_signal_1                   0x080001f7   Thumb Code     0  libinit2.o(.ARM.Collect$$libinit$$0000001D)
    __rt_lib_init_stdio_1                    0x080001f7   Thumb Code     0  libinit2.o(.ARM.Collect$$libinit$$00000025)
    __rt_lib_init_user_alloc_1               0x080001f7   Thumb Code     0  libinit2.o(.ARM.Collect$$libinit$$0000000C)
    __rt_lib_shutdown                        0x080001f9   Thumb Code     0  libshutdown.o(.ARM.Collect$$libshutdown$$00000000)
    __rt_lib_shutdown_cpp_1                  0x080001fb   Thumb Code     0  libshutdown2.o(.ARM.Collect$$libshutdown$$00000002)
    __rt_lib_shutdown_fp_trap_1              0x080001fb   Thumb Code     0  libshutdown2.o(.ARM.Collect$$libshutdown$$00000007)
    __rt_lib_shutdown_heap_1                 0x080001fb   Thumb Code     0  libshutdown2.o(.ARM.Collect$$libshutdown$$0000000F)
    __rt_lib_shutdown_return                 0x080001fb   Thumb Code     0  libshutdown2.o(.ARM.Collect$$libshutdown$$00000010)
    __rt_lib_shutdown_signal_1               0x080001fb   Thumb Code     0  libshutdown2.o(.ARM.Collect$$libshutdown$$0000000A)
    __rt_lib_shutdown_stdio_1                0x080001fb   Thumb Code     0  libshutdown2.o(.ARM.Collect$$libshutdown$$00000004)
    __rt_lib_shutdown_user_alloc_1           0x080001fb   Thumb Code     0  libshutdown2.o(.ARM.Collect$$libshutdown$$0000000C)
    __rt_entry                               0x080001fd   Thumb Code     0  __rtentry.o(.ARM.Collect$$rtentry$$00000000)
    __rt_entry_presh_1                       0x080001fd   Thumb Code     0  __rtentry2.o(.ARM.Collect$$rtentry$$00000002)
    __rt_entry_sh                            0x080001fd   Thumb Code     0  __rtentry4.o(.ARM.Collect$$rtentry$$00000004)
    __rt_entry_li                            0x08000203   Thumb Code     0  __rtentry2.o(.ARM.Collect$$rtentry$$0000000A)
    __rt_entry_postsh_1                      0x08000203   Thumb Code     0  __rtentry2.o(.ARM.Collect$$rtentry$$00000009)
    __rt_entry_main                          0x08000207   Thumb Code     0  __rtentry2.o(.ARM.Collect$$rtentry$$0000000D)
    __rt_entry_postli_1                      0x08000207   Thumb Code     0  __rtentry2.o(.ARM.Collect$$rtentry$$0000000C)
    __rt_exit                                0x0800020f   Thumb Code     0  rtexit.o(.ARM.Collect$$rtexit$$00000000)
    __rt_exit_ls                             0x08000211   Thumb Code     0  rtexit2.o(.ARM.Collect$$rtexit$$00000003)
    __rt_exit_prels_1                        0x08000211   Thumb Code     0  rtexit2.o(.ARM.Collect$$rtexit$$00000002)
    __rt_exit_exit                           0x08000215   Thumb Code     0  rtexit2.o(.ARM.Collect$$rtexit$$00000004)
    Reset_Handler                            0x0800021d   Thumb Code     8  startup_at32f403accu7.o(.text)
    NMI_Handler                              0x08000225   Thumb Code     2  startup_at32f403accu7.o(.text)
    HardFault_Handler                        0x08000227   Thumb Code     2  startup_at32f403accu7.o(.text)
    MemManage_Handler                        0x08000229   Thumb Code     2  startup_at32f403accu7.o(.text)
    BusFault_Handler                         0x0800022b   Thumb Code     2  startup_at32f403accu7.o(.text)
    UsageFault_Handler                       0x0800022d   Thumb Code     2  startup_at32f403accu7.o(.text)
    SVC_Handler                              0x0800022f   Thumb Code     2  startup_at32f403accu7.o(.text)
    DebugMon_Handler                         0x08000231   Thumb Code     2  startup_at32f403accu7.o(.text)
    PendSV_Handler                           0x08000233   Thumb Code     2  startup_at32f403accu7.o(.text)
    ACC_IRQHandler                           0x08000237   Thumb Code     0  startup_at32f403accu7.o(.text)
    ADC1_2_IRQHandler                        0x08000237   Thumb Code     0  startup_at32f403accu7.o(.text)
    ADC3_IRQHandler                          0x08000237   Thumb Code     0  startup_at32f403accu7.o(.text)
    CAN1_RX1_IRQHandler                      0x08000237   Thumb Code     0  startup_at32f403accu7.o(.text)
    CAN1_SCE_IRQHandler                      0x08000237   Thumb Code     0  startup_at32f403accu7.o(.text)
    CAN2_RX0_IRQHandler                      0x08000237   Thumb Code     0  startup_at32f403accu7.o(.text)
    CAN2_RX1_IRQHandler                      0x08000237   Thumb Code     0  startup_at32f403accu7.o(.text)
    CAN2_SCE_IRQHandler                      0x08000237   Thumb Code     0  startup_at32f403accu7.o(.text)
    CAN2_TX_IRQHandler                       0x08000237   Thumb Code     0  startup_at32f403accu7.o(.text)
    DMA1_Channel1_IRQHandler                 0x08000237   Thumb Code     0  startup_at32f403accu7.o(.text)
    DMA1_Channel2_IRQHandler                 0x08000237   Thumb Code     0  startup_at32f403accu7.o(.text)
    DMA1_Channel3_IRQHandler                 0x08000237   Thumb Code     0  startup_at32f403accu7.o(.text)
    DMA1_Channel4_IRQHandler                 0x08000237   Thumb Code     0  startup_at32f403accu7.o(.text)
    DMA1_Channel5_IRQHandler                 0x08000237   Thumb Code     0  startup_at32f403accu7.o(.text)
    DMA1_Channel6_IRQHandler                 0x08000237   Thumb Code     0  startup_at32f403accu7.o(.text)
    DMA1_Channel7_IRQHandler                 0x08000237   Thumb Code     0  startup_at32f403accu7.o(.text)
    DMA2_Channel1_IRQHandler                 0x08000237   Thumb Code     0  startup_at32f403accu7.o(.text)
    DMA2_Channel2_IRQHandler                 0x08000237   Thumb Code     0  startup_at32f403accu7.o(.text)
    DMA2_Channel3_IRQHandler                 0x08000237   Thumb Code     0  startup_at32f403accu7.o(.text)
    DMA2_Channel4_5_IRQHandler               0x08000237   Thumb Code     0  startup_at32f403accu7.o(.text)
    DMA2_Channel6_7_IRQHandler               0x08000237   Thumb Code     0  startup_at32f403accu7.o(.text)
    FLASH_IRQHandler                         0x08000237   Thumb Code     0  startup_at32f403accu7.o(.text)
    I2C1_ER_IRQHandler                       0x08000237   Thumb Code     0  startup_at32f403accu7.o(.text)
    I2C1_EV_IRQHandler                       0x08000237   Thumb Code     0  startup_at32f403accu7.o(.text)
    I2C2_ER_IRQHandler                       0x08000237   Thumb Code     0  startup_at32f403accu7.o(.text)
    I2C2_EV_IRQHandler                       0x08000237   Thumb Code     0  startup_at32f403accu7.o(.text)
    I2C3_ER_IRQHandler                       0x08000237   Thumb Code     0  startup_at32f403accu7.o(.text)
    I2C3_EV_IRQHandler                       0x08000237   Thumb Code     0  startup_at32f403accu7.o(.text)
    PVD_IRQHandler                           0x08000237   Thumb Code     0  startup_at32f403accu7.o(.text)
    RCC_IRQHandler                           0x08000237   Thumb Code     0  startup_at32f403accu7.o(.text)
    RTCAlarm_IRQHandler                      0x08000237   Thumb Code     0  startup_at32f403accu7.o(.text)
    RTC_IRQHandler                           0x08000237   Thumb Code     0  startup_at32f403accu7.o(.text)
    SDIO2_IRQHandler                         0x08000237   Thumb Code     0  startup_at32f403accu7.o(.text)
    SPI1_IRQHandler                          0x08000237   Thumb Code     0  startup_at32f403accu7.o(.text)
    SPI2_I2S2EXT_IRQHandler                  0x08000237   Thumb Code     0  startup_at32f403accu7.o(.text)
    SPI3_I2S3EXT_IRQHandler                  0x08000237   Thumb Code     0  startup_at32f403accu7.o(.text)
    SPI4_IRQHandler                          0x08000237   Thumb Code     0  startup_at32f403accu7.o(.text)
    TAMPER_IRQHandler                        0x08000237   Thumb Code     0  startup_at32f403accu7.o(.text)
    TMR1_BRK_TMR9_IRQHandler                 0x08000237   Thumb Code     0  startup_at32f403accu7.o(.text)
    TMR1_CC_IRQHandler                       0x08000237   Thumb Code     0  startup_at32f403accu7.o(.text)
    TMR1_TRG_COM_TMR11_IRQHandler            0x08000237   Thumb Code     0  startup_at32f403accu7.o(.text)
    TMR8_BRK_TMR12_IRQHandler                0x08000237   Thumb Code     0  startup_at32f403accu7.o(.text)
    TMR8_CC_IRQHandler                       0x08000237   Thumb Code     0  startup_at32f403accu7.o(.text)
    TMR8_TRG_COM_TMR14_IRQHandler            0x08000237   Thumb Code     0  startup_at32f403accu7.o(.text)
    UART4_IRQHandler                         0x08000237   Thumb Code     0  startup_at32f403accu7.o(.text)
    UART5_IRQHandler                         0x08000237   Thumb Code     0  startup_at32f403accu7.o(.text)
    UART7_IRQHandler                         0x08000237   Thumb Code     0  startup_at32f403accu7.o(.text)
    USART1_IRQHandler                        0x08000237   Thumb Code     0  startup_at32f403accu7.o(.text)
    USART2_IRQHandler                        0x08000237   Thumb Code     0  startup_at32f403accu7.o(.text)
    USART3_IRQHandler                        0x08000237   Thumb Code     0  startup_at32f403accu7.o(.text)
    USART6_IRQHandler                        0x08000237   Thumb Code     0  startup_at32f403accu7.o(.text)
    USBWakeUp_IRQHandler                     0x08000237   Thumb Code     0  startup_at32f403accu7.o(.text)
    USB_HP_CAN1_TX_IRQHandler                0x08000237   Thumb Code     0  startup_at32f403accu7.o(.text)
    USB_HP_IRQHandler                        0x08000237   Thumb Code     0  startup_at32f403accu7.o(.text)
    USB_LP_CAN1_RX0_IRQHandler               0x08000237   Thumb Code     0  startup_at32f403accu7.o(.text)
    USB_LP_IRQHandler                        0x08000237   Thumb Code     0  startup_at32f403accu7.o(.text)
    WWDG_IRQHandler                          0x08000237   Thumb Code     0  startup_at32f403accu7.o(.text)
    __user_initial_stackheap                 0x08000239   Thumb Code     0  startup_at32f403accu7.o(.text)
    __use_two_region_memory                  0x0800025d   Thumb Code     2  heapauxi.o(.text)
    __rt_heap_escrow$2region                 0x0800025f   Thumb Code     2  heapauxi.o(.text)
    __rt_heap_expand$2region                 0x08000261   Thumb Code     2  heapauxi.o(.text)
    __user_setup_stackheap                   0x08000263   Thumb Code    74  sys_stackheap_outer.o(.text)
    exit                                     0x080002ad   Thumb Code    18  exit.o(.text)
    __user_libspace                          0x080002c1   Thumb Code     8  libspace.o(.text)
    __user_perproc_libspace                  0x080002c1   Thumb Code     0  libspace.o(.text)
    __user_perthread_libspace                0x080002c1   Thumb Code     0  libspace.o(.text)
    _sys_exit                                0x080002c9   Thumb Code     8  sys_exit.o(.text)
    __I$use$semihosting                      0x080002d5   Thumb Code     0  use_no_semi.o(.text)
    __use_no_semihosting_swi                 0x080002d5   Thumb Code     2  use_no_semi.o(.text)
    Core_Init                                0x080002d7   Thumb Code    20  mcu_core.o(i.Core_Init)
    __semihosting_library_function           0x080002d7   Thumb Code     0  indicate_semi.o(.text)
    Delay_Init                               0x080002ed   Thumb Code    70  delay.o(i.Delay_Init)
    EXTI0_IRQHandler                         0x08000339   Thumb Code    34  exti.o(i.EXTI0_IRQHandler)
    EXTI15_10_IRQHandler                     0x08000361   Thumb Code   208  exti.o(i.EXTI15_10_IRQHandler)
    EXTI1_IRQHandler                         0x08000435   Thumb Code    34  exti.o(i.EXTI1_IRQHandler)
    EXTI2_IRQHandler                         0x0800045d   Thumb Code    34  exti.o(i.EXTI2_IRQHandler)
    EXTI3_IRQHandler                         0x08000485   Thumb Code    34  exti.o(i.EXTI3_IRQHandler)
    EXTI4_IRQHandler                         0x080004ad   Thumb Code    34  exti.o(i.EXTI4_IRQHandler)
    EXTI9_5_IRQHandler                       0x080004d5   Thumb Code   162  exti.o(i.EXTI9_5_IRQHandler)
    EXTI_ClearIntPendingBit                  0x0800057d   Thumb Code     6  at32f4xx_exti.o(i.EXTI_ClearIntPendingBit)
    EXTI_GetIntStatus                        0x08000589   Thumb Code    34  at32f4xx_exti.o(i.EXTI_GetIntStatus)
    GPIO_JTAG_Disable                        0x080005b1   Thumb Code    20  gpio.o(i.GPIO_JTAG_Disable)
    GPIO_PinsRemapConfig                     0x080005c5   Thumb Code  1388  at32f4xx_gpio.o(i.GPIO_PinsRemapConfig)
    NVIC_PriorityGroupConfig                 0x08000b35   Thumb Code    10  misc.o(i.NVIC_PriorityGroupConfig)
    RCC_APB2PeriphClockCmd                   0x08000b49   Thumb Code    26  at32f4xx_rcc.o(i.RCC_APB2PeriphClockCmd)
    SysTick_Handler                          0x08000b6d   Thumb Code    12  delay.o(i.SysTick_Handler)
    SystemCoreClockUpdate                    0x08000b7d   Thumb Code   262  system_at32f4xx.o(i.SystemCoreClockUpdate)
    SystemInit                               0x08000ca1   Thumb Code   106  system_at32f4xx.o(i.SystemInit)
    TMR1_OV_TMR10_IRQHandler                 0x08000d25   Thumb Code    72  timer.o(i.TMR1_OV_TMR10_IRQHandler)
    TMR2_GLOBAL_IRQHandler                   0x08000d79   Thumb Code    38  timer.o(i.TMR2_GLOBAL_IRQHandler)
    TMR3_GLOBAL_IRQHandler                   0x08000da5   Thumb Code    38  timer.o(i.TMR3_GLOBAL_IRQHandler)
    TMR4_GLOBAL_IRQHandler                   0x08000dd5   Thumb Code    38  timer.o(i.TMR4_GLOBAL_IRQHandler)
    TMR5_GLOBAL_IRQHandler                   0x08000e05   Thumb Code    38  timer.o(i.TMR5_GLOBAL_IRQHandler)
    TMR6_GLOBAL_IRQHandler                   0x08000e35   Thumb Code    38  timer.o(i.TMR6_GLOBAL_IRQHandler)
    TMR7_GLOBAL_IRQHandler                   0x08000e65   Thumb Code    38  timer.o(i.TMR7_GLOBAL_IRQHandler)
    TMR8_OV_TMR13_IRQHandler                 0x08000e95   Thumb Code    72  timer.o(i.TMR8_OV_TMR13_IRQHandler)
    TMR_ClearITPendingBit                    0x08000ee9   Thumb Code     6  at32f4xx_tim.o(i.TMR_ClearITPendingBit)
    TMR_GetINTStatus                         0x08000eef   Thumb Code    34  at32f4xx_tim.o(i.TMR_GetINTStatus)
    main                                     0x08000f39   Thumb Code     8  main.o(i.main)
    _fp_init                                 0x08000f41   Thumb Code    10  fpinit.o(x$fpl$fpinit)
    __fplib_config_fpu_vfp                   0x08000f49   Thumb Code     0  fpinit.o(x$fpl$fpinit)
    __fplib_config_pureend_doubles           0x08000f49   Thumb Code     0  fpinit.o(x$fpl$fpinit)
    Region$$Table$$Base                      0x08000f4c   Number         0  anon$$obj.o(Region$$Table)
    Region$$Table$$Limit                     0x08000f6c   Number         0  anon$$obj.o(Region$$Table)
    SystemCoreClock                          0x20000004   Data           4  system_at32f4xx.o(.data)
    AHBPscTable                              0x20000008   Data          16  system_at32f4xx.o(.data)
    __libspace_start                         0x20000094   Data          96  libspace.o(.bss)
    __temporary_stack_top$libspace           0x200000f4   Data           0  libspace.o(.bss)



==============================================================================

Memory Map of the image

  Image Entry point : 0x0800017d

  Load Region LR_IROM1 (Base: 0x08000000, Size: 0x00000f84, Max: 0x00040000, ABSOLUTE)

    Execution Region ER_IROM1 (Exec base: 0x08000000, Load base: 0x08000000, Size: 0x00000f6c, Max: 0x00040000, ABSOLUTE)

    Exec Addr    Load Addr    Size         Type   Attr      Idx    E Section Name        Object

    0x08000000   0x08000000   0x0000017c   Data   RO         3488    RESET               startup_at32f403accu7.o
    0x0800017c   0x0800017c   0x00000008   Code   RO         3758  * !!!main             c_w.l(__main.o)
    0x08000184   0x08000184   0x00000034   Code   RO         3925    !!!scatter          c_w.l(__scatter.o)
    0x080001b8   0x080001b8   0x0000001a   Code   RO         3927    !!handler_copy      c_w.l(__scatter_copy.o)
    0x080001d2   0x080001d2   0x00000002   PAD
    0x080001d4   0x080001d4   0x0000001c   Code   RO         3929    !!handler_zi        c_w.l(__scatter_zi.o)
    0x080001f0   0x080001f0   0x00000002   Code   RO         3795    .ARM.Collect$$libinit$$00000000  c_w.l(libinit.o)
    0x080001f2   0x080001f2   0x00000004   Code   RO         3807    .ARM.Collect$$libinit$$00000001  c_w.l(libinit2.o)
    0x080001f6   0x080001f6   0x00000000   Code   RO         3810    .ARM.Collect$$libinit$$00000004  c_w.l(libinit2.o)
    0x080001f6   0x080001f6   0x00000000   Code   RO         3813    .ARM.Collect$$libinit$$0000000A  c_w.l(libinit2.o)
    0x080001f6   0x080001f6   0x00000000   Code   RO         3815    .ARM.Collect$$libinit$$0000000C  c_w.l(libinit2.o)
    0x080001f6   0x080001f6   0x00000000   Code   RO         3817    .ARM.Collect$$libinit$$0000000E  c_w.l(libinit2.o)
    0x080001f6   0x080001f6   0x00000000   Code   RO         3820    .ARM.Collect$$libinit$$00000011  c_w.l(libinit2.o)
    0x080001f6   0x080001f6   0x00000000   Code   RO         3822    .ARM.Collect$$libinit$$00000013  c_w.l(libinit2.o)
    0x080001f6   0x080001f6   0x00000000   Code   RO         3824    .ARM.Collect$$libinit$$00000015  c_w.l(libinit2.o)
    0x080001f6   0x080001f6   0x00000000   Code   RO         3826    .ARM.Collect$$libinit$$00000017  c_w.l(libinit2.o)
    0x080001f6   0x080001f6   0x00000000   Code   RO         3828    .ARM.Collect$$libinit$$00000019  c_w.l(libinit2.o)
    0x080001f6   0x080001f6   0x00000000   Code   RO         3830    .ARM.Collect$$libinit$$0000001B  c_w.l(libinit2.o)
    0x080001f6   0x080001f6   0x00000000   Code   RO         3832    .ARM.Collect$$libinit$$0000001D  c_w.l(libinit2.o)
    0x080001f6   0x080001f6   0x00000000   Code   RO         3834    .ARM.Collect$$libinit$$0000001F  c_w.l(libinit2.o)
    0x080001f6   0x080001f6   0x00000000   Code   RO         3836    .ARM.Collect$$libinit$$00000021  c_w.l(libinit2.o)
    0x080001f6   0x080001f6   0x00000000   Code   RO         3838    .ARM.Collect$$libinit$$00000023  c_w.l(libinit2.o)
    0x080001f6   0x080001f6   0x00000000   Code   RO         3840    .ARM.Collect$$libinit$$00000025  c_w.l(libinit2.o)
    0x080001f6   0x080001f6   0x00000000   Code   RO         3844    .ARM.Collect$$libinit$$0000002C  c_w.l(libinit2.o)
    0x080001f6   0x080001f6   0x00000000   Code   RO         3846    .ARM.Collect$$libinit$$0000002E  c_w.l(libinit2.o)
    0x080001f6   0x080001f6   0x00000000   Code   RO         3848    .ARM.Collect$$libinit$$00000030  c_w.l(libinit2.o)
    0x080001f6   0x080001f6   0x00000000   Code   RO         3850    .ARM.Collect$$libinit$$00000032  c_w.l(libinit2.o)
    0x080001f6   0x080001f6   0x00000002   Code   RO         3851    .ARM.Collect$$libinit$$00000033  c_w.l(libinit2.o)
    0x080001f8   0x080001f8   0x00000002   Code   RO         3882    .ARM.Collect$$libshutdown$$00000000  c_w.l(libshutdown.o)
    0x080001fa   0x080001fa   0x00000000   Code   RO         3908    .ARM.Collect$$libshutdown$$00000002  c_w.l(libshutdown2.o)
    0x080001fa   0x080001fa   0x00000000   Code   RO         3910    .ARM.Collect$$libshutdown$$00000004  c_w.l(libshutdown2.o)
    0x080001fa   0x080001fa   0x00000000   Code   RO         3913    .ARM.Collect$$libshutdown$$00000007  c_w.l(libshutdown2.o)
    0x080001fa   0x080001fa   0x00000000   Code   RO         3916    .ARM.Collect$$libshutdown$$0000000A  c_w.l(libshutdown2.o)
    0x080001fa   0x080001fa   0x00000000   Code   RO         3918    .ARM.Collect$$libshutdown$$0000000C  c_w.l(libshutdown2.o)
    0x080001fa   0x080001fa   0x00000000   Code   RO         3921    .ARM.Collect$$libshutdown$$0000000F  c_w.l(libshutdown2.o)
    0x080001fa   0x080001fa   0x00000002   Code   RO         3922    .ARM.Collect$$libshutdown$$00000010  c_w.l(libshutdown2.o)
    0x080001fc   0x080001fc   0x00000000   Code   RO         3760    .ARM.Collect$$rtentry$$00000000  c_w.l(__rtentry.o)
    0x080001fc   0x080001fc   0x00000000   Code   RO         3766    .ARM.Collect$$rtentry$$00000002  c_w.l(__rtentry2.o)
    0x080001fc   0x080001fc   0x00000006   Code   RO         3778    .ARM.Collect$$rtentry$$00000004  c_w.l(__rtentry4.o)
    0x08000202   0x08000202   0x00000000   Code   RO         3768    .ARM.Collect$$rtentry$$00000009  c_w.l(__rtentry2.o)
    0x08000202   0x08000202   0x00000004   Code   RO         3769    .ARM.Collect$$rtentry$$0000000A  c_w.l(__rtentry2.o)
    0x08000206   0x08000206   0x00000000   Code   RO         3771    .ARM.Collect$$rtentry$$0000000C  c_w.l(__rtentry2.o)
    0x08000206   0x08000206   0x00000008   Code   RO         3772    .ARM.Collect$$rtentry$$0000000D  c_w.l(__rtentry2.o)
    0x0800020e   0x0800020e   0x00000002   Code   RO         3799    .ARM.Collect$$rtexit$$00000000  c_w.l(rtexit.o)
    0x08000210   0x08000210   0x00000000   Code   RO         3855    .ARM.Collect$$rtexit$$00000002  c_w.l(rtexit2.o)
    0x08000210   0x08000210   0x00000004   Code   RO         3856    .ARM.Collect$$rtexit$$00000003  c_w.l(rtexit2.o)
    0x08000214   0x08000214   0x00000006   Code   RO         3857    .ARM.Collect$$rtexit$$00000004  c_w.l(rtexit2.o)
    0x0800021a   0x0800021a   0x00000002   PAD
    0x0800021c   0x0800021c   0x00000040   Code   RO         3489    .text               startup_at32f403accu7.o
    0x0800025c   0x0800025c   0x00000006   Code   RO         3756    .text               c_w.l(heapauxi.o)
    0x08000262   0x08000262   0x0000004a   Code   RO         3782    .text               c_w.l(sys_stackheap_outer.o)
    0x080002ac   0x080002ac   0x00000012   Code   RO         3784    .text               c_w.l(exit.o)
    0x080002be   0x080002be   0x00000002   PAD
    0x080002c0   0x080002c0   0x00000008   Code   RO         3796    .text               c_w.l(libspace.o)
    0x080002c8   0x080002c8   0x0000000c   Code   RO         3852    .text               c_w.l(sys_exit.o)
    0x080002d4   0x080002d4   0x00000002   Code   RO         3871    .text               c_w.l(use_no_semi.o)
    0x080002d6   0x080002d6   0x00000000   Code   RO         3873    .text               c_w.l(indicate_semi.o)
    0x080002d6   0x080002d6   0x00000014   Code   RO          167    i.Core_Init         mcu_core.o
    0x080002ea   0x080002ea   0x00000002   PAD
    0x080002ec   0x080002ec   0x0000004c   Code   RO          327    i.Delay_Init        delay.o
    0x08000338   0x08000338   0x00000028   Code   RO          539    i.EXTI0_IRQHandler  exti.o
    0x08000360   0x08000360   0x000000d4   Code   RO          540    i.EXTI15_10_IRQHandler  exti.o
    0x08000434   0x08000434   0x00000028   Code   RO          541    i.EXTI1_IRQHandler  exti.o
    0x0800045c   0x0800045c   0x00000028   Code   RO          542    i.EXTI2_IRQHandler  exti.o
    0x08000484   0x08000484   0x00000028   Code   RO          543    i.EXTI3_IRQHandler  exti.o
    0x080004ac   0x080004ac   0x00000028   Code   RO          544    i.EXTI4_IRQHandler  exti.o
    0x080004d4   0x080004d4   0x000000a8   Code   RO          545    i.EXTI9_5_IRQHandler  exti.o
    0x0800057c   0x0800057c   0x0000000c   Code   RO         1545    i.EXTI_ClearIntPendingBit  at32f4xx_exti.o
    0x08000588   0x08000588   0x00000028   Code   RO         1548    i.EXTI_GetIntStatus  at32f4xx_exti.o
    0x080005b0   0x080005b0   0x00000014   Code   RO          395    i.GPIO_JTAG_Disable  gpio.o
    0x080005c4   0x080005c4   0x00000570   Code   RO         1907    i.GPIO_PinsRemapConfig  at32f4xx_gpio.o
    0x08000b34   0x08000b34   0x00000014   Code   RO         3442    i.NVIC_PriorityGroupConfig  misc.o
    0x08000b48   0x08000b48   0x00000020   Code   RO         2180    i.RCC_APB2PeriphClockCmd  at32f4xx_rcc.o
    0x08000b68   0x08000b68   0x00000002   Code   RO         3496    i.SetSysClock       system_at32f4xx.o
    0x08000b6a   0x08000b6a   0x00000002   PAD
    0x08000b6c   0x08000b6c   0x00000010   Code   RO          328    i.SysTick_Handler   delay.o
    0x08000b7c   0x08000b7c   0x00000124   Code   RO         3497    i.SystemCoreClockUpdate  system_at32f4xx.o
    0x08000ca0   0x08000ca0   0x00000084   Code   RO         3498    i.SystemInit        system_at32f4xx.o
    0x08000d24   0x08000d24   0x00000054   Code   RO          761    i.TMR1_OV_TMR10_IRQHandler  timer.o
    0x08000d78   0x08000d78   0x0000002c   Code   RO          762    i.TMR2_GLOBAL_IRQHandler  timer.o
    0x08000da4   0x08000da4   0x00000030   Code   RO          763    i.TMR3_GLOBAL_IRQHandler  timer.o
    0x08000dd4   0x08000dd4   0x00000030   Code   RO          764    i.TMR4_GLOBAL_IRQHandler  timer.o
    0x08000e04   0x08000e04   0x00000030   Code   RO          765    i.TMR5_GLOBAL_IRQHandler  timer.o
    0x08000e34   0x08000e34   0x00000030   Code   RO          766    i.TMR6_GLOBAL_IRQHandler  timer.o
    0x08000e64   0x08000e64   0x00000030   Code   RO          767    i.TMR7_GLOBAL_IRQHandler  timer.o
    0x08000e94   0x08000e94   0x00000054   Code   RO          768    i.TMR8_OV_TMR13_IRQHandler  timer.o
    0x08000ee8   0x08000ee8   0x00000006   Code   RO         2706    i.TMR_ClearITPendingBit  at32f4xx_tim.o
    0x08000eee   0x08000eee   0x00000022   Code   RO         2733    i.TMR_GetINTStatus  at32f4xx_tim.o
    0x08000f10   0x08000f10   0x00000028   Code   RO          329    i.__NVIC_SetPriority  delay.o
    0x08000f38   0x08000f38   0x00000008   Code   RO            4    i.main              main.o
    0x08000f40   0x08000f40   0x0000000a   Code   RO         3867    x$fpl$fpinit        fz_wm.l(fpinit.o)
    0x08000f4a   0x08000f4a   0x00000002   PAD
    0x08000f4c   0x08000f4c   0x00000020   Data   RO         3923    Region$$Table       anon$$obj.o


    Execution Region RW_IRAM1 (Exec base: 0x20000000, Load base: 0x08000f6c, Size: 0x000006f8, Max: 0x00038000, ABSOLUTE)

    Exec Addr    Load Addr    Size         Type   Attr      Idx    E Section Name        Object

    0x20000000   0x08000f6c   0x00000004   Data   RW          334    .data               delay.o
    0x20000004   0x08000f70   0x00000014   Data   RW         3499    .data               system_at32f4xx.o
    0x20000018        -       0x00000040   Zero   RW          550    .bss                exti.o
    0x20000058        -       0x0000003c   Zero   RW          783    .bss                timer.o
    0x20000094        -       0x00000060   Zero   RW         3797    .bss                c_w.l(libspace.o)
    0x200000f4   0x08000f84   0x00000004   PAD
    0x200000f8        -       0x00000200   Zero   RW         3487    HEAP                startup_at32f403accu7.o
    0x200002f8        -       0x00000400   Zero   RW         3486    STACK               startup_at32f403accu7.o


==============================================================================

Image component sizes


      Code (inc. data)   RO Data    RW Data    ZI Data      Debug   Object Name

        52         12          0          0          0       1298   at32f4xx_exti.o
      1392         26          0          0          0       2731   at32f4xx_gpio.o
        32          6          0          0          0        653   at32f4xx_rcc.o
        40          0          0          0          0       1999   at32f4xx_tim.o
       132         18          0          4          0      31970   delay.o
       580         40          0          0         64       4475   exti.o
        20          0          0          0          0        512   gpio.o
         8          0          0          0          0       3583   main.o
        20          0          0          0          0     263508   mcu_core.o
        20         10          0          0          0        599   misc.o
        64         26        380          0       1536        888   startup_at32f403accu7.o
       426         56          0         20          0       2611   system_at32f4xx.o
       452         80          0          0         60       5348   timer.o

    ----------------------------------------------------------------------
      3242        274        412         24       1660     320175   Object Totals
         0          0         32          0          0          0   (incl. Generated)
         4          0          0          0          0          0   (incl. Padding)

    ----------------------------------------------------------------------

      Code (inc. data)   RO Data    RW Data    ZI Data      Debug   Library Member Name

         8          0          0          0          0         68   __main.o
         0          0          0          0          0          0   __rtentry.o
        12          0          0          0          0          0   __rtentry2.o
         6          0          0          0          0          0   __rtentry4.o
        52          8          0          0          0          0   __scatter.o
        26          0          0          0          0          0   __scatter_copy.o
        28          0          0          0          0          0   __scatter_zi.o
        18          0          0          0          0         80   exit.o
         6          0          0          0          0        152   heapauxi.o
         0          0          0          0          0          0   indicate_semi.o
         2          0          0          0          0          0   libinit.o
         6          0          0          0          0          0   libinit2.o
         2          0          0          0          0          0   libshutdown.o
         2          0          0          0          0          0   libshutdown2.o
         8          4          0          0         96         68   libspace.o
         2          0          0          0          0          0   rtexit.o
        10          0          0          0          0          0   rtexit2.o
        12          4          0          0          0         68   sys_exit.o
        74          0          0          0          0         80   sys_stackheap_outer.o
         2          0          0          0          0         68   use_no_semi.o
        10          0          0          0          0        116   fpinit.o

    ----------------------------------------------------------------------
       294         16          0          0        100        700   Library Totals
         8          0          0          0          4          0   (incl. Padding)

    ----------------------------------------------------------------------

      Code (inc. data)   RO Data    RW Data    ZI Data      Debug   Library Name

       276         16          0          0         96        584   c_w.l
        10          0          0          0          0        116   fz_wm.l

    ----------------------------------------------------------------------
       294         16          0          0        100        700   Library Totals

    ----------------------------------------------------------------------

==============================================================================


      Code (inc. data)   RO Data    RW Data    ZI Data      Debug   

      3536        290        412         24       1760     318019   Grand Totals
      3536        290        412         24       1760     318019   ELF Image Totals
      3536        290        412         24          0          0   ROM Totals

==============================================================================

    Total RO  Size (Code + RO Data)                 3948 (   3.86kB)
    Total RW  Size (RW Data + ZI Data)              1784 (   1.74kB)
    Total ROM Size (Code + RO Data + RW Data)       3972 (   3.88kB)

==============================================================================

