Component: ARM Compiler 5.06 update 5 (build 528) Tool: armlink [4d35e2]

==============================================================================

Section Cross References

    main.o(i.main) refers to mcu_core.o(i.Core_Init) for Core_Init
    main.o(.ARM.exidx) refers to main.o(i.main) for i.main
    mcu_core.o(i.Core_Init) refers to misc.o(i.NVIC_PriorityGroupConfig) for NVIC_PriorityGroupConfig
    mcu_core.o(i.Core_Init) refers to gpio.o(i.GPIO_JTAG_Disable) for GPIO_JTAG_Disable
    mcu_core.o(i.Core_Init) refers to delay.o(i.Delay_Init) for Delay_Init
    delay.o(i.Delay_Init) refers to system_at32f4xx.o(i.SystemCoreClockUpdate) for SystemCoreClockUpdate
    delay.o(i.Delay_Init) refers to delay.o(i.__NVIC_SetPriority) for __NVIC_SetPriority
    delay.o(i.Delay_Init) refers to system_at32f4xx.o(.data) for SystemCoreClock
    delay.o(i.SysTick_Handler) refers to delay.o(.data) for SystemTickCount
    delay.o(i.delay_ms) refers to delay.o(.data) for SystemTickCount
    delay.o(i.delay_us) refers to system_at32f4xx.o(.data) for SystemCoreClock
    delay.o(i.micros) refers to system_at32f4xx.o(.data) for SystemCoreClock
    delay.o(i.micros) refers to delay.o(.data) for SystemTickCount
    delay.o(i.millis) refers to delay.o(.data) for SystemTickCount
    gpio.o(i.GPIO_GetPinNum) refers to gpio.o(i.GPIO_GetPinSource) for GPIO_GetPinSource
    gpio.o(i.GPIO_GetPinNum) refers to gpio.o(.constdata) for PIN_MAP
    gpio.o(i.GPIO_GetPortNum) refers to rt_memcpy_w.o(.text) for __aeabi_memcpy4
    gpio.o(i.GPIO_GetPortNum) refers to gpio.o(.constdata) for PIN_MAP
    gpio.o(i.GPIO_JTAG_Disable) refers to at32f4xx_rcc.o(i.RCC_APB2PeriphClockCmd) for RCC_APB2PeriphClockCmd
    gpio.o(i.GPIO_JTAG_Disable) refers to at32f4xx_gpio.o(i.GPIO_PinsRemapConfig) for GPIO_PinsRemapConfig
    gpio.o(i.GPIOx_Init) refers to at32f4xx_gpio.o(i.GPIO_StructInit) for GPIO_StructInit
    gpio.o(i.GPIOx_Init) refers to at32f4xx_rcc.o(i.RCC_APB2PeriphClockCmd) for RCC_APB2PeriphClockCmd
    gpio.o(i.GPIOx_Init) refers to at32f4xx_gpio.o(i.GPIO_Init) for GPIO_Init
    at32f4xx_adc.o(i.ADC_Reset) refers to at32f4xx_rcc.o(i.RCC_APB2PeriphResetCmd) for RCC_APB2PeriphResetCmd
    at32f4xx_bkp.o(i.BKP_Reset) refers to at32f4xx_rcc.o(i.RCC_BackupResetCmd) for RCC_BackupResetCmd
    at32f4xx_flash.o(i.FLASH_BootOptConfig) refers to at32f4xx_flash.o(i.FLASH_WaitForProcess) for FLASH_WaitForProcess
    at32f4xx_flash.o(i.FLASH_EnableWriteProtect) refers to at32f4xx_flash.o(i.FLASH_WaitForProcess) for FLASH_WaitForProcess
    at32f4xx_flash.o(i.FLASH_EraseAllPages) refers to at32f4xx_flash.o(i.FLASH_WaitForBank1Process) for FLASH_WaitForBank1Process
    at32f4xx_flash.o(i.FLASH_EraseAllPages) refers to at32f4xx_flash.o(i.FLASH_WaitForBank2Process) for FLASH_WaitForBank2Process
    at32f4xx_flash.o(i.FLASH_EraseBank1AllPages) refers to at32f4xx_flash.o(i.FLASH_WaitForBank1Process) for FLASH_WaitForBank1Process
    at32f4xx_flash.o(i.FLASH_EraseBank2AllPages) refers to at32f4xx_flash.o(i.FLASH_WaitForBank2Process) for FLASH_WaitForBank2Process
    at32f4xx_flash.o(i.FLASH_EraseBank3AllPages) refers to at32f4xx_flash.o(i.FLASH_GetSlibState) for FLASH_GetSlibState
    at32f4xx_flash.o(i.FLASH_EraseBank3AllPages) refers to at32f4xx_flash.o(i.FLASH_WaitForBank3Process) for FLASH_WaitForBank3Process
    at32f4xx_flash.o(i.FLASH_ErasePage) refers to at32f4xx_flash.o(i.FLASH_WaitForBank3Process) for FLASH_WaitForBank3Process
    at32f4xx_flash.o(i.FLASH_ErasePage) refers to at32f4xx_flash.o(i.FLASH_WaitForBank1Process) for FLASH_WaitForBank1Process
    at32f4xx_flash.o(i.FLASH_ErasePage) refers to at32f4xx_flash.o(i.FLASH_WaitForBank2Process) for FLASH_WaitForBank2Process
    at32f4xx_flash.o(i.FLASH_EraseUserOptionBytes) refers to at32f4xx_flash.o(i.FLASH_GetReadProtectStatus) for FLASH_GetReadProtectStatus
    at32f4xx_flash.o(i.FLASH_EraseUserOptionBytes) refers to at32f4xx_flash.o(i.FLASH_WaitForProcess) for FLASH_WaitForProcess
    at32f4xx_flash.o(i.FLASH_ProgramByte) refers to at32f4xx_flash.o(i.FLASH_WaitForBank1Process) for FLASH_WaitForBank1Process
    at32f4xx_flash.o(i.FLASH_ProgramByte) refers to at32f4xx_flash.o(i.FLASH_WaitForBank2Process) for FLASH_WaitForBank2Process
    at32f4xx_flash.o(i.FLASH_ProgramHalfWord) refers to at32f4xx_flash.o(i.FLASH_WaitForBank3Process) for FLASH_WaitForBank3Process
    at32f4xx_flash.o(i.FLASH_ProgramHalfWord) refers to at32f4xx_flash.o(i.FLASH_WaitForBank1Process) for FLASH_WaitForBank1Process
    at32f4xx_flash.o(i.FLASH_ProgramHalfWord) refers to at32f4xx_flash.o(i.FLASH_WaitForBank2Process) for FLASH_WaitForBank2Process
    at32f4xx_flash.o(i.FLASH_ProgramUserOptionByteData) refers to at32f4xx_flash.o(i.FLASH_WaitForProcess) for FLASH_WaitForProcess
    at32f4xx_flash.o(i.FLASH_ProgramWord) refers to at32f4xx_flash.o(i.FLASH_WaitForBank3Process) for FLASH_WaitForBank3Process
[...]
    at32f4xx_tim.o(i.TMR_ICInit) refers to at32f4xx_tim.o(i.TMR_SetIC3DIV) for TMR_SetIC3DIV
    at32f4xx_tim.o(i.TMR_ICInit) refers to at32f4xx_tim.o(i.TI4_Config) for TI4_Config
    at32f4xx_tim.o(i.TMR_ICInit) refers to at32f4xx_tim.o(i.TMR_SetIC4DIV) for TMR_SetIC4DIV
    at32f4xx_tim.o(i.TMR_ITRxExternalClockConfig) refers to at32f4xx_tim.o(i.TMR_SelectInputTrigger) for TMR_SelectInputTrigger
    at32f4xx_tim.o(i.TMR_PWMIConfig) refers to at32f4xx_tim.o(i.TI1_Config) for TI1_Config
    at32f4xx_tim.o(i.TMR_PWMIConfig) refers to at32f4xx_tim.o(i.TMR_SetIC1DIV) for TMR_SetIC1DIV
    at32f4xx_tim.o(i.TMR_PWMIConfig) refers to at32f4xx_tim.o(i.TI2_Config) for TI2_Config
    at32f4xx_tim.o(i.TMR_PWMIConfig) refers to at32f4xx_tim.o(i.TMR_SetIC2DIV) for TMR_SetIC2DIV
    at32f4xx_tim.o(i.TMR_Reset) refers to at32f4xx_rcc.o(i.RCC_APB2PeriphResetCmd) for RCC_APB2PeriphResetCmd
    at32f4xx_tim.o(i.TMR_Reset) refers to at32f4xx_rcc.o(i.RCC_APB1PeriphResetCmd) for RCC_APB1PeriphResetCmd
    at32f4xx_tim.o(i.TMR_TIxExternalClockConfig) refers to at32f4xx_tim.o(i.TI2_Config) for TI2_Config
    at32f4xx_tim.o(i.TMR_TIxExternalClockConfig) refers to at32f4xx_tim.o(i.TI1_Config) for TI1_Config
    at32f4xx_tim.o(i.TMR_TIxExternalClockConfig) refers to at32f4xx_tim.o(i.TMR_SelectInputTrigger) for TMR_SelectInputTrigger
    at32f4xx_usart.o(i.USART_Init) refers to at32f4xx_rcc.o(i.RCC_GetClocksFreq) for RCC_GetClocksFreq
    at32f4xx_usart.o(i.USART_Init) refers to lludivv7m.o(.text) for __aeabi_uldivmod
    at32f4xx_usart.o(i.USART_Reset) refers to at32f4xx_rcc.o(i.RCC_APB2PeriphResetCmd) for RCC_APB2PeriphResetCmd
    at32f4xx_usart.o(i.USART_Reset) refers to at32f4xx_rcc.o(i.RCC_APB1PeriphResetCmd) for RCC_APB1PeriphResetCmd
    startup_at32f403accu7.o(STACK) refers (Special) to heapauxi.o(.text) for __use_two_region_memory
    startup_at32f403accu7.o(HEAP) refers (Special) to heapauxi.o(.text) for __use_two_region_memory
    startup_at32f403accu7.o(RESET) refers (Special) to heapauxi.o(.text) for __use_two_region_memory
    startup_at32f403accu7.o(RESET) refers to startup_at32f403accu7.o(STACK) for __initial_sp
    startup_at32f403accu7.o(RESET) refers to startup_at32f403accu7.o(.text) for Reset_Handler
    startup_at32f403accu7.o(RESET) refers to delay.o(i.SysTick_Handler) for SysTick_Handler
    startup_at32f403accu7.o(.text) refers (Special) to heapauxi.o(.text) for __use_two_region_memory
    startup_at32f403accu7.o(.text) refers to system_at32f4xx.o(i.SystemInit) for SystemInit
    startup_at32f403accu7.o(.text) refers to __main.o(!!!main) for __main
    startup_at32f403accu7.o(.text) refers to startup_at32f403accu7.o(HEAP) for Heap_Mem
    startup_at32f403accu7.o(.text) refers to startup_at32f403accu7.o(STACK) for Stack_Mem
    system_at32f4xx.o(i.SystemCoreClockUpdate) refers to system_at32f4xx.o(.data) for SystemCoreClock
    system_at32f4xx.o(i.SystemInit) refers to system_at32f4xx.o(i.SetSysClock) for SetSysClock
    __main.o(!!!main) refers to __rtentry.o(.ARM.Collect$$rtentry$$00000000) for __rt_entry
    __rtentry.o(.ARM.Collect$$rtentry$$00000000) refers (Special) to __rtentry2.o(.ARM.Collect$$rtentry$$0000000A) for __rt_entry_li
    __rtentry.o(.ARM.Collect$$rtentry$$00000000) refers (Special) to __rtentry2.o(.ARM.Collect$$rtentry$$0000000D) for __rt_entry_main
    __rtentry.o(.ARM.Collect$$rtentry$$00000000) refers (Special) to __rtentry2.o(.ARM.Collect$$rtentry$$0000000C) for __rt_entry_postli_1
    __rtentry.o(.ARM.Collect$$rtentry$$00000000) refers (Special) to __rtentry2.o(.ARM.Collect$$rtentry$$00000009) for __rt_entry_postsh_1
    __rtentry.o(.ARM.Collect$$rtentry$$00000000) refers (Special) to __rtentry2.o(.ARM.Collect$$rtentry$$00000002) for __rt_entry_presh_1
    __rtentry.o(.ARM.Collect$$rtentry$$00000000) refers (Special) to __rtentry4.o(.ARM.Collect$$rtentry$$00000004) for __rt_entry_sh
    aeabi_ldiv0_sigfpe.o(.text) refers to rt_div0.o(.text) for __rt_div0
    __rtentry2.o(.ARM.Collect$$rtentry$$00000008) refers to boardinit2.o(.text) for _platform_post_stackheap_init
    __rtentry2.o(.ARM.Collect$$rtentry$$0000000A) refers to libinit.o(.ARM.Collect$$libinit$$00000000) for __rt_lib_init
    __rtentry2.o(.ARM.Collect$$rtentry$$0000000B) refers to boardinit3.o(.text) for _platform_post_lib_init
    __rtentry2.o(.ARM.Collect$$rtentry$$0000000D) refers to main.o(i.main) for main
    __rtentry2.o(.ARM.Collect$$rtentry$$0000000D) refers to exit.o(.text) for exit
    __rtentry2.o(.ARM.exidx) refers to __rtentry2.o(.ARM.Collect$$rtentry$$00000001) for .ARM.Collect$$rtentry$$00000001
    __rtentry2.o(.ARM.exidx) refers to __rtentry2.o(.ARM.Collect$$rtentry$$00000008) for .ARM.Collect$$rtentry$$00000008
    __rtentry2.o(.ARM.exidx) refers to __rtentry2.o(.ARM.Collect$$rtentry$$0000000A) for .ARM.Collect$$rtentry$$0000000A
    __rtentry2.o(.ARM.exidx) refers to __rtentry2.o(.ARM.Collect$$rtentry$$0000000B) for .ARM.Collect$$rtentry$$0000000B
    __rtentry2.o(.ARM.exidx) refers to __rtentry2.o(.ARM.Collect$$rtentry$$0000000D) for .ARM.Collect$$rtentry$$0000000D
    __rtentry4.o(.ARM.Collect$$rtentry$$00000004) refers to sys_stackheap_outer.o(.text) for __user_setup_stackheap
    __rtentry4.o(.ARM.exidx) refers to __rtentry4.o(.ARM.Collect$$rtentry$$00000004) for .ARM.Collect$$rtentry$$00000004
    rt_div0.o(.text) refers to defsig_fpe_outer.o(.text) for __rt_SIGFPE
    sys_stackheap_outer.o(.text) refers to libspace.o(.text) for __user_perproc_libspace
    sys_stackheap_outer.o(.text) refers to startup_at32f403accu7.o(.text) for __user_initial_stackheap
    exit.o(.text) refers to rtexit.o(.ARM.Collect$$rtexit$$00000000) for __rt_exit
    defsig_fpe_outer.o(.text) refers to defsig_fpe_inner.o(.text) for __rt_SIGFPE_inner
    defsig_fpe_outer.o(.text) refers to defsig_exit.o(.text) for __sig_exit
    defsig_fpe_formal.o(.text) refers to rt_raise.o(.text) for __rt_raise
    libinit.o(.ARM.Collect$$libinit$$00000000) refers (Special) to libinit2.o(.ARM.Collect$$libinit$$0000002E) for __rt_lib_init_alloca_1
    libinit.o(.ARM.Collect$$libinit$$00000000) refers (Special) to libinit2.o(.ARM.Collect$$libinit$$0000002C) for __rt_lib_init_argv_1
    libinit.o(.ARM.Collect$$libinit$$00000000) refers (Special) to libinit2.o(.ARM.Collect$$libinit$$0000001B) for __rt_lib_init_atexit_1
    libinit.o(.ARM.Collect$$libinit$$00000000) refers (Special) to libinit2.o(.ARM.Collect$$libinit$$00000021) for __rt_lib_init_clock_1
    libinit.o(.ARM.Collect$$libinit$$00000000) refers (Special) to libinit2.o(.ARM.Collect$$libinit$$00000032) for __rt_lib_init_cpp_1
    libinit.o(.ARM.Collect$$libinit$$00000000) refers (Special) to libinit2.o(.ARM.Collect$$libinit$$00000030) for __rt_lib_init_exceptions_1
    libinit.o(.ARM.Collect$$libinit$$00000000) refers (Special) to libinit2.o(.ARM.Collect$$libinit$$00000001) for __rt_lib_init_fp_1
    libinit.o(.ARM.Collect$$libinit$$00000000) refers (Special) to libinit2.o(.ARM.Collect$$libinit$$0000001F) for __rt_lib_init_fp_trap_1
    libinit.o(.ARM.Collect$$libinit$$00000000) refers (Special) to libinit2.o(.ARM.Collect$$libinit$$00000023) for __rt_lib_init_getenv_1
    libinit.o(.ARM.Collect$$libinit$$00000000) refers (Special) to libinit2.o(.ARM.Collect$$libinit$$0000000A) for __rt_lib_init_heap_1
    libinit.o(.ARM.Collect$$libinit$$00000000) refers (Special) to libinit2.o(.ARM.Collect$$libinit$$00000011) for __rt_lib_init_lc_collate_1
    libinit.o(.ARM.Collect$$libinit$$00000000) refers (Special) to libinit2.o(.ARM.Collect$$libinit$$00000013) for __rt_lib_init_lc_ctype_1
    libinit.o(.ARM.Collect$$libinit$$00000000) refers (Special) to libinit2.o(.ARM.Collect$$libinit$$00000015) for __rt_lib_init_lc_monetary_1
    libinit.o(.ARM.Collect$$libinit$$00000000) refers (Special) to libinit2.o(.ARM.Collect$$libinit$$00000017) for __rt_lib_init_lc_numeric_1
    libinit.o(.ARM.Collect$$libinit$$00000000) refers (Special) to libinit2.o(.ARM.Collect$$libinit$$00000019) for __rt_lib_init_lc_time_1
    libinit.o(.ARM.Collect$$libinit$$00000000) refers (Special) to libinit2.o(.ARM.Collect$$libinit$$00000004) for __rt_lib_init_preinit_1
    libinit.o(.ARM.Collect$$libinit$$00000000) refers (Special) to libinit2.o(.ARM.Collect$$libinit$$0000000E) for __rt_lib_init_rand_1
    libinit.o(.ARM.Collect$$libinit$$00000000) refers (Special) to libinit2.o(.ARM.Collect$$libinit$$00000033) for __rt_lib_init_return
    libinit.o(.ARM.Collect$$libinit$$00000000) refers (Special) to libinit2.o(.ARM.Collect$$libinit$$0000001D) for __rt_lib_init_signal_1
    libinit.o(.ARM.Collect$$libinit$$00000000) refers (Special) to libinit2.o(.ARM.Collect$$libinit$$00000025) for __rt_lib_init_stdio_1
    libinit.o(.ARM.Collect$$libinit$$00000000) refers (Special) to libinit2.o(.ARM.Collect$$libinit$$0000000C) for __rt_lib_init_user_alloc_1
    libspace.o(.text) refers to libspace.o(.bss) for __libspace_start
    rtexit.o(.ARM.Collect$$rtexit$$00000000) refers (Special) to rtexit2.o(.ARM.Collect$$rtexit$$00000004) for __rt_exit_exit
    rtexit.o(.ARM.Collect$$rtexit$$00000000) refers (Special) to rtexit2.o(.ARM.Collect$$rtexit$$00000003) for __rt_exit_ls
    rtexit.o(.ARM.Collect$$rtexit$$00000000) refers (Special) to rtexit2.o(.ARM.Collect$$rtexit$$00000002) for __rt_exit_prels_1
    rtexit.o(.ARM.exidx) refers (Special) to rtexit2.o(.ARM.Collect$$rtexit$$00000004) for __rt_exit_exit
    rtexit.o(.ARM.exidx) refers (Special) to rtexit2.o(.ARM.Collect$$rtexit$$00000003) for __rt_exit_ls
    rtexit.o(.ARM.exidx) refers (Special) to rtexit2.o(.ARM.Collect$$rtexit$$00000002) for __rt_exit_prels_1
    rtexit.o(.ARM.exidx) refers to rtexit.o(.ARM.Collect$$rtexit$$00000000) for .ARM.Collect$$rtexit$$00000000
    rt_raise.o(.text) refers to __raise.o(.text) for __raise
    rt_raise.o(.text) refers to sys_exit.o(.text) for _sys_exit
    defsig_exit.o(.text) refers to sys_exit.o(.text) for _sys_exit
    defsig_fpe_inner.o(.text) refers to defsig_general.o(.text) for __default_signal_display
    libinit2.o(.ARM.Collect$$libinit$$00000001) refers to fpinit.o(x$fpl$fpinit) for _fp_init
    libinit2.o(.ARM.Collect$$libinit$$00000010) refers to libinit2.o(.ARM.Collect$$libinit$$0000000F) for .ARM.Collect$$libinit$$0000000F
    libinit2.o(.ARM.Collect$$libinit$$00000012) refers to libinit2.o(.ARM.Collect$$libinit$$0000000F) for .ARM.Collect$$libinit$$0000000F
    libinit2.o(.ARM.Collect$$libinit$$00000014) refers to libinit2.o(.ARM.Collect$$libinit$$0000000F) for .ARM.Collect$$libinit$$0000000F
    libinit2.o(.ARM.Collect$$libinit$$00000016) refers to libinit2.o(.ARM.Collect$$libinit$$0000000F) for .ARM.Collect$$libinit$$0000000F
    libinit2.o(.ARM.Collect$$libinit$$00000018) refers to libinit2.o(.ARM.Collect$$libinit$$0000000F) for .ARM.Collect$$libinit$$0000000F
    libinit2.o(.ARM.Collect$$libinit$$00000026) refers to argv_veneer.o(.emb_text) for __ARM_argv_veneer
    libinit2.o(.ARM.Collect$$libinit$$00000027) refers to argv_veneer.o(.emb_text) for __ARM_argv_veneer
    sys_exit.o(.text) refers (Special) to use_no_semi.o(.text) for __I$use$semihosting
    sys_exit.o(.text) refers (Special) to indicate_semi.o(.text) for __semihosting_library_function
    rtexit2.o(.ARM.Collect$$rtexit$$00000003) refers to libshutdown.o(.ARM.Collect$$libshutdown$$00000000) for __rt_lib_shutdown
    rtexit2.o(.ARM.Collect$$rtexit$$00000004) refers to sys_exit.o(.text) for _sys_exit
    rtexit2.o(.ARM.exidx) refers to rtexit2.o(.ARM.Collect$$rtexit$$00000001) for .ARM.Collect$$rtexit$$00000001
    rtexit2.o(.ARM.exidx) refers to rtexit2.o(.ARM.Collect$$rtexit$$00000003) for .ARM.Collect$$rtexit$$00000003
    rtexit2.o(.ARM.exidx) refers to rtexit2.o(.ARM.Collect$$rtexit$$00000004) for .ARM.Collect$$rtexit$$00000004
    __raise.o(.text) refers to defsig.o(CL$$defsig) for __default_signal_handler
    defsig_general.o(.text) refers to sys_wrch.o(.text) for _ttywrch
    argv_veneer.o(.emb_text) refers to no_argv.o(.text) for __ARM_get_argv
    sys_wrch.o(.text) refers (Special) to use_no_semi.o(.text) for __I$use$semihosting
    sys_wrch.o(.text) refers (Special) to indicate_semi.o(.text) for __semihosting_library_function
    defsig.o(CL$$defsig) refers to defsig_fpe_inner.o(.text) for __rt_SIGFPE_inner
    defsig.o(CL$$defsig) refers to defsig_rtmem_inner.o(.text) for __rt_SIGRTMEM_inner
    _get_argv_nomalloc.o(.text) refers (Special) to hrguard.o(.text) for __heap_region$guard
    _get_argv_nomalloc.o(.text) refers to defsig_rtmem_outer.o(.text) for __rt_SIGRTMEM
    _get_argv_nomalloc.o(.text) refers to sys_command.o(.text) for _sys_command_string
    libshutdown.o(.ARM.Collect$$libshutdown$$00000000) refers (Special) to libshutdown2.o(.ARM.Collect$$libshutdown$$00000002) for __rt_lib_shutdown_cpp_1
    libshutdown.o(.ARM.Collect$$libshutdown$$00000000) refers (Special) to libshutdown2.o(.ARM.Collect$$libshutdown$$00000007) for __rt_lib_shutdown_fp_trap_1
    libshutdown.o(.ARM.Collect$$libshutdown$$00000000) refers (Special) to libshutdown2.o(.ARM.Collect$$libshutdown$$0000000F) for __rt_lib_shutdown_heap_1
    libshutdown.o(.ARM.Collect$$libshutdown$$00000000) refers (Special) to libshutdown2.o(.ARM.Collect$$libshutdown$$00000010) for __rt_lib_shutdown_return
    libshutdown.o(.ARM.Collect$$libshutdown$$00000000) refers (Special) to libshutdown2.o(.ARM.Collect$$libshutdown$$0000000A) for __rt_lib_shutdown_signal_1
    libshutdown.o(.ARM.Collect$$libshutdown$$00000000) refers (Special) to libshutdown2.o(.ARM.Collect$$libshutdown$$00000004) for __rt_lib_shutdown_stdio_1
    libshutdown.o(.ARM.Collect$$libshutdown$$00000000) refers (Special) to libshutdown2.o(.ARM.Collect$$libshutdown$$0000000C) for __rt_lib_shutdown_user_alloc_1
    sys_command.o(.text) refers (Special) to use_no_semi.o(.text) for __I$use$semihosting
    sys_command.o(.text) refers (Special) to indicate_semi.o(.text) for __semihosting_library_function
    defsig_abrt_inner.o(.text) refers to defsig_general.o(.text) for __default_signal_display
    defsig_rtred_inner.o(.text) refers to defsig_general.o(.text) for __default_signal_display
    defsig_rtmem_inner.o(.text) refers to defsig_general.o(.text) for __default_signal_display
    defsig_rtmem_outer.o(.text) refers to defsig_rtmem_inner.o(.text) for __rt_SIGRTMEM_inner
    defsig_rtmem_outer.o(.text) refers to defsig_exit.o(.text) for __sig_exit
    defsig_rtmem_formal.o(.text) refers to rt_raise.o(.text) for __rt_raise
    defsig_stak_inner.o(.text) refers to defsig_general.o(.text) for __default_signal_display
    defsig_pvfn_inner.o(.text) refers to defsig_general.o(.text) for __default_signal_display
    defsig_cppl_inner.o(.text) refers to defsig_general.o(.text) for __default_signal_display
    defsig_segv_inner.o(.text) refers to defsig_general.o(.text) for __default_signal_display
    defsig_other.o(.text) refers to defsig_general.o(.text) for __default_signal_display


==============================================================================

Removing Unused input sections from the image.

    Removing main.o(.rev16_text), (4 bytes).
    Removing main.o(.revsh_text), (4 bytes).
    Removing main.o(.rrx_text), (6 bytes).
    Removing main.o(.ARM.exidx), (8 bytes).
    Removing mcu_core.o(.rev16_text), (4 bytes).
    Removing mcu_core.o(.revsh_text), (4 bytes).
    Removing mcu_core.o(.rrx_text), (6 bytes).
    Removing delay.o(.rev16_text), (4 bytes).
    Removing delay.o(.revsh_text), (4 bytes).
    Removing delay.o(.rrx_text), (6 bytes).
    Removing delay.o(i.delay_ms), (24 bytes).
    Removing delay.o(i.delay_us), (84 bytes).
    Removing delay.o(i.micros), (64 bytes).
    Removing delay.o(i.millis), (12 bytes).
    Removing gpio.o(.rev16_text), (4 bytes).
    Removing gpio.o(.revsh_text), (4 bytes).
    Removing gpio.o(.rrx_text), (6 bytes).
    Removing gpio.o(i.GPIO_GetPinNum), (24 bytes).
    Removing gpio.o(i.GPIO_GetPinSource), (18 bytes).
    Removing gpio.o(i.GPIO_GetPortNum), (68 bytes).
    Removing gpio.o(i.GPIOx_Init), (188 bytes).
    Removing gpio.o(.constdata), (1300 bytes).
    Removing at32f4xx_adc.o(.rev16_text), (4 bytes).
    Removing at32f4xx_adc.o(.revsh_text), (4 bytes).
    Removing at32f4xx_adc.o(.rrx_text), (6 bytes).
    Removing at32f4xx_adc.o(i.ADC_AnalogWDGCtrl), (20 bytes).
    Removing at32f4xx_adc.o(i.ADC_AnalogWDGSingleChannelConfig), (16 bytes).
    Removing at32f4xx_adc.o(i.ADC_AnalogWDGThresholdsConfig), (6 bytes).
    Removing at32f4xx_adc.o(i.ADC_AutoInjectedConvCtrl), (22 bytes).
    Removing at32f4xx_adc.o(i.ADC_ClearFlag), (6 bytes).
    Removing at32f4xx_adc.o(i.ADC_ClearINTPendingBit), (10 bytes).
    Removing at32f4xx_adc.o(i.ADC_Ctrl), (22 bytes).
    Removing at32f4xx_adc.o(i.ADC_DMACtrl), (22 bytes).
    Removing at32f4xx_adc.o(i.ADC_DiscModeChannelCountConfig), (24 bytes).
    Removing at32f4xx_adc.o(i.ADC_DiscModeCtrl), (22 bytes).
    Removing at32f4xx_adc.o(i.ADC_ExternalTrigConvCtrl), (22 bytes).
    Removing at32f4xx_adc.o(i.ADC_ExternalTrigInjectedConvConfig), (20 bytes).
    Removing at32f4xx_adc.o(i.ADC_ExternalTrigInjectedConvCtrl), (22 bytes).
    Removing at32f4xx_adc.o(i.ADC_GetCalibrationStatus), (20 bytes).
    Removing at32f4xx_adc.o(i.ADC_GetConversionValue), (8 bytes).
    Removing at32f4xx_adc.o(i.ADC_GetDualModeConversionValue), (12 bytes).
    Removing at32f4xx_adc.o(i.ADC_GetFlagStatus), (18 bytes).
    Removing at32f4xx_adc.o(i.ADC_GetINTStatus), (36 bytes).
    Removing at32f4xx_adc.o(i.ADC_GetInjectedConversionValue), (28 bytes).
    Removing at32f4xx_adc.o(i.ADC_GetResetCalibrationStatus), (20 bytes).
    Removing at32f4xx_adc.o(i.ADC_GetSoftwareStartConvStatus), (20 bytes).
    Removing at32f4xx_adc.o(i.ADC_GetSoftwareStartInjectedConvCtrlStatus), (20 bytes).
    Removing at32f4xx_adc.o(i.ADC_INTConfig), (24 bytes).
    Removing at32f4xx_adc.o(i.ADC_Init), (80 bytes).
    Removing at32f4xx_adc.o(i.ADC_InjectedChannelConfig), (130 bytes).
    Removing at32f4xx_adc.o(i.ADC_InjectedDiscModeCtrl), (22 bytes).
    Removing at32f4xx_adc.o(i.ADC_InjectedSequencerLengthConfig), (24 bytes).
    Removing at32f4xx_adc.o(i.ADC_RegularChannelConfig), (184 bytes).
    Removing at32f4xx_adc.o(i.ADC_Reset), (92 bytes).
    Removing at32f4xx_adc.o(i.ADC_RstCalibration), (10 bytes).
    Removing at32f4xx_adc.o(i.ADC_SetInjectedOffset), (20 bytes).
    Removing at32f4xx_adc.o(i.ADC_SoftwareStartConvCtrl), (22 bytes).
    Removing at32f4xx_adc.o(i.ADC_SoftwareStartInjectedConvCtrl), (22 bytes).
    Removing at32f4xx_adc.o(i.ADC_StartCalibration), (10 bytes).
    Removing at32f4xx_adc.o(i.ADC_StructInit), (18 bytes).
    Removing at32f4xx_adc.o(i.ADC_TempSensorVrefintCtrl), (36 bytes).
    Removing at32f4xx_bkp.o(.rev16_text), (4 bytes).
    Removing at32f4xx_bkp.o(.revsh_text), (4 bytes).
    Removing at32f4xx_bkp.o(.rrx_text), (6 bytes).
    Removing at32f4xx_bkp.o(i.BKP_ClearFlag), (20 bytes).
    Removing at32f4xx_bkp.o(i.BKP_ClearIntPendingBit), (20 bytes).
    Removing at32f4xx_bkp.o(i.BKP_GetFlagStatus), (12 bytes).
    Removing at32f4xx_bkp.o(i.BKP_GetIntStatus), (12 bytes).
    Removing at32f4xx_bkp.o(i.BKP_IntConfig), (12 bytes).
    Removing at32f4xx_bkp.o(i.BKP_RTCOutputConfig), (28 bytes).
    Removing at32f4xx_bkp.o(i.BKP_ReadBackupReg), (28 bytes).
    Removing at32f4xx_bkp.o(i.BKP_Reset), (16 bytes).
    Removing at32f4xx_bkp.o(i.BKP_SetRTCCalValue), (28 bytes).
    Removing at32f4xx_bkp.o(i.BKP_TamperPinCmd), (12 bytes).
    Removing at32f4xx_bkp.o(i.BKP_TamperPinLvConfig), (12 bytes).
    Removing at32f4xx_bkp.o(i.BKP_WriteBackupReg), (28 bytes).
    Removing at32f4xx_dma.o(.rev16_text), (4 bytes).
    Removing at32f4xx_dma.o(.revsh_text), (4 bytes).
    Removing at32f4xx_dma.o(.rrx_text), (6 bytes).
    Removing at32f4xx_dma.o(i.DMA_ChannelEnable), (24 bytes).
    Removing at32f4xx_dma.o(i.DMA_ClearFlag), (28 bytes).
    Removing at32f4xx_dma.o(i.DMA_ClearITPendingBit), (28 bytes).
    Removing at32f4xx_dma.o(i.DMA_DefaultInitParaConfig), (26 bytes).
    Removing at32f4xx_dma.o(i.DMA_Flexible_Config), (210 bytes).
    Removing at32f4xx_dma.o(i.DMA_GetCurrDataCounter), (8 bytes).
    Removing at32f4xx_dma.o(i.DMA_GetFlagStatus), (44 bytes).
    Removing at32f4xx_dma.o(i.DMA_GetITStatus), (44 bytes).
    Removing at32f4xx_dma.o(i.DMA_INTConfig), (18 bytes).
    Removing at32f4xx_dma.o(i.DMA_Init), (60 bytes).
    Removing at32f4xx_dma.o(i.DMA_Reset), (332 bytes).
    Removing at32f4xx_dma.o(i.DMA_SetCurrDataCounter), (4 bytes).
    Removing at32f4xx_exti.o(.rev16_text), (4 bytes).
    Removing at32f4xx_exti.o(.revsh_text), (4 bytes).
    Removing at32f4xx_exti.o(.rrx_text), (6 bytes).
    Removing at32f4xx_exti.o(i.EXTI_ClearFlag), (12 bytes).
    Removing at32f4xx_exti.o(i.EXTI_ClearIntPendingBit), (12 bytes).
    Removing at32f4xx_exti.o(i.EXTI_GenerateSWInt), (16 bytes).
    Removing at32f4xx_exti.o(i.EXTI_GetFlagStatus), (24 bytes).
    Removing at32f4xx_exti.o(i.EXTI_GetIntStatus), (40 bytes).
    Removing at32f4xx_exti.o(i.EXTI_Init), (148 bytes).
    Removing at32f4xx_exti.o(i.EXTI_Reset), (36 bytes).
    Removing at32f4xx_exti.o(i.EXTI_StructInit), (16 bytes).
    Removing at32f4xx_flash.o(.rev16_text), (4 bytes).
    Removing at32f4xx_flash.o(.revsh_text), (4 bytes).
    Removing at32f4xx_flash.o(.rrx_text), (6 bytes).
    Removing at32f4xx_flash.o(i.FLASH_Bank3EncEndAddrConfig), (152 bytes).
    Removing at32f4xx_flash.o(i.FLASH_BootOptConfig), (120 bytes).
    Removing at32f4xx_flash.o(i.FLASH_ClearFlag), (40 bytes).
    Removing at32f4xx_flash.o(i.FLASH_EnableWriteProtect), (204 bytes).
    Removing at32f4xx_flash.o(i.FLASH_EraseAllPages), (112 bytes).
    Removing at32f4xx_flash.o(i.FLASH_EraseBank1AllPages), (68 bytes).
    Removing at32f4xx_flash.o(i.FLASH_EraseBank2AllPages), (68 bytes).
    Removing at32f4xx_flash.o(i.FLASH_EraseBank3AllPages), (96 bytes).
    Removing at32f4xx_flash.o(i.FLASH_ErasePage), (252 bytes).
    Removing at32f4xx_flash.o(i.FLASH_EraseUserOptionBytes), (160 bytes).
    Removing at32f4xx_flash.o(i.FLASH_GetBank1Status), (52 bytes).
    Removing at32f4xx_flash.o(i.FLASH_GetBank2Status), (52 bytes).
    Removing at32f4xx_flash.o(i.FLASH_GetBank3Status), (52 bytes).
    Removing at32f4xx_flash.o(i.FLASH_GetFlagStatus), (92 bytes).
    Removing at32f4xx_flash.o(i.FLASH_GetReadProtectStatus), (24 bytes).
    Removing at32f4xx_flash.o(i.FLASH_GetSlibCurCnt), (16 bytes).
    Removing at32f4xx_flash.o(i.FLASH_GetSlibDataStartPage), (16 bytes).
    Removing at32f4xx_flash.o(i.FLASH_GetSlibEndPage), (12 bytes).
    Removing at32f4xx_flash.o(i.FLASH_GetSlibInstrStartPage), (16 bytes).
    Removing at32f4xx_flash.o(i.FLASH_GetSlibStartPage), (16 bytes).
    Removing at32f4xx_flash.o(i.FLASH_GetSlibState), (24 bytes).
    Removing at32f4xx_flash.o(i.FLASH_GetStatus), (52 bytes).
    Removing at32f4xx_flash.o(i.FLASH_GetUserOptionByte), (12 bytes).
    Removing at32f4xx_flash.o(i.FLASH_GetWriteProtectStatus), (12 bytes).
    Removing at32f4xx_flash.o(i.FLASH_INTConfig), (120 bytes).
    Removing at32f4xx_flash.o(i.FLASH_Lock), (28 bytes).
    Removing at32f4xx_flash.o(i.FLASH_LockBank1), (20 bytes).
    Removing at32f4xx_flash.o(i.FLASH_LockBank2), (20 bytes).
    Removing at32f4xx_flash.o(i.FLASH_LockBank3), (24 bytes).
    Removing at32f4xx_flash.o(i.FLASH_ProgramByte), (152 bytes).
    Removing at32f4xx_flash.o(i.FLASH_ProgramHalfWord), (224 bytes).
    Removing at32f4xx_flash.o(i.FLASH_ProgramUserOptionByteData), (88 bytes).
    Removing at32f4xx_flash.o(i.FLASH_ProgramWord), (224 bytes).
    Removing at32f4xx_flash.o(i.FLASH_ReadProtectConfig), (164 bytes).
    Removing at32f4xx_flash.o(i.FLASH_SlibDisable), (52 bytes).
    Removing at32f4xx_flash.o(i.FLASH_SlibMainEnable), (144 bytes).
    Removing at32f4xx_flash.o(i.FLASH_Unlock), (32 bytes).
    Removing at32f4xx_flash.o(i.FLASH_UnlockBank1), (24 bytes).
    Removing at32f4xx_flash.o(i.FLASH_UnlockBank2), (24 bytes).
    Removing at32f4xx_flash.o(i.FLASH_UnlockBank3), (32 bytes).
    Removing at32f4xx_flash.o(i.FLASH_UserOptionByteConfig), (104 bytes).
    Removing at32f4xx_flash.o(i.FLASH_WaitForBank1Process), (38 bytes).
    Removing at32f4xx_flash.o(i.FLASH_WaitForBank2Process), (38 bytes).
    Removing at32f4xx_flash.o(i.FLASH_WaitForBank3Process), (38 bytes).
    Removing at32f4xx_flash.o(i.FLASH_WaitForProcess), (38 bytes).
    Removing at32f4xx_gpio.o(.rev16_text), (4 bytes).
    Removing at32f4xx_gpio.o(.revsh_text), (4 bytes).
    Removing at32f4xx_gpio.o(.rrx_text), (6 bytes).
    Removing at32f4xx_gpio.o(i.GPIO_AFIOReset), (20 bytes).
    Removing at32f4xx_gpio.o(i.GPIO_ETH_MediaInterfaceConfig), (12 bytes).
    Removing at32f4xx_gpio.o(i.GPIO_EXTILineConfig), (64 bytes).
    Removing at32f4xx_gpio.o(i.GPIO_EventOutputCmd), (12 bytes).
    Removing at32f4xx_gpio.o(i.GPIO_EventOutputConfig), (32 bytes).
    Removing at32f4xx_gpio.o(i.GPIO_Init), (278 bytes).
    Removing at32f4xx_gpio.o(i.GPIO_PinsEnhanceSlewRate), (20 bytes).
    Removing at32f4xx_gpio.o(i.GPIO_PinsHugeDriven), (20 bytes).
    Removing at32f4xx_gpio.o(i.GPIO_PinsLockConfig), (18 bytes).
    Removing at32f4xx_gpio.o(i.GPIO_ReadInputData), (8 bytes).
    Removing at32f4xx_gpio.o(i.GPIO_ReadInputDataBit), (18 bytes).
    Removing at32f4xx_gpio.o(i.GPIO_ReadOutputData), (8 bytes).
    Removing at32f4xx_gpio.o(i.GPIO_ReadOutputDataBit), (18 bytes).
    Removing at32f4xx_gpio.o(i.GPIO_Reset), (144 bytes).
    Removing at32f4xx_gpio.o(i.GPIO_ResetBits), (4 bytes).
    Removing at32f4xx_gpio.o(i.GPIO_SetBits), (4 bytes).
    Removing at32f4xx_gpio.o(i.GPIO_StructInit), (16 bytes).
    Removing at32f4xx_gpio.o(i.GPIO_Write), (4 bytes).
    Removing at32f4xx_gpio.o(i.GPIO_WriteBit), (10 bytes).
    Removing at32f4xx_iwdg.o(.rev16_text), (4 bytes).
    Removing at32f4xx_iwdg.o(.revsh_text), (4 bytes).
    Removing at32f4xx_iwdg.o(.rrx_text), (6 bytes).
    Removing at32f4xx_iwdg.o(i.IWDG_Enable), (16 bytes).
    Removing at32f4xx_iwdg.o(i.IWDG_GetFlagStatus), (24 bytes).
    Removing at32f4xx_iwdg.o(i.IWDG_KeyRegWrite), (12 bytes).
    Removing at32f4xx_iwdg.o(i.IWDG_ReloadCounter), (16 bytes).
    Removing at32f4xx_iwdg.o(i.IWDG_SetPrescaler), (12 bytes).
    Removing at32f4xx_iwdg.o(i.IWDG_SetReload), (12 bytes).
    Removing at32f4xx_pwr.o(.rev16_text), (4 bytes).
    Removing at32f4xx_pwr.o(.revsh_text), (4 bytes).
    Removing at32f4xx_pwr.o(.rrx_text), (6 bytes).
    Removing at32f4xx_pwr.o(i.PWR_BackupAccessCtrl), (12 bytes).
    Removing at32f4xx_pwr.o(i.PWR_ClearFlag), (20 bytes).
    Removing at32f4xx_pwr.o(i.PWR_EnterSTANDBYMode), (52 bytes).
    Removing at32f4xx_pwr.o(i.PWR_EnterSTOPMode), (72 bytes).
    Removing at32f4xx_pwr.o(i.PWR_EnterSleepMode), (32 bytes).
    Removing at32f4xx_pwr.o(i.PWR_GetFlagStatus), (24 bytes).
    Removing at32f4xx_pwr.o(i.PWR_PVDCtrl), (12 bytes).
    Removing at32f4xx_pwr.o(i.PWR_PVDLevelConfig), (24 bytes).
    Removing at32f4xx_pwr.o(i.PWR_Reset), (22 bytes).
    Removing at32f4xx_pwr.o(i.PWR_WakeUpPinCtrl), (12 bytes).
    Removing at32f4xx_rcc.o(.rev16_text), (4 bytes).
    Removing at32f4xx_rcc.o(.revsh_text), (4 bytes).
    Removing at32f4xx_rcc.o(.rrx_text), (6 bytes).
    Removing at32f4xx_rcc.o(i.RCC_ADCCLKConfig), (28 bytes).
    Removing at32f4xx_rcc.o(i.RCC_AHBCLKConfig), (24 bytes).
    Removing at32f4xx_rcc.o(i.RCC_AHBPeriphClockCmd), (32 bytes).
    Removing at32f4xx_rcc.o(i.RCC_AHBPeriphResetCmd), (32 bytes).
    Removing at32f4xx_rcc.o(i.RCC_APB1CLKConfig), (24 bytes).
    Removing at32f4xx_rcc.o(i.RCC_APB1PeriphClockCmd), (32 bytes).
    Removing at32f4xx_rcc.o(i.RCC_APB1PeriphResetCmd), (32 bytes).
    Removing at32f4xx_rcc.o(i.RCC_APB2CLKConfig), (24 bytes).
    Removing at32f4xx_rcc.o(i.RCC_APB2PeriphResetCmd), (32 bytes).
    Removing at32f4xx_rcc.o(i.RCC_BackupResetCmd), (12 bytes).
    Removing at32f4xx_rcc.o(i.RCC_CLKOUTConfig), (80 bytes).
    Removing at32f4xx_rcc.o(i.RCC_ClearFlag), (20 bytes).
    Removing at32f4xx_rcc.o(i.RCC_ClearINTPendingBit), (12 bytes).
    Removing at32f4xx_rcc.o(i.RCC_GetClocksFreq), (376 bytes).
    Removing at32f4xx_rcc.o(i.RCC_GetFlagStatus), (60 bytes).
    Removing at32f4xx_rcc.o(i.RCC_GetINTStatus), (24 bytes).
    Removing at32f4xx_rcc.o(i.RCC_GetSYSCLKSelction), (16 bytes).
    Removing at32f4xx_rcc.o(i.RCC_HSEClockFailureDetectorCmd), (12 bytes).
    Removing at32f4xx_rcc.o(i.RCC_HSEConfig), (76 bytes).
    Removing at32f4xx_rcc.o(i.RCC_HSEDivConfig), (28 bytes).
    Removing at32f4xx_rcc.o(i.RCC_HSEENDelay), (12 bytes).
    Removing at32f4xx_rcc.o(i.RCC_HSI2SYS48M), (48 bytes).
    Removing at32f4xx_rcc.o(i.RCC_HSI2USB48M), (48 bytes).
    Removing at32f4xx_rcc.o(i.RCC_HSICmd), (12 bytes).
    Removing at32f4xx_rcc.o(i.RCC_INTConfig), (32 bytes).
    Removing at32f4xx_rcc.o(i.RCC_LSEConfig), (52 bytes).
    Removing at32f4xx_rcc.o(i.RCC_LSICmd), (12 bytes).
    Removing at32f4xx_rcc.o(i.RCC_MCO2TMR10), (36 bytes).
    Removing at32f4xx_rcc.o(i.RCC_PLLCmd), (12 bytes).
    Removing at32f4xx_rcc.o(i.RCC_PLLConfig), (36 bytes).
    Removing at32f4xx_rcc.o(i.RCC_RTCCLKCmd), (12 bytes).
    Removing at32f4xx_rcc.o(i.RCC_RTCCLKConfig), (16 bytes).
    Removing at32f4xx_rcc.o(i.RCC_Reset), (96 bytes).
    Removing at32f4xx_rcc.o(i.RCC_SYSCLKConfig), (24 bytes).
    Removing at32f4xx_rcc.o(i.RCC_SetHSICalibValue), (44 bytes).
    Removing at32f4xx_rcc.o(i.RCC_SetHSITweakValue), (24 bytes).
    Removing at32f4xx_rcc.o(i.RCC_StepModeCmd), (36 bytes).
    Removing at32f4xx_rcc.o(i.RCC_USBCLKConfig), (24 bytes).
    Removing at32f4xx_rcc.o(i.RCC_USBINTRemap), (36 bytes).
    Removing at32f4xx_rcc.o(i.RCC_WaitForHSEStable), (64 bytes).
    Removing at32f4xx_rcc.o(.constdata), (16 bytes).
    Removing at32f4xx_rtc.o(.rev16_text), (4 bytes).
    Removing at32f4xx_rtc.o(.revsh_text), (4 bytes).
    Removing at32f4xx_rtc.o(.rrx_text), (6 bytes).
    Removing at32f4xx_rtc.o(i.RTC_ClearFlag), (16 bytes).
    Removing at32f4xx_rtc.o(i.RTC_ClearINTPendingBit), (16 bytes).
    Removing at32f4xx_rtc.o(i.RTC_EnterConfigMode), (20 bytes).
    Removing at32f4xx_rtc.o(i.RTC_ExitConfigMode), (20 bytes).
    Removing at32f4xx_rtc.o(i.RTC_GetCounter), (20 bytes).
    Removing at32f4xx_rtc.o(i.RTC_GetDivider), (24 bytes).
    Removing at32f4xx_rtc.o(i.RTC_GetFlagStatus), (24 bytes).
    Removing at32f4xx_rtc.o(i.RTC_GetINTStatus), (36 bytes).
    Removing at32f4xx_rtc.o(i.RTC_INTConfig), (32 bytes).
    Removing at32f4xx_rtc.o(i.RTC_SetAlarmValue), (28 bytes).
    Removing at32f4xx_rtc.o(i.RTC_SetCounter), (28 bytes).
    Removing at32f4xx_rtc.o(i.RTC_SetDIV), (32 bytes).
    Removing at32f4xx_rtc.o(i.RTC_WaitForLastTask), (20 bytes).
    Removing at32f4xx_rtc.o(i.RTC_WaitForSynchro), (36 bytes).
    Removing at32f4xx_spi.o(.rev16_text), (4 bytes).
    Removing at32f4xx_spi.o(.revsh_text), (4 bytes).
    Removing at32f4xx_spi.o(.rrx_text), (6 bytes).
    Removing at32f4xx_spi.o(i.I2S_DefaultInit), (20 bytes).
    Removing at32f4xx_spi.o(i.I2S_Enable), (24 bytes).
    Removing at32f4xx_spi.o(i.I2S_Init), (256 bytes).
    Removing at32f4xx_spi.o(i.SPI_CRCEN), (24 bytes).
    Removing at32f4xx_spi.o(i.SPI_DefaultInitParaConfig), (24 bytes).
    Removing at32f4xx_spi.o(i.SPI_Enable), (24 bytes).
    Removing at32f4xx_spi.o(i.SPI_FrameSizeConfig), (18 bytes).
    Removing at32f4xx_spi.o(i.SPI_GetCRC), (16 bytes).
    Removing at32f4xx_spi.o(i.SPI_GetCRCPolynomial), (6 bytes).
    Removing at32f4xx_spi.o(i.SPI_HalfDuplexTransModeConfig), (28 bytes).
    Removing at32f4xx_spi.o(i.SPI_I2S_ClearFlag), (6 bytes).
    Removing at32f4xx_spi.o(i.SPI_I2S_ClearINTPendingBit), (20 bytes).
    Removing at32f4xx_spi.o(i.SPI_I2S_DMAEnable), (18 bytes).
    Removing at32f4xx_spi.o(i.SPI_I2S_GetFlagStatus), (18 bytes).
    Removing at32f4xx_spi.o(i.SPI_I2S_GetITStatus), (52 bytes).
    Removing at32f4xx_spi.o(i.SPI_I2S_INTConfig), (32 bytes).
    Removing at32f4xx_spi.o(i.SPI_I2S_Reset), (116 bytes).
    Removing at32f4xx_spi.o(i.SPI_I2S_RxData), (6 bytes).
    Removing at32f4xx_spi.o(i.SPI_I2S_TxData), (4 bytes).
    Removing at32f4xx_spi.o(i.SPI_Init), (90 bytes).
    Removing at32f4xx_spi.o(i.SPI_NSSHardwareOutputEnable), (24 bytes).
    Removing at32f4xx_spi.o(i.SPI_NSSInternalSoftwareConfig), (30 bytes).
    Removing at32f4xx_spi.o(i.SPI_TxCRC), (10 bytes).
    Removing at32f4xx_tim.o(.rev16_text), (4 bytes).
    Removing at32f4xx_tim.o(.revsh_text), (4 bytes).
    Removing at32f4xx_tim.o(.rrx_text), (6 bytes).
    Removing at32f4xx_tim.o(i.TI1_Config), (128 bytes).
    Removing at32f4xx_tim.o(i.TI2_Config), (152 bytes).
    Removing at32f4xx_tim.o(i.TI3_Config), (144 bytes).
    Removing at32f4xx_tim.o(i.TI4_Config), (152 bytes).
    Removing at32f4xx_tim.o(i.TMR_ARPreloadConfig), (24 bytes).
    Removing at32f4xx_tim.o(i.TMR_BRKDTConfig), (32 bytes).
    Removing at32f4xx_tim.o(i.TMR_BRKDTStructInit), (18 bytes).
    Removing at32f4xx_tim.o(i.TMR_CCPreloadControl), (24 bytes).
    Removing at32f4xx_tim.o(i.TMR_CCxCmd), (30 bytes).
    Removing at32f4xx_tim.o(i.TMR_CCxNCmd), (30 bytes).
    Removing at32f4xx_tim.o(i.TMR_ClearFlag), (6 bytes).
    Removing at32f4xx_tim.o(i.TMR_ClearITPendingBit), (6 bytes).
    Removing at32f4xx_tim.o(i.TMR_ClearOC1Ref), (18 bytes).
    Removing at32f4xx_tim.o(i.TMR_ClearOC2Ref), (24 bytes).
    Removing at32f4xx_tim.o(i.TMR_ClearOC3Ref), (18 bytes).
    Removing at32f4xx_tim.o(i.TMR_ClearOC4Ref), (24 bytes).
    Removing at32f4xx_tim.o(i.TMR_Cmd), (24 bytes).
    Removing at32f4xx_tim.o(i.TMR_CounterModeConfig), (18 bytes).
    Removing at32f4xx_tim.o(i.TMR_CtrlPWMOutputs), (30 bytes).
    Removing at32f4xx_tim.o(i.TMR_DIVConfig), (6 bytes).
    Removing at32f4xx_tim.o(i.TMR_DMACmd), (18 bytes).
    Removing at32f4xx_tim.o(i.TMR_DMAConfig), (10 bytes).
    Removing at32f4xx_tim.o(i.TMR_ETRClockMode1Config), (54 bytes).
    Removing at32f4xx_tim.o(i.TMR_ETRClockMode2Config), (32 bytes).
    Removing at32f4xx_tim.o(i.TMR_ETRConfig), (28 bytes).
    Removing at32f4xx_tim.o(i.TMR_EncoderInterfaceConfig), (66 bytes).
    Removing at32f4xx_tim.o(i.TMR_ForcedOC1Config), (18 bytes).
    Removing at32f4xx_tim.o(i.TMR_ForcedOC2Config), (26 bytes).
    Removing at32f4xx_tim.o(i.TMR_ForcedOC3Config), (18 bytes).
    Removing at32f4xx_tim.o(i.TMR_ForcedOC4Config), (26 bytes).
    Removing at32f4xx_tim.o(i.TMR_GenerateEvent), (4 bytes).
    Removing at32f4xx_tim.o(i.TMR_GetCapture1), (6 bytes).
    Removing at32f4xx_tim.o(i.TMR_GetCapture2), (6 bytes).
    Removing at32f4xx_tim.o(i.TMR_GetCapture3), (6 bytes).
    Removing at32f4xx_tim.o(i.TMR_GetCapture4), (6 bytes).
    Removing at32f4xx_tim.o(i.TMR_GetCounter), (6 bytes).
    Removing at32f4xx_tim.o(i.TMR_GetDIV), (6 bytes).
    Removing at32f4xx_tim.o(i.TMR_GetFlagStatus), (18 bytes).
    Removing at32f4xx_tim.o(i.TMR_GetINTStatus), (34 bytes).
    Removing at32f4xx_tim.o(i.TMR_ICInit), (110 bytes).
    Removing at32f4xx_tim.o(i.TMR_ICStructInit), (18 bytes).
    Removing at32f4xx_tim.o(i.TMR_INTConfig), (18 bytes).
    Removing at32f4xx_tim.o(i.TMR_ITRxExternalClockConfig), (24 bytes).
    Removing at32f4xx_tim.o(i.TMR_InternalClockConfig), (12 bytes).
    Removing at32f4xx_tim.o(i.TMR_OC1FastConfig), (18 bytes).
    Removing at32f4xx_tim.o(i.TMR_OC1Init), (98 bytes).
    Removing at32f4xx_tim.o(i.TMR_OC1NPolarityConfig), (18 bytes).
    Removing at32f4xx_tim.o(i.TMR_OC1PolarityConfig), (18 bytes).
    Removing at32f4xx_tim.o(i.TMR_OC1PreloadConfig), (18 bytes).
    Removing at32f4xx_tim.o(i.TMR_OC2FastConfig), (26 bytes).
    Removing at32f4xx_tim.o(i.TMR_OC2Init), (138 bytes).
    Removing at32f4xx_tim.o(i.TMR_OC2NPolarityConfig), (26 bytes).
    Removing at32f4xx_tim.o(i.TMR_OC2PolarityConfig), (26 bytes).
    Removing at32f4xx_tim.o(i.TMR_OC2PreloadConfig), (26 bytes).
    Removing at32f4xx_tim.o(i.TMR_OC3FastConfig), (18 bytes).
    Removing at32f4xx_tim.o(i.TMR_OC3Init), (134 bytes).
    Removing at32f4xx_tim.o(i.TMR_OC3NPolarityConfig), (26 bytes).
    Removing at32f4xx_tim.o(i.TMR_OC3PolarityConfig), (26 bytes).
    Removing at32f4xx_tim.o(i.TMR_OC3PreloadConfig), (18 bytes).
    Removing at32f4xx_tim.o(i.TMR_OC4FastConfig), (26 bytes).
    Removing at32f4xx_tim.o(i.TMR_OC4Init), (96 bytes).
    Removing at32f4xx_tim.o(i.TMR_OC4PolarityConfig), (26 bytes).
    Removing at32f4xx_tim.o(i.TMR_OC4PreloadConfig), (26 bytes).
    Removing at32f4xx_tim.o(i.TMR_OCStructInit), (20 bytes).
    Removing at32f4xx_tim.o(i.TMR_PWMIConfig), (124 bytes).
    Removing at32f4xx_tim.o(i.TMR_Reset), (316 bytes).
    Removing at32f4xx_tim.o(i.TMR_SelectCCDMA), (24 bytes).
    Removing at32f4xx_tim.o(i.TMR_SelectHALL), (24 bytes).
    Removing at32f4xx_tim.o(i.TMR_SelectHallSensor), (24 bytes).
    Removing at32f4xx_tim.o(i.TMR_SelectInputTrigger), (18 bytes).
    Removing at32f4xx_tim.o(i.TMR_SelectMasterSlaveMode), (18 bytes).
    Removing at32f4xx_tim.o(i.TMR_SelectOCxM), (82 bytes).
    Removing at32f4xx_tim.o(i.TMR_SelectOnePulseMode), (18 bytes).
    Removing at32f4xx_tim.o(i.TMR_SelectOutputTrigger), (18 bytes).
    Removing at32f4xx_tim.o(i.TMR_SelectPlusMode), (56 bytes).
    Removing at32f4xx_tim.o(i.TMR_SelectSlaveMode), (18 bytes).
    Removing at32f4xx_tim.o(i.TMR_SetAutoreload), (4 bytes).
    Removing at32f4xx_tim.o(i.TMR_SetClockDivision), (18 bytes).
    Removing at32f4xx_tim.o(i.TMR_SetCompare1), (4 bytes).
    Removing at32f4xx_tim.o(i.TMR_SetCompare2), (4 bytes).
    Removing at32f4xx_tim.o(i.TMR_SetCompare3), (4 bytes).
    Removing at32f4xx_tim.o(i.TMR_SetCompare4), (4 bytes).
    Removing at32f4xx_tim.o(i.TMR_SetCounter), (4 bytes).
    Removing at32f4xx_tim.o(i.TMR_SetIC1DIV), (18 bytes).
    Removing at32f4xx_tim.o(i.TMR_SetIC2DIV), (26 bytes).
    Removing at32f4xx_tim.o(i.TMR_SetIC3DIV), (18 bytes).
    Removing at32f4xx_tim.o(i.TMR_SetIC4DIV), (26 bytes).
    Removing at32f4xx_tim.o(i.TMR_TIxExternalClockConfig), (62 bytes).
    Removing at32f4xx_tim.o(i.TMR_TimeBaseInit), (104 bytes).
    Removing at32f4xx_tim.o(i.TMR_TimeBaseStructInit), (18 bytes).
    Removing at32f4xx_tim.o(i.TMR_UpdateDisableConfig), (24 bytes).
    Removing at32f4xx_tim.o(i.TMR_UpdateRequestConfig), (24 bytes).
    Removing at32f4xx_usart.o(.rev16_text), (4 bytes).
    Removing at32f4xx_usart.o(.revsh_text), (4 bytes).
    Removing at32f4xx_usart.o(.rrx_text), (6 bytes).
    Removing at32f4xx_usart.o(i.USART_ClearFlag), (18 bytes).
    Removing at32f4xx_usart.o(i.USART_ClearITPendingBit), (30 bytes).
    Removing at32f4xx_usart.o(i.USART_ClockInit), (34 bytes).
    Removing at32f4xx_usart.o(i.USART_ClockStructInit), (12 bytes).
    Removing at32f4xx_usart.o(i.USART_Cmd), (24 bytes).
    Removing at32f4xx_usart.o(i.USART_DMACmd), (18 bytes).
    Removing at32f4xx_usart.o(i.USART_GetFlagStatus), (26 bytes).
    Removing at32f4xx_usart.o(i.USART_GetITStatus), (84 bytes).
    Removing at32f4xx_usart.o(i.USART_HalfDuplexCmd), (24 bytes).
    Removing at32f4xx_usart.o(i.USART_INTConfig), (74 bytes).
    Removing at32f4xx_usart.o(i.USART_Init), (276 bytes).
    Removing at32f4xx_usart.o(i.USART_IrDACmd), (24 bytes).
    Removing at32f4xx_usart.o(i.USART_IrDAConfig), (18 bytes).
    Removing at32f4xx_usart.o(i.USART_LINBreakDetectLengthConfig), (18 bytes).
    Removing at32f4xx_usart.o(i.USART_LINCmd), (24 bytes).
    Removing at32f4xx_usart.o(i.USART_ReceiveData), (10 bytes).
    Removing at32f4xx_usart.o(i.USART_ReceiverWakeUpCmd), (24 bytes).
    Removing at32f4xx_usart.o(i.USART_Reset), (244 bytes).
    Removing at32f4xx_usart.o(i.USART_SendBreak), (10 bytes).
    Removing at32f4xx_usart.o(i.USART_SendData), (8 bytes).
    Removing at32f4xx_usart.o(i.USART_SetAddress), (18 bytes).
    Removing at32f4xx_usart.o(i.USART_SetGuardTime), (16 bytes).
    Removing at32f4xx_usart.o(i.USART_SetPrescaler), (16 bytes).
    Removing at32f4xx_usart.o(i.USART_SmartCardCmd), (24 bytes).
    Removing at32f4xx_usart.o(i.USART_SmartCardNACKCmd), (24 bytes).
    Removing at32f4xx_usart.o(i.USART_StructInit), (24 bytes).
    Removing at32f4xx_usart.o(i.USART_WakeUpConfig), (18 bytes).
    Removing misc.o(.rev16_text), (4 bytes).
    Removing misc.o(.revsh_text), (4 bytes).
    Removing misc.o(.rrx_text), (6 bytes).
    Removing misc.o(i.NVIC_Init), (112 bytes).
    Removing misc.o(i.NVIC_SetVectorTable), (20 bytes).
    Removing misc.o(i.NVIC_SystemLPConfig), (32 bytes).
    Removing misc.o(i.SysTick_CLKSourceConfig), (40 bytes).
    Removing system_at32f4xx.o(.rev16_text), (4 bytes).
    Removing system_at32f4xx.o(.revsh_text), (4 bytes).
    Removing system_at32f4xx.o(.rrx_text), (6 bytes).

416 unused section(s) (total 16594 bytes) removed from the image.

==============================================================================

Image Symbol Table

    Local Symbols

    Symbol Name                              Value     Ov Type        Size  Object(Section)

    ../clib/angel/boardlib.s                 0x00000000   Number         0  boardinit3.o ABSOLUTE
    ../clib/angel/boardlib.s                 0x00000000   Number         0  boardinit1.o ABSOLUTE
    ../clib/angel/boardlib.s                 0x00000000   Number         0  boardinit2.o ABSOLUTE
    ../clib/angel/boardlib.s                 0x00000000   Number         0  boardshut.o ABSOLUTE
    ../clib/angel/handlers.s                 0x00000000   Number         0  __scatter_zi.o ABSOLUTE
    ../clib/angel/handlers.s                 0x00000000   Number         0  __scatter_copy.o ABSOLUTE
    ../clib/angel/kernel.s                   0x00000000   Number         0  __rtentry4.o ABSOLUTE
    ../clib/angel/kernel.s                   0x00000000   Number         0  rtexit.o ABSOLUTE
    ../clib/angel/kernel.s                   0x00000000   Number         0  __rtentry.o ABSOLUTE
    ../clib/angel/kernel.s                   0x00000000   Number         0  __rtentry2.o ABSOLUTE
    ../clib/angel/kernel.s                   0x00000000   Number         0  rtexit2.o ABSOLUTE
    ../clib/angel/rt.s                       0x00000000   Number         0  rt_div0.o ABSOLUTE
    ../clib/angel/rt.s                       0x00000000   Number         0  rt_raise.o ABSOLUTE
    ../clib/angel/rt.s                       0x00000000   Number         0  aeabi_ldiv0.o ABSOLUTE
    ../clib/angel/rt.s                       0x00000000   Number         0  aeabi_ldiv0_sigfpe.o ABSOLUTE
    ../clib/angel/scatter.s                  0x00000000   Number         0  __scatter.o ABSOLUTE
    ../clib/angel/startup.s                  0x00000000   Number         0  __main.o ABSOLUTE
    ../clib/angel/sys.s                      0x00000000   Number         0  indicate_semi.o ABSOLUTE
    ../clib/angel/sys.s                      0x00000000   Number         0  sys_stackheap_outer.o ABSOLUTE
    ../clib/angel/sys.s                      0x00000000   Number         0  use_no_semi.o ABSOLUTE
    ../clib/angel/sys.s                      0x00000000   Number         0  libspace.o ABSOLUTE
    ../clib/angel/sysapp.c                   0x00000000   Number         0  sys_command.o ABSOLUTE
    ../clib/angel/sysapp.c                   0x00000000   Number         0  sys_wrch.o ABSOLUTE
    ../clib/angel/sysapp.c                   0x00000000   Number         0  sys_exit.o ABSOLUTE
    ../clib/armsys.c                         0x00000000   Number         0  argv_veneer.o ABSOLUTE
    ../clib/armsys.c                         0x00000000   Number         0  argv_veneer.o ABSOLUTE
    ../clib/armsys.c                         0x00000000   Number         0  _get_argv_nomalloc.o ABSOLUTE
    ../clib/armsys.c                         0x00000000   Number         0  no_argv.o ABSOLUTE
    ../clib/heapalloc.c                      0x00000000   Number         0  hrguard.o ABSOLUTE
    ../clib/heapaux.c                        0x00000000   Number         0  heapauxi.o ABSOLUTE
    ../clib/libinit.s                        0x00000000   Number         0  libshutdown2.o ABSOLUTE
    ../clib/libinit.s                        0x00000000   Number         0  libshutdown.o ABSOLUTE
    ../clib/libinit.s                        0x00000000   Number         0  libinit2.o ABSOLUTE
    ../clib/libinit.s                        0x00000000   Number         0  libinit.o ABSOLUTE
    ../clib/longlong.s                       0x00000000   Number         0  lludivv7m.o ABSOLUTE
    ../clib/memcpset.s                       0x00000000   Number         0  rt_memcpy_w.o ABSOLUTE
    ../clib/signal.c                         0x00000000   Number         0  defsig_other.o ABSOLUTE
    ../clib/signal.c                         0x00000000   Number         0  defsig_segv_inner.o ABSOLUTE
    ../clib/signal.c                         0x00000000   Number         0  defsig_pvfn_inner.o ABSOLUTE
    ../clib/signal.c                         0x00000000   Number         0  defsig_stak_inner.o ABSOLUTE
    ../clib/signal.c                         0x00000000   Number         0  __raise.o ABSOLUTE
    ../clib/signal.c                         0x00000000   Number         0  defsig_exit.o ABSOLUTE
    ../clib/signal.c                         0x00000000   Number         0  defsig_cppl_inner.o ABSOLUTE
    ../clib/signal.c                         0x00000000   Number         0  defsig_rtmem_formal.o ABSOLUTE
    ../clib/signal.c                         0x00000000   Number         0  defsig_fpe_inner.o ABSOLUTE
    ../clib/signal.c                         0x00000000   Number         0  defsig_rtmem_inner.o ABSOLUTE
    ../clib/signal.c                         0x00000000   Number         0  defsig_rtmem_outer.o ABSOLUTE
    ../clib/signal.c                         0x00000000   Number         0  defsig_fpe_formal.o ABSOLUTE
    ../clib/signal.c                         0x00000000   Number         0  defsig_abrt_inner.o ABSOLUTE
    ../clib/signal.c                         0x00000000   Number         0  defsig_rtred_inner.o ABSOLUTE
    ../clib/signal.c                         0x00000000   Number         0  defsig_fpe_outer.o ABSOLUTE
    ../clib/signal.c                         0x00000000   Number         0  defsig_general.o ABSOLUTE
    ../clib/signal.s                         0x00000000   Number         0  defsig.o ABSOLUTE
    ../clib/stdlib.c                         0x00000000   Number         0  exit.o ABSOLUTE
    ../fplib/fpinit.s                        0x00000000   Number         0  fpinit.o ABSOLUTE
    E:\\keil5_2_4\\ARM\\PACK\\Keil\\AT32F4xx_DFP\\1.3.7\\Device\\StdPeriph_Driver\\src\\at32f4xx_adc.c 0x00000000   Number         0  at32f4xx_adc.o ABSOLUTE
    E:\\keil5_2_4\\ARM\\PACK\\Keil\\AT32F4xx_DFP\\1.3.7\\Device\\StdPeriph_Driver\\src\\at32f4xx_bkp.c 0x00000000   Number         0  at32f4xx_bkp.o ABSOLUTE
    E:\\keil5_2_4\\ARM\\PACK\\Keil\\AT32F4xx_DFP\\1.3.7\\Device\\StdPeriph_Driver\\src\\at32f4xx_dma.c 0x00000000   Number         0  at32f4xx_dma.o ABSOLUTE
    E:\\keil5_2_4\\ARM\\PACK\\Keil\\AT32F4xx_DFP\\1.3.7\\Device\\StdPeriph_Driver\\src\\at32f4xx_exti.c 0x00000000   Number         0  at32f4xx_exti.o ABSOLUTE
    E:\\keil5_2_4\\ARM\\PACK\\Keil\\AT32F4xx_DFP\\1.3.7\\Device\\StdPeriph_Driver\\src\\at32f4xx_flash.c 0x00000000   Number         0  at32f4xx_flash.o ABSOLUTE
    E:\\keil5_2_4\\ARM\\PACK\\Keil\\AT32F4xx_DFP\\1.3.7\\Device\\StdPeriph_Driver\\src\\at32f4xx_gpio.c 0x00000000   Number         0  at32f4xx_gpio.o ABSOLUTE
    E:\\keil5_2_4\\ARM\\PACK\\Keil\\AT32F4xx_DFP\\1.3.7\\Device\\StdPeriph_Driver\\src\\at32f4xx_iwdg.c 0x00000000   Number         0  at32f4xx_iwdg.o ABSOLUTE
    E:\\keil5_2_4\\ARM\\PACK\\Keil\\AT32F4xx_DFP\\1.3.7\\Device\\StdPeriph_Driver\\src\\at32f4xx_pwr.c 0x00000000   Number         0  at32f4xx_pwr.o ABSOLUTE
    E:\\keil5_2_4\\ARM\\PACK\\Keil\\AT32F4xx_DFP\\1.3.7\\Device\\StdPeriph_Driver\\src\\at32f4xx_rcc.c 0x00000000   Number         0  at32f4xx_rcc.o ABSOLUTE
    E:\\keil5_2_4\\ARM\\PACK\\Keil\\AT32F4xx_DFP\\1.3.7\\Device\\StdPeriph_Driver\\src\\at32f4xx_rtc.c 0x00000000   Number         0  at32f4xx_rtc.o ABSOLUTE
    E:\\keil5_2_4\\ARM\\PACK\\Keil\\AT32F4xx_DFP\\1.3.7\\Device\\StdPeriph_Driver\\src\\at32f4xx_spi.c 0x00000000   Number         0  at32f4xx_spi.o ABSOLUTE
    E:\\keil5_2_4\\ARM\\PACK\\Keil\\AT32F4xx_DFP\\1.3.7\\Device\\StdPeriph_Driver\\src\\at32f4xx_tim.c 0x00000000   Number         0  at32f4xx_tim.o ABSOLUTE
    E:\\keil5_2_4\\ARM\\PACK\\Keil\\AT32F4xx_DFP\\1.3.7\\Device\\StdPeriph_Driver\\src\\at32f4xx_usart.c 0x00000000   Number         0  at32f4xx_usart.o ABSOLUTE
    E:\\keil5_2_4\\ARM\\PACK\\Keil\\AT32F4xx_DFP\\1.3.7\\Device\\StdPeriph_Driver\\src\\misc.c 0x00000000   Number         0  misc.o ABSOLUTE
    E:\keil5_2_4\ARM\PACK\Keil\AT32F4xx_DFP\1.3.7\Device\StdPeriph_Driver\src\at32f4xx_adc.c 0x00000000   Number         0  at32f4xx_adc.o ABSOLUTE
    E:\keil5_2_4\ARM\PACK\Keil\AT32F4xx_DFP\1.3.7\Device\StdPeriph_Driver\src\at32f4xx_bkp.c 0x00000000   Number         0  at32f4xx_bkp.o ABSOLUTE
    E:\keil5_2_4\ARM\PACK\Keil\AT32F4xx_DFP\1.3.7\Device\StdPeriph_Driver\src\at32f4xx_dma.c 0x00000000   Number         0  at32f4xx_dma.o ABSOLUTE
    E:\keil5_2_4\ARM\PACK\Keil\AT32F4xx_DFP\1.3.7\Device\StdPeriph_Driver\src\at32f4xx_exti.c 0x00000000   Number         0  at32f4xx_exti.o ABSOLUTE
    E:\keil5_2_4\ARM\PACK\Keil\AT32F4xx_DFP\1.3.7\Device\StdPeriph_Driver\src\at32f4xx_flash.c 0x00000000   Number         0  at32f4xx_flash.o ABSOLUTE
    E:\keil5_2_4\ARM\PACK\Keil\AT32F4xx_DFP\1.3.7\Device\StdPeriph_Driver\src\at32f4xx_gpio.c 0x00000000   Number         0  at32f4xx_gpio.o ABSOLUTE
    E:\keil5_2_4\ARM\PACK\Keil\AT32F4xx_DFP\1.3.7\Device\StdPeriph_Driver\src\at32f4xx_iwdg.c 0x00000000   Number         0  at32f4xx_iwdg.o ABSOLUTE
    E:\keil5_2_4\ARM\PACK\Keil\AT32F4xx_DFP\1.3.7\Device\StdPeriph_Driver\src\at32f4xx_pwr.c 0x00000000   Number         0  at32f4xx_pwr.o ABSOLUTE
    E:\keil5_2_4\ARM\PACK\Keil\AT32F4xx_DFP\1.3.7\Device\StdPeriph_Driver\src\at32f4xx_rcc.c 0x00000000   Number         0  at32f4xx_rcc.o ABSOLUTE
    E:\keil5_2_4\ARM\PACK\Keil\AT32F4xx_DFP\1.3.7\Device\StdPeriph_Driver\src\at32f4xx_rtc.c 0x00000000   Number         0  at32f4xx_rtc.o ABSOLUTE
    E:\keil5_2_4\ARM\PACK\Keil\AT32F4xx_DFP\1.3.7\Device\StdPeriph_Driver\src\at32f4xx_spi.c 0x00000000   Number         0  at32f4xx_spi.o ABSOLUTE
    E:\keil5_2_4\ARM\PACK\Keil\AT32F4xx_DFP\1.3.7\Device\StdPeriph_Driver\src\at32f4xx_tim.c 0x00000000   Number         0  at32f4xx_tim.o ABSOLUTE
    E:\keil5_2_4\ARM\PACK\Keil\AT32F4xx_DFP\1.3.7\Device\StdPeriph_Driver\src\at32f4xx_usart.c 0x00000000   Number         0  at32f4xx_usart.o ABSOLUTE
    E:\keil5_2_4\ARM\PACK\Keil\AT32F4xx_DFP\1.3.7\Device\StdPeriph_Driver\src\misc.c 0x00000000   Number         0  misc.o ABSOLUTE
    Platform\Core\delay.c                    0x00000000   Number         0  delay.o ABSOLUTE
    Platform\Core\gpio.c                     0x00000000   Number         0  gpio.o ABSOLUTE
    Platform\Core\mcu_core.c                 0x00000000   Number         0  mcu_core.o ABSOLUTE
    Platform\\Core\\delay.c                  0x00000000   Number         0  delay.o ABSOLUTE
    Platform\\Core\\gpio.c                   0x00000000   Number         0  gpio.o ABSOLUTE
    Platform\\Core\\mcu_core.c               0x00000000   Number         0  mcu_core.o ABSOLUTE
    RTE\Device\AT32F403ACCU7\startup_at32f403accu7.s 0x00000000   Number         0  startup_at32f403accu7.o ABSOLUTE
    RTE\Device\AT32F403ACCU7\system_at32f4xx.c 0x00000000   Number         0  system_at32f4xx.o ABSOLUTE
    RTE\\Device\\AT32F403ACCU7\\system_at32f4xx.c 0x00000000   Number         0  system_at32f4xx.o ABSOLUTE
    USER\\main.cpp                           0x00000000   Number         0  main.o ABSOLUTE
    USER\main.cpp                            0x00000000   Number         0  main.o ABSOLUTE
    dc.s                                     0x00000000   Number         0  dc.o ABSOLUTE
    RESET                                    0x08000000   Section      380  startup_at32f403accu7.o(RESET)
    !!!main                                  0x0800017c   Section        8  __main.o(!!!main)
    !!!scatter                               0x08000184   Section       52  __scatter.o(!!!scatter)
    !!handler_copy                           0x080001b8   Section       26  __scatter_copy.o(!!handler_copy)
    !!handler_zi                             0x080001d4   Section       28  __scatter_zi.o(!!handler_zi)
    .ARM.Collect$$libinit$$00000000          0x080001f0   Section        2  libinit.o(.ARM.Collect$$libinit$$00000000)
    .ARM.Collect$$libinit$$00000001          0x080001f2   Section        4  libinit2.o(.ARM.Collect$$libinit$$00000001)
    .ARM.Collect$$libinit$$00000004          0x080001f6   Section        0  libinit2.o(.ARM.Collect$$libinit$$00000004)
    .ARM.Collect$$libinit$$0000000A          0x080001f6   Section        0  libinit2.o(.ARM.Collect$$libinit$$0000000A)
    .ARM.Collect$$libinit$$0000000C          0x080001f6   Section        0  libinit2.o(.ARM.Collect$$libinit$$0000000C)
    .ARM.Collect$$libinit$$0000000E          0x080001f6   Section        0  libinit2.o(.ARM.Collect$$libinit$$0000000E)
    .ARM.Collect$$libinit$$00000011          0x080001f6   Section        0  libinit2.o(.ARM.Collect$$libinit$$00000011)
    .ARM.Collect$$libinit$$00000013          0x080001f6   Section        0  libinit2.o(.ARM.Collect$$libinit$$00000013)
    .ARM.Collect$$libinit$$00000015          0x080001f6   Section        0  libinit2.o(.ARM.Collect$$libinit$$00000015)
    .ARM.Collect$$libinit$$00000017          0x080001f6   Section        0  libinit2.o(.ARM.Collect$$libinit$$00000017)
    .ARM.Collect$$libinit$$00000019          0x080001f6   Section        0  libinit2.o(.ARM.Collect$$libinit$$00000019)
    .ARM.Collect$$libinit$$0000001B          0x080001f6   Section        0  libinit2.o(.ARM.Collect$$libinit$$0000001B)
    .ARM.Collect$$libinit$$0000001D          0x080001f6   Section        0  libinit2.o(.ARM.Collect$$libinit$$0000001D)
    .ARM.Collect$$libinit$$0000001F          0x080001f6   Section        0  libinit2.o(.ARM.Collect$$libinit$$0000001F)
    .ARM.Collect$$libinit$$00000021          0x080001f6   Section        0  libinit2.o(.ARM.Collect$$libinit$$00000021)
    .ARM.Collect$$libinit$$00000023          0x080001f6   Section        0  libinit2.o(.ARM.Collect$$libinit$$00000023)
    .ARM.Collect$$libinit$$00000025          0x080001f6   Section        0  libinit2.o(.ARM.Collect$$libinit$$00000025)
    .ARM.Collect$$libinit$$0000002C          0x080001f6   Section        0  libinit2.o(.ARM.Collect$$libinit$$0000002C)
    .ARM.Collect$$libinit$$0000002E          0x080001f6   Section        0  libinit2.o(.ARM.Collect$$libinit$$0000002E)
    .ARM.Collect$$libinit$$00000030          0x080001f6   Section        0  libinit2.o(.ARM.Collect$$libinit$$00000030)
    .ARM.Collect$$libinit$$00000032          0x080001f6   Section        0  libinit2.o(.ARM.Collect$$libinit$$00000032)
    .ARM.Collect$$libinit$$00000033          0x080001f6   Section        2  libinit2.o(.ARM.Collect$$libinit$$00000033)
    .ARM.Collect$$libshutdown$$00000000      0x080001f8   Section        2  libshutdown.o(.ARM.Collect$$libshutdown$$00000000)
    .ARM.Collect$$libshutdown$$00000002      0x080001fa   Section        0  libshutdown2.o(.ARM.Collect$$libshutdown$$00000002)
    .ARM.Collect$$libshutdown$$00000004      0x080001fa   Section        0  libshutdown2.o(.ARM.Collect$$libshutdown$$00000004)
    .ARM.Collect$$libshutdown$$00000007      0x080001fa   Section        0  libshutdown2.o(.ARM.Collect$$libshutdown$$00000007)
    .ARM.Collect$$libshutdown$$0000000A      0x080001fa   Section        0  libshutdown2.o(.ARM.Collect$$libshutdown$$0000000A)
    .ARM.Collect$$libshutdown$$0000000C      0x080001fa   Section        0  libshutdown2.o(.ARM.Collect$$libshutdown$$0000000C)
    .ARM.Collect$$libshutdown$$0000000F      0x080001fa   Section        0  libshutdown2.o(.ARM.Collect$$libshutdown$$0000000F)
    .ARM.Collect$$libshutdown$$00000010      0x080001fa   Section        2  libshutdown2.o(.ARM.Collect$$libshutdown$$00000010)
    .ARM.Collect$$rtentry$$00000000          0x080001fc   Section        0  __rtentry.o(.ARM.Collect$$rtentry$$00000000)
    .ARM.Collect$$rtentry$$00000002          0x080001fc   Section        0  __rtentry2.o(.ARM.Collect$$rtentry$$00000002)
    .ARM.Collect$$rtentry$$00000004          0x080001fc   Section        6  __rtentry4.o(.ARM.Collect$$rtentry$$00000004)
    .ARM.Collect$$rtentry$$00000009          0x08000202   Section        0  __rtentry2.o(.ARM.Collect$$rtentry$$00000009)
    .ARM.Collect$$rtentry$$0000000A          0x08000202   Section        4  __rtentry2.o(.ARM.Collect$$rtentry$$0000000A)
    .ARM.Collect$$rtentry$$0000000C          0x08000206   Section        0  __rtentry2.o(.ARM.Collect$$rtentry$$0000000C)
    .ARM.Collect$$rtentry$$0000000D          0x08000206   Section        8  __rtentry2.o(.ARM.Collect$$rtentry$$0000000D)
    .ARM.Collect$$rtexit$$00000000           0x0800020e   Section        2  rtexit.o(.ARM.Collect$$rtexit$$00000000)
    .ARM.Collect$$rtexit$$00000002           0x08000210   Section        0  rtexit2.o(.ARM.Collect$$rtexit$$00000002)
    .ARM.Collect$$rtexit$$00000003           0x08000210   Section        4  rtexit2.o(.ARM.Collect$$rtexit$$00000003)
    .ARM.Collect$$rtexit$$00000004           0x08000214   Section        6  rtexit2.o(.ARM.Collect$$rtexit$$00000004)
    .text                                    0x0800021c   Section       64  startup_at32f403accu7.o(.text)
    $v0                                      0x0800021c   Number         0  startup_at32f403accu7.o(.text)
    .text                                    0x0800025c   Section        0  heapauxi.o(.text)
    .text                                    0x08000262   Section       74  sys_stackheap_outer.o(.text)
    .text                                    0x080002ac   Section        0  exit.o(.text)
    .text                                    0x080002c0   Section        8  libspace.o(.text)
    .text                                    0x080002c8   Section        0  sys_exit.o(.text)
    .text                                    0x080002d4   Section        2  use_no_semi.o(.text)
    .text                                    0x080002d6   Section        0  indicate_semi.o(.text)
    i.Core_Init                              0x080002d6   Section        0  mcu_core.o(i.Core_Init)
    i.Delay_Init                             0x080002ec   Section        0  delay.o(i.Delay_Init)
    i.GPIO_JTAG_Disable                      0x08000338   Section        0  gpio.o(i.GPIO_JTAG_Disable)
    i.GPIO_PinsRemapConfig                   0x0800034c   Section        0  at32f4xx_gpio.o(i.GPIO_PinsRemapConfig)
    i.NVIC_PriorityGroupConfig               0x080008bc   Section        0  misc.o(i.NVIC_PriorityGroupConfig)
    i.RCC_APB2PeriphClockCmd                 0x080008d0   Section        0  at32f4xx_rcc.o(i.RCC_APB2PeriphClockCmd)
    i.SetSysClock                            0x080008f0   Section        0  system_at32f4xx.o(i.SetSysClock)
    SetSysClock                              0x080008f1   Thumb Code     2  system_at32f4xx.o(i.SetSysClock)
    i.SysTick_Handler                        0x080008f4   Section        0  delay.o(i.SysTick_Handler)
    i.SystemCoreClockUpdate                  0x08000904   Section        0  system_at32f4xx.o(i.SystemCoreClockUpdate)
    i.SystemInit                             0x08000a28   Section        0  system_at32f4xx.o(i.SystemInit)
    i.__NVIC_SetPriority                     0x08000aac   Section        0  delay.o(i.__NVIC_SetPriority)
    __NVIC_SetPriority                       0x08000aad   Thumb Code    32  delay.o(i.__NVIC_SetPriority)
    i.main                                   0x08000ad4   Section        0  main.o(i.main)
    x$fpl$fpinit                             0x08000adc   Section       10  fpinit.o(x$fpl$fpinit)
    $v0                                      0x08000adc   Number         0  fpinit.o(x$fpl$fpinit)
    .data                                    0x20000000   Section        4  delay.o(.data)
    SystemTickCount                          0x20000000   Data           4  delay.o(.data)
    .data                                    0x20000004   Section       20  system_at32f4xx.o(.data)
    .bss                                     0x20000018   Section       96  libspace.o(.bss)
    HEAP                                     0x20000078   Section      512  startup_at32f403accu7.o(HEAP)
    Heap_Mem                                 0x20000078   Data         512  startup_at32f403accu7.o(HEAP)
    STACK                                    0x20000278   Section     1024  startup_at32f403accu7.o(STACK)
    Stack_Mem                                0x20000278   Data        1024  startup_at32f403accu7.o(STACK)
    __initial_sp                             0x20000678   Data           0  startup_at32f403accu7.o(STACK)

    Global Symbols

    Symbol Name                              Value     Ov Type        Size  Object(Section)

    BuildAttributes$$THM_ISAv4$E$P$D$K$B$S$7EM$VFPi3$EXTD16$VFPS$VFMA$PE$A:L22UL41UL21$X:L11$S22US41US21$IEEE1$IW$USESV6$~STKCKD$USESV7$~SHL$OSPACE$ROPI$EBA8$UX$STANDARDLIB$REQ8$PRES8$EABIv2 0x00000000   Number         0  anon$$obj.o ABSOLUTE
    __ARM_use_no_argv                        0x00000000   Number         0  main.o ABSOLUTE
    __ARM_exceptions_init                     - Undefined Weak Reference
    __alloca_initialize                       - Undefined Weak Reference
    __arm_preinit_                            - Undefined Weak Reference
    __cpp_initialize__aeabi_                  - Undefined Weak Reference
    __cxa_finalize                            - Undefined Weak Reference
    __rt_locale                               - Undefined Weak Reference
    __sigvec_lookup                           - Undefined Weak Reference
    _atexit_init                              - Undefined Weak Reference
    _call_atexit_fns                          - Undefined Weak Reference
    _clock_init                               - Undefined Weak Reference
    _fp_trap_init                             - Undefined Weak Reference
    _fp_trap_shutdown                         - Undefined Weak Reference
    _get_lc_collate                           - Undefined Weak Reference
    _get_lc_ctype                             - Undefined Weak Reference
    _get_lc_monetary                          - Undefined Weak Reference
    _get_lc_numeric                           - Undefined Weak Reference
    _get_lc_time                              - Undefined Weak Reference
    _getenv_init                              - Undefined Weak Reference
    _handle_redirection                       - Undefined Weak Reference
    _init_alloc                               - Undefined Weak Reference
    _init_user_alloc                          - Undefined Weak Reference
    _initio                                   - Undefined Weak Reference
    _rand_init                                - Undefined Weak Reference
    _signal_finish                            - Undefined Weak Reference
    _signal_init                              - Undefined Weak Reference
    _terminate_alloc                          - Undefined Weak Reference
    _terminate_user_alloc                     - Undefined Weak Reference
    _terminateio                              - Undefined Weak Reference
    __Vectors_Size                           0x0000017c   Number         0  startup_at32f403accu7.o ABSOLUTE
    __Vectors                                0x08000000   Data           4  startup_at32f403accu7.o(RESET)
    __Vectors_End                            0x0800017c   Data           0  startup_at32f403accu7.o(RESET)
    __main                                   0x0800017d   Thumb Code     8  __main.o(!!!main)
    __scatterload                            0x08000185   Thumb Code     0  __scatter.o(!!!scatter)
    __scatterload_rt2                        0x08000185   Thumb Code    44  __scatter.o(!!!scatter)
    __scatterload_rt2_thumb_only             0x08000185   Thumb Code     0  __scatter.o(!!!scatter)
    __scatterload_null                       0x08000193   Thumb Code     0  __scatter.o(!!!scatter)
    __scatterload_copy                       0x080001b9   Thumb Code    26  __scatter_copy.o(!!handler_copy)
    __scatterload_zeroinit                   0x080001d5   Thumb Code    28  __scatter_zi.o(!!handler_zi)
    __rt_lib_init                            0x080001f1   Thumb Code     0  libinit.o(.ARM.Collect$$libinit$$00000000)
    __rt_lib_init_fp_1                       0x080001f3   Thumb Code     0  libinit2.o(.ARM.Collect$$libinit$$00000001)
    __rt_lib_init_alloca_1                   0x080001f7   Thumb Code     0  libinit2.o(.ARM.Collect$$libinit$$0000002E)
    __rt_lib_init_argv_1                     0x080001f7   Thumb Code     0  libinit2.o(.ARM.Collect$$libinit$$0000002C)
    __rt_lib_init_atexit_1                   0x080001f7   Thumb Code     0  libinit2.o(.ARM.Collect$$libinit$$0000001B)
    __rt_lib_init_clock_1                    0x080001f7   Thumb Code     0  libinit2.o(.ARM.Collect$$libinit$$00000021)
    __rt_lib_init_cpp_1                      0x080001f7   Thumb Code     0  libinit2.o(.ARM.Collect$$libinit$$00000032)
    __rt_lib_init_exceptions_1               0x080001f7   Thumb Code     0  libinit2.o(.ARM.Collect$$libinit$$00000030)
    __rt_lib_init_fp_trap_1                  0x080001f7   Thumb Code     0  libinit2.o(.ARM.Collect$$libinit$$0000001F)
    __rt_lib_init_getenv_1                   0x080001f7   Thumb Code     0  libinit2.o(.ARM.Collect$$libinit$$00000023)
    __rt_lib_init_heap_1                     0x080001f7   Thumb Code     0  libinit2.o(.ARM.Collect$$libinit$$0000000A)
    __rt_lib_init_lc_collate_1               0x080001f7   Thumb Code     0  libinit2.o(.ARM.Collect$$libinit$$00000011)
    __rt_lib_init_lc_ctype_1                 0x080001f7   Thumb Code     0  libinit2.o(.ARM.Collect$$libinit$$00000013)
    __rt_lib_init_lc_monetary_1              0x080001f7   Thumb Code     0  libinit2.o(.ARM.Collect$$libinit$$00000015)
    __rt_lib_init_lc_numeric_1               0x080001f7   Thumb Code     0  libinit2.o(.ARM.Collect$$libinit$$00000017)
    __rt_lib_init_lc_time_1                  0x080001f7   Thumb Code     0  libinit2.o(.ARM.Collect$$libinit$$00000019)
    __rt_lib_init_preinit_1                  0x080001f7   Thumb Code     0  libinit2.o(.ARM.Collect$$libinit$$00000004)
    __rt_lib_init_rand_1                     0x080001f7   Thumb Code     0  libinit2.o(.ARM.Collect$$libinit$$0000000E)
    __rt_lib_init_return                     0x080001f7   Thumb Code     0  libinit2.o(.ARM.Collect$$libinit$$00000033)
    __rt_lib_init_signal_1                   0x080001f7   Thumb Code     0  libinit2.o(.ARM.Collect$$libinit$$0000001D)
    __rt_lib_init_stdio_1                    0x080001f7   Thumb Code     0  libinit2.o(.ARM.Collect$$libinit$$00000025)
    __rt_lib_init_user_alloc_1               0x080001f7   Thumb Code     0  libinit2.o(.ARM.Collect$$libinit$$0000000C)
    __rt_lib_shutdown                        0x080001f9   Thumb Code     0  libshutdown.o(.ARM.Collect$$libshutdown$$00000000)
    __rt_lib_shutdown_cpp_1                  0x080001fb   Thumb Code     0  libshutdown2.o(.ARM.Collect$$libshutdown$$00000002)
    __rt_lib_shutdown_fp_trap_1              0x080001fb   Thumb Code     0  libshutdown2.o(.ARM.Collect$$libshutdown$$00000007)
    __rt_lib_shutdown_heap_1                 0x080001fb   Thumb Code     0  libshutdown2.o(.ARM.Collect$$libshutdown$$0000000F)
    __rt_lib_shutdown_return                 0x080001fb   Thumb Code     0  libshutdown2.o(.ARM.Collect$$libshutdown$$00000010)
    __rt_lib_shutdown_signal_1               0x080001fb   Thumb Code     0  libshutdown2.o(.ARM.Collect$$libshutdown$$0000000A)
    __rt_lib_shutdown_stdio_1                0x080001fb   Thumb Code     0  libshutdown2.o(.ARM.Collect$$libshutdown$$00000004)
    __rt_lib_shutdown_user_alloc_1           0x080001fb   Thumb Code     0  libshutdown2.o(.ARM.Collect$$libshutdown$$0000000C)
    __rt_entry                               0x080001fd   Thumb Code     0  __rtentry.o(.ARM.Collect$$rtentry$$00000000)
    __rt_entry_presh_1                       0x080001fd   Thumb Code     0  __rtentry2.o(.ARM.Collect$$rtentry$$00000002)
    __rt_entry_sh                            0x080001fd   Thumb Code     0  __rtentry4.o(.ARM.Collect$$rtentry$$00000004)
    __rt_entry_li                            0x08000203   Thumb Code     0  __rtentry2.o(.ARM.Collect$$rtentry$$0000000A)
    __rt_entry_postsh_1                      0x08000203   Thumb Code     0  __rtentry2.o(.ARM.Collect$$rtentry$$00000009)
    __rt_entry_main                          0x08000207   Thumb Code     0  __rtentry2.o(.ARM.Collect$$rtentry$$0000000D)
    __rt_entry_postli_1                      0x08000207   Thumb Code     0  __rtentry2.o(.ARM.Collect$$rtentry$$0000000C)
    __rt_exit                                0x0800020f   Thumb Code     0  rtexit.o(.ARM.Collect$$rtexit$$00000000)
    __rt_exit_ls                             0x08000211   Thumb Code     0  rtexit2.o(.ARM.Collect$$rtexit$$00000003)
    __rt_exit_prels_1                        0x08000211   Thumb Code     0  rtexit2.o(.ARM.Collect$$rtexit$$00000002)
    __rt_exit_exit                           0x08000215   Thumb Code     0  rtexit2.o(.ARM.Collect$$rtexit$$00000004)
    Reset_Handler                            0x0800021d   Thumb Code     8  startup_at32f403accu7.o(.text)
    NMI_Handler                              0x08000225   Thumb Code     2  startup_at32f403accu7.o(.text)
    HardFault_Handler                        0x08000227   Thumb Code     2  startup_at32f403accu7.o(.text)
    MemManage_Handler                        0x08000229   Thumb Code     2  startup_at32f403accu7.o(.text)
    BusFault_Handler                         0x0800022b   Thumb Code     2  startup_at32f403accu7.o(.text)
    UsageFault_Handler                       0x0800022d   Thumb Code     2  startup_at32f403accu7.o(.text)
    SVC_Handler                              0x0800022f   Thumb Code     2  startup_at32f403accu7.o(.text)
    DebugMon_Handler                         0x08000231   Thumb Code     2  startup_at32f403accu7.o(.text)
    PendSV_Handler                           0x08000233   Thumb Code     2  startup_at32f403accu7.o(.text)
    ACC_IRQHandler                           0x08000237   Thumb Code     0  startup_at32f403accu7.o(.text)
    ADC1_2_IRQHandler                        0x08000237   Thumb Code     0  startup_at32f403accu7.o(.text)
    ADC3_IRQHandler                          0x08000237   Thumb Code     0  startup_at32f403accu7.o(.text)
    CAN1_RX1_IRQHandler                      0x08000237   Thumb Code     0  startup_at32f403accu7.o(.text)
    CAN1_SCE_IRQHandler                      0x08000237   Thumb Code     0  startup_at32f403accu7.o(.text)
    CAN2_RX0_IRQHandler                      0x08000237   Thumb Code     0  startup_at32f403accu7.o(.text)
    CAN2_RX1_IRQHandler                      0x08000237   Thumb Code     0  startup_at32f403accu7.o(.text)
    CAN2_SCE_IRQHandler                      0x08000237   Thumb Code     0  startup_at32f403accu7.o(.text)
    CAN2_TX_IRQHandler                       0x08000237   Thumb Code     0  startup_at32f403accu7.o(.text)
    DMA1_Channel1_IRQHandler                 0x08000237   Thumb Code     0  startup_at32f403accu7.o(.text)
    DMA1_Channel2_IRQHandler                 0x08000237   Thumb Code     0  startup_at32f403accu7.o(.text)
    DMA1_Channel3_IRQHandler                 0x08000237   Thumb Code     0  startup_at32f403accu7.o(.text)
    DMA1_Channel4_IRQHandler                 0x08000237   Thumb Code     0  startup_at32f403accu7.o(.text)
    DMA1_Channel5_IRQHandler                 0x08000237   Thumb Code     0  startup_at32f403accu7.o(.text)
    DMA1_Channel6_IRQHandler                 0x08000237   Thumb Code     0  startup_at32f403accu7.o(.text)
    DMA1_Channel7_IRQHandler                 0x08000237   Thumb Code     0  startup_at32f403accu7.o(.text)
    DMA2_Channel1_IRQHandler                 0x08000237   Thumb Code     0  startup_at32f403accu7.o(.text)
    DMA2_Channel2_IRQHandler                 0x08000237   Thumb Code     0  startup_at32f403accu7.o(.text)
    DMA2_Channel3_IRQHandler                 0x08000237   Thumb Code     0  startup_at32f403accu7.o(.text)
    DMA2_Channel4_5_IRQHandler               0x08000237   Thumb Code     0  startup_at32f403accu7.o(.text)
    DMA2_Channel6_7_IRQHandler               0x08000237   Thumb Code     0  startup_at32f403accu7.o(.text)
    EXTI0_IRQHandler                         0x08000237   Thumb Code     0  startup_at32f403accu7.o(.text)
    EXTI15_10_IRQHandler                     0x08000237   Thumb Code     0  startup_at32f403accu7.o(.text)
    EXTI1_IRQHandler                         0x08000237   Thumb Code     0  startup_at32f403accu7.o(.text)
    EXTI2_IRQHandler                         0x08000237   Thumb Code     0  startup_at32f403accu7.o(.text)
    EXTI3_IRQHandler                         0x08000237   Thumb Code     0  startup_at32f403accu7.o(.text)
    EXTI4_IRQHandler                         0x08000237   Thumb Code     0  startup_at32f403accu7.o(.text)
    EXTI9_5_IRQHandler                       0x08000237   Thumb Code     0  startup_at32f403accu7.o(.text)
    FLASH_IRQHandler                         0x08000237   Thumb Code     0  startup_at32f403accu7.o(.text)
    I2C1_ER_IRQHandler                       0x08000237   Thumb Code     0  startup_at32f403accu7.o(.text)
    I2C1_EV_IRQHandler                       0x08000237   Thumb Code     0  startup_at32f403accu7.o(.text)
    I2C2_ER_IRQHandler                       0x08000237   Thumb Code     0  startup_at32f403accu7.o(.text)
    I2C2_EV_IRQHandler                       0x08000237   Thumb Code     0  startup_at32f403accu7.o(.text)
    I2C3_ER_IRQHandler                       0x08000237   Thumb Code     0  startup_at32f403accu7.o(.text)
    I2C3_EV_IRQHandler                       0x08000237   Thumb Code     0  startup_at32f403accu7.o(.text)
    PVD_IRQHandler                           0x08000237   Thumb Code     0  startup_at32f403accu7.o(.text)
    RCC_IRQHandler                           0x08000237   Thumb Code     0  startup_at32f403accu7.o(.text)
    RTCAlarm_IRQHandler                      0x08000237   Thumb Code     0  startup_at32f403accu7.o(.text)
    RTC_IRQHandler                           0x08000237   Thumb Code     0  startup_at32f403accu7.o(.text)
    SDIO2_IRQHandler                         0x08000237   Thumb Code     0  startup_at32f403accu7.o(.text)
    SPI1_IRQHandler                          0x08000237   Thumb Code     0  startup_at32f403accu7.o(.text)
    SPI2_I2S2EXT_IRQHandler                  0x08000237   Thumb Code     0  startup_at32f403accu7.o(.text)
    SPI3_I2S3EXT_IRQHandler                  0x08000237   Thumb Code     0  startup_at32f403accu7.o(.text)
    SPI4_IRQHandler                          0x08000237   Thumb Code     0  startup_at32f403accu7.o(.text)
    TAMPER_IRQHandler                        0x08000237   Thumb Code     0  startup_at32f403accu7.o(.text)
    TMR1_BRK_TMR9_IRQHandler                 0x08000237   Thumb Code     0  startup_at32f403accu7.o(.text)
    TMR1_CC_IRQHandler                       0x08000237   Thumb Code     0  startup_at32f403accu7.o(.text)
    TMR1_OV_TMR10_IRQHandler                 0x08000237   Thumb Code     0  startup_at32f403accu7.o(.text)
    TMR1_TRG_COM_TMR11_IRQHandler            0x08000237   Thumb Code     0  startup_at32f403accu7.o(.text)
    TMR2_GLOBAL_IRQHandler                   0x08000237   Thumb Code     0  startup_at32f403accu7.o(.text)
    TMR3_GLOBAL_IRQHandler                   0x08000237   Thumb Code     0  startup_at32f403accu7.o(.text)
    TMR4_GLOBAL_IRQHandler                   0x08000237   Thumb Code     0  startup_at32f403accu7.o(.text)
    TMR5_GLOBAL_IRQHandler                   0x08000237   Thumb Code     0  startup_at32f403accu7.o(.text)
    TMR6_GLOBAL_IRQHandler                   0x08000237   Thumb Code     0  startup_at32f403accu7.o(.text)
    TMR7_GLOBAL_IRQHandler                   0x08000237   Thumb Code     0  startup_at32f403accu7.o(.text)
    TMR8_BRK_TMR12_IRQHandler                0x08000237   Thumb Code     0  startup_at32f403accu7.o(.text)
    TMR8_CC_IRQHandler                       0x08000237   Thumb Code     0  startup_at32f403accu7.o(.text)
    TMR8_OV_TMR13_IRQHandler                 0x08000237   Thumb Code     0  startup_at32f403accu7.o(.text)
    TMR8_TRG_COM_TMR14_IRQHandler            0x08000237   Thumb Code     0  startup_at32f403accu7.o(.text)
    UART4_IRQHandler                         0x08000237   Thumb Code     0  startup_at32f403accu7.o(.text)
    UART5_IRQHandler                         0x08000237   Thumb Code     0  startup_at32f403accu7.o(.text)
    UART7_IRQHandler                         0x08000237   Thumb Code     0  startup_at32f403accu7.o(.text)
    USART1_IRQHandler                        0x08000237   Thumb Code     0  startup_at32f403accu7.o(.text)
    USART2_IRQHandler                        0x08000237   Thumb Code     0  startup_at32f403accu7.o(.text)
    USART3_IRQHandler                        0x08000237   Thumb Code     0  startup_at32f403accu7.o(.text)
    USART6_IRQHandler                        0x08000237   Thumb Code     0  startup_at32f403accu7.o(.text)
    USBWakeUp_IRQHandler                     0x08000237   Thumb Code     0  startup_at32f403accu7.o(.text)
    USB_HP_CAN1_TX_IRQHandler                0x08000237   Thumb Code     0  startup_at32f403accu7.o(.text)
    USB_HP_IRQHandler                        0x08000237   Thumb Code     0  startup_at32f403accu7.o(.text)
    USB_LP_CAN1_RX0_IRQHandler               0x08000237   Thumb Code     0  startup_at32f403accu7.o(.text)
    USB_LP_IRQHandler                        0x08000237   Thumb Code     0  startup_at32f403accu7.o(.text)
    WWDG_IRQHandler                          0x08000237   Thumb Code     0  startup_at32f403accu7.o(.text)
    __user_initial_stackheap                 0x08000239   Thumb Code     0  startup_at32f403accu7.o(.text)
    __use_two_region_memory                  0x0800025d   Thumb Code     2  heapauxi.o(.text)
    __rt_heap_escrow$2region                 0x0800025f   Thumb Code     2  heapauxi.o(.text)
    __rt_heap_expand$2region                 0x08000261   Thumb Code     2  heapauxi.o(.text)
    __user_setup_stackheap                   0x08000263   Thumb Code    74  sys_stackheap_outer.o(.text)
    exit                                     0x080002ad   Thumb Code    18  exit.o(.text)
    __user_libspace                          0x080002c1   Thumb Code     8  libspace.o(.text)
    __user_perproc_libspace                  0x080002c1   Thumb Code     0  libspace.o(.text)
    __user_perthread_libspace                0x080002c1   Thumb Code     0  libspace.o(.text)
    _sys_exit                                0x080002c9   Thumb Code     8  sys_exit.o(.text)
    __I$use$semihosting                      0x080002d5   Thumb Code     0  use_no_semi.o(.text)
    __use_no_semihosting_swi                 0x080002d5   Thumb Code     2  use_no_semi.o(.text)
    Core_Init                                0x080002d7   Thumb Code    20  mcu_core.o(i.Core_Init)
    __semihosting_library_function           0x080002d7   Thumb Code     0  indicate_semi.o(.text)
    Delay_Init                               0x080002ed   Thumb Code    70  delay.o(i.Delay_Init)
    GPIO_JTAG_Disable                        0x08000339   Thumb Code    20  gpio.o(i.GPIO_JTAG_Disable)
    GPIO_PinsRemapConfig                     0x0800034d   Thumb Code  1388  at32f4xx_gpio.o(i.GPIO_PinsRemapConfig)
    NVIC_PriorityGroupConfig                 0x080008bd   Thumb Code    10  misc.o(i.NVIC_PriorityGroupConfig)
    RCC_APB2PeriphClockCmd                   0x080008d1   Thumb Code    26  at32f4xx_rcc.o(i.RCC_APB2PeriphClockCmd)
    SysTick_Handler                          0x080008f5   Thumb Code    12  delay.o(i.SysTick_Handler)
    SystemCoreClockUpdate                    0x08000905   Thumb Code   262  system_at32f4xx.o(i.SystemCoreClockUpdate)
    SystemInit                               0x08000a29   Thumb Code   106  system_at32f4xx.o(i.SystemInit)
    main                                     0x08000ad5   Thumb Code     8  main.o(i.main)
    _fp_init                                 0x08000add   Thumb Code    10  fpinit.o(x$fpl$fpinit)
    __fplib_config_fpu_vfp                   0x08000ae5   Thumb Code     0  fpinit.o(x$fpl$fpinit)
    __fplib_config_pureend_doubles           0x08000ae5   Thumb Code     0  fpinit.o(x$fpl$fpinit)
    Region$$Table$$Base                      0x08000ae8   Number         0  anon$$obj.o(Region$$Table)
    Region$$Table$$Limit                     0x08000b08   Number         0  anon$$obj.o(Region$$Table)
    SystemCoreClock                          0x20000004   Data           4  system_at32f4xx.o(.data)
    AHBPscTable                              0x20000008   Data          16  system_at32f4xx.o(.data)
    __libspace_start                         0x20000018   Data          96  libspace.o(.bss)
    __temporary_stack_top$libspace           0x20000078   Data           0  libspace.o(.bss)



==============================================================================

Memory Map of the image

  Image Entry point : 0x0800017d

  Load Region LR_IROM1 (Base: 0x08000000, Size: 0x00000b20, Max: 0x00040000, ABSOLUTE)

    Execution Region ER_IROM1 (Exec base: 0x08000000, Load base: 0x08000000, Size: 0x00000b08, Max: 0x00040000, ABSOLUTE)

    Exec Addr    Load Addr    Size         Type   Attr      Idx    E Section Name        Object

    0x08000000   0x08000000   0x0000017c   Data   RO         2804    RESET               startup_at32f403accu7.o
    0x0800017c   0x0800017c   0x00000008   Code   RO         2858  * !!!main             c_w.l(__main.o)
    0x08000184   0x08000184   0x00000034   Code   RO         3025    !!!scatter          c_w.l(__scatter.o)
    0x080001b8   0x080001b8   0x0000001a   Code   RO         3027    !!handler_copy      c_w.l(__scatter_copy.o)
    0x080001d2   0x080001d2   0x00000002   PAD
    0x080001d4   0x080001d4   0x0000001c   Code   RO         3029    !!handler_zi        c_w.l(__scatter_zi.o)
    0x080001f0   0x080001f0   0x00000002   Code   RO         2895    .ARM.Collect$$libinit$$00000000  c_w.l(libinit.o)
    0x080001f2   0x080001f2   0x00000004   Code   RO         2907    .ARM.Collect$$libinit$$00000001  c_w.l(libinit2.o)
    0x080001f6   0x080001f6   0x00000000   Code   RO         2910    .ARM.Collect$$libinit$$00000004  c_w.l(libinit2.o)
    0x080001f6   0x080001f6   0x00000000   Code   RO         2913    .ARM.Collect$$libinit$$0000000A  c_w.l(libinit2.o)
    0x080001f6   0x080001f6   0x00000000   Code   RO         2915    .ARM.Collect$$libinit$$0000000C  c_w.l(libinit2.o)
    0x080001f6   0x080001f6   0x00000000   Code   RO         2917    .ARM.Collect$$libinit$$0000000E  c_w.l(libinit2.o)
    0x080001f6   0x080001f6   0x00000000   Code   RO         2920    .ARM.Collect$$libinit$$00000011  c_w.l(libinit2.o)
    0x080001f6   0x080001f6   0x00000000   Code   RO         2922    .ARM.Collect$$libinit$$00000013  c_w.l(libinit2.o)
    0x080001f6   0x080001f6   0x00000000   Code   RO         2924    .ARM.Collect$$libinit$$00000015  c_w.l(libinit2.o)
    0x080001f6   0x080001f6   0x00000000   Code   RO         2926    .ARM.Collect$$libinit$$00000017  c_w.l(libinit2.o)
    0x080001f6   0x080001f6   0x00000000   Code   RO         2928    .ARM.Collect$$libinit$$00000019  c_w.l(libinit2.o)
    0x080001f6   0x080001f6   0x00000000   Code   RO         2930    .ARM.Collect$$libinit$$0000001B  c_w.l(libinit2.o)
    0x080001f6   0x080001f6   0x00000000   Code   RO         2932    .ARM.Collect$$libinit$$0000001D  c_w.l(libinit2.o)
    0x080001f6   0x080001f6   0x00000000   Code   RO         2934    .ARM.Collect$$libinit$$0000001F  c_w.l(libinit2.o)
    0x080001f6   0x080001f6   0x00000000   Code   RO         2936    .ARM.Collect$$libinit$$00000021  c_w.l(libinit2.o)
    0x080001f6   0x080001f6   0x00000000   Code   RO         2938    .ARM.Collect$$libinit$$00000023  c_w.l(libinit2.o)
    0x080001f6   0x080001f6   0x00000000   Code   RO         2940    .ARM.Collect$$libinit$$00000025  c_w.l(libinit2.o)
    0x080001f6   0x080001f6   0x00000000   Code   RO         2944    .ARM.Collect$$libinit$$0000002C  c_w.l(libinit2.o)
    0x080001f6   0x080001f6   0x00000000   Code   RO         2946    .ARM.Collect$$libinit$$0000002E  c_w.l(libinit2.o)
    0x080001f6   0x080001f6   0x00000000   Code   RO         2948    .ARM.Collect$$libinit$$00000030  c_w.l(libinit2.o)
    0x080001f6   0x080001f6   0x00000000   Code   RO         2950    .ARM.Collect$$libinit$$00000032  c_w.l(libinit2.o)
    0x080001f6   0x080001f6   0x00000002   Code   RO         2951    .ARM.Collect$$libinit$$00000033  c_w.l(libinit2.o)
    0x080001f8   0x080001f8   0x00000002   Code   RO         2982    .ARM.Collect$$libshutdown$$00000000  c_w.l(libshutdown.o)
    0x080001fa   0x080001fa   0x00000000   Code   RO         3008    .ARM.Collect$$libshutdown$$00000002  c_w.l(libshutdown2.o)
    0x080001fa   0x080001fa   0x00000000   Code   RO         3010    .ARM.Collect$$libshutdown$$00000004  c_w.l(libshutdown2.o)
    0x080001fa   0x080001fa   0x00000000   Code   RO         3013    .ARM.Collect$$libshutdown$$00000007  c_w.l(libshutdown2.o)
    0x080001fa   0x080001fa   0x00000000   Code   RO         3016    .ARM.Collect$$libshutdown$$0000000A  c_w.l(libshutdown2.o)
    0x080001fa   0x080001fa   0x00000000   Code   RO         3018    .ARM.Collect$$libshutdown$$0000000C  c_w.l(libshutdown2.o)
    0x080001fa   0x080001fa   0x00000000   Code   RO         3021    .ARM.Collect$$libshutdown$$0000000F  c_w.l(libshutdown2.o)
    0x080001fa   0x080001fa   0x00000002   Code   RO         3022    .ARM.Collect$$libshutdown$$00000010  c_w.l(libshutdown2.o)
    0x080001fc   0x080001fc   0x00000000   Code   RO         2860    .ARM.Collect$$rtentry$$00000000  c_w.l(__rtentry.o)
    0x080001fc   0x080001fc   0x00000000   Code   RO         2866    .ARM.Collect$$rtentry$$00000002  c_w.l(__rtentry2.o)
    0x080001fc   0x080001fc   0x00000006   Code   RO         2878    .ARM.Collect$$rtentry$$00000004  c_w.l(__rtentry4.o)
    0x08000202   0x08000202   0x00000000   Code   RO         2868    .ARM.Collect$$rtentry$$00000009  c_w.l(__rtentry2.o)
    0x08000202   0x08000202   0x00000004   Code   RO         2869    .ARM.Collect$$rtentry$$0000000A  c_w.l(__rtentry2.o)
    0x08000206   0x08000206   0x00000000   Code   RO         2871    .ARM.Collect$$rtentry$$0000000C  c_w.l(__rtentry2.o)
    0x08000206   0x08000206   0x00000008   Code   RO         2872    .ARM.Collect$$rtentry$$0000000D  c_w.l(__rtentry2.o)
    0x0800020e   0x0800020e   0x00000002   Code   RO         2899    .ARM.Collect$$rtexit$$00000000  c_w.l(rtexit.o)
    0x08000210   0x08000210   0x00000000   Code   RO         2955    .ARM.Collect$$rtexit$$00000002  c_w.l(rtexit2.o)
    0x08000210   0x08000210   0x00000004   Code   RO         2956    .ARM.Collect$$rtexit$$00000003  c_w.l(rtexit2.o)
    0x08000214   0x08000214   0x00000006   Code   RO         2957    .ARM.Collect$$rtexit$$00000004  c_w.l(rtexit2.o)
    0x0800021a   0x0800021a   0x00000002   PAD
    0x0800021c   0x0800021c   0x00000040   Code   RO         2805    .text               startup_at32f403accu7.o
    0x0800025c   0x0800025c   0x00000006   Code   RO         2856    .text               c_w.l(heapauxi.o)
    0x08000262   0x08000262   0x0000004a   Code   RO         2882    .text               c_w.l(sys_stackheap_outer.o)
    0x080002ac   0x080002ac   0x00000012   Code   RO         2884    .text               c_w.l(exit.o)
    0x080002be   0x080002be   0x00000002   PAD
    0x080002c0   0x080002c0   0x00000008   Code   RO         2896    .text               c_w.l(libspace.o)
    0x080002c8   0x080002c8   0x0000000c   Code   RO         2952    .text               c_w.l(sys_exit.o)
    0x080002d4   0x080002d4   0x00000002   Code   RO         2971    .text               c_w.l(use_no_semi.o)
    0x080002d6   0x080002d6   0x00000000   Code   RO         2973    .text               c_w.l(indicate_semi.o)
    0x080002d6   0x080002d6   0x00000014   Code   RO          167    i.Core_Init         mcu_core.o
    0x080002ea   0x080002ea   0x00000002   PAD
    0x080002ec   0x080002ec   0x0000004c   Code   RO          327    i.Delay_Init        delay.o
    0x08000338   0x08000338   0x00000014   Code   RO          395    i.GPIO_JTAG_Disable  gpio.o
    0x0800034c   0x0800034c   0x00000570   Code   RO         1223    i.GPIO_PinsRemapConfig  at32f4xx_gpio.o
    0x080008bc   0x080008bc   0x00000014   Code   RO         2758    i.NVIC_PriorityGroupConfig  misc.o
    0x080008d0   0x080008d0   0x00000020   Code   RO         1496    i.RCC_APB2PeriphClockCmd  at32f4xx_rcc.o
    0x080008f0   0x080008f0   0x00000002   Code   RO         2812    i.SetSysClock       system_at32f4xx.o
    0x080008f2   0x080008f2   0x00000002   PAD
    0x080008f4   0x080008f4   0x00000010   Code   RO          328    i.SysTick_Handler   delay.o
    0x08000904   0x08000904   0x00000124   Code   RO         2813    i.SystemCoreClockUpdate  system_at32f4xx.o
    0x08000a28   0x08000a28   0x00000084   Code   RO         2814    i.SystemInit        system_at32f4xx.o
    0x08000aac   0x08000aac   0x00000028   Code   RO          329    i.__NVIC_SetPriority  delay.o
    0x08000ad4   0x08000ad4   0x00000008   Code   RO            4    i.main              main.o
    0x08000adc   0x08000adc   0x0000000a   Code   RO         2967    x$fpl$fpinit        fz_wm.l(fpinit.o)
    0x08000ae6   0x08000ae6   0x00000002   PAD
    0x08000ae8   0x08000ae8   0x00000020   Data   RO         3023    Region$$Table       anon$$obj.o


    Execution Region RW_IRAM1 (Exec base: 0x20000000, Load base: 0x08000b08, Size: 0x00000678, Max: 0x00038000, ABSOLUTE)

    Exec Addr    Load Addr    Size         Type   Attr      Idx    E Section Name        Object

    0x20000000   0x08000b08   0x00000004   Data   RW          334    .data               delay.o
    0x20000004   0x08000b0c   0x00000014   Data   RW         2815    .data               system_at32f4xx.o
    0x20000018        -       0x00000060   Zero   RW         2897    .bss                c_w.l(libspace.o)
    0x20000078        -       0x00000200   Zero   RW         2803    HEAP                startup_at32f403accu7.o
    0x20000278        -       0x00000400   Zero   RW         2802    STACK               startup_at32f403accu7.o


==============================================================================

Image component sizes


      Code (inc. data)   RO Data    RW Data    ZI Data      Debug   Object Name

      1392         26          0          0          0       2731   at32f4xx_gpio.o
        32          6          0          0          0        653   at32f4xx_rcc.o
       132         18          0          4          0      31946   delay.o
        20          0          0          0          0        504   gpio.o
         8          0          0          0          0       3579   main.o
        20          0          0          0          0     241188   mcu_core.o
        20         10          0          0          0        599   misc.o
        64         26        380          0       1536        884   startup_at32f403accu7.o
       426         56          0         20          0       2583   system_at32f4xx.o

    ----------------------------------------------------------------------
      2118        142        412         24       1536     284667   Object Totals
         0          0         32          0          0          0   (incl. Generated)
         4          0          0          0          0          0   (incl. Padding)

    ----------------------------------------------------------------------

      Code (inc. data)   RO Data    RW Data    ZI Data      Debug   Library Member Name

         8          0          0          0          0         68   __main.o
         0          0          0          0          0          0   __rtentry.o
        12          0          0          0          0          0   __rtentry2.o
         6          0          0          0          0          0   __rtentry4.o
        52          8          0          0          0          0   __scatter.o
        26          0          0          0          0          0   __scatter_copy.o
        28          0          0          0          0          0   __scatter_zi.o
        18          0          0          0          0         80   exit.o
         6          0          0          0          0        152   heapauxi.o
         0          0          0          0          0          0   indicate_semi.o
         2          0          0          0          0          0   libinit.o
         6          0          0          0          0          0   libinit2.o
         2          0          0          0          0          0   libshutdown.o
         2          0          0          0          0          0   libshutdown2.o
         8          4          0          0         96         68   libspace.o
         2          0          0          0          0          0   rtexit.o
        10          0          0          0          0          0   rtexit2.o
        12          4          0          0          0         68   sys_exit.o
        74          0          0          0          0         80   sys_stackheap_outer.o
         2          0          0          0          0         68   use_no_semi.o
        10          0          0          0          0        116   fpinit.o

    ----------------------------------------------------------------------
       294         16          0          0         96        700   Library Totals
         8          0          0          0          0          0   (incl. Padding)

    ----------------------------------------------------------------------

      Code (inc. data)   RO Data    RW Data    ZI Data      Debug   Library Name

       276         16          0          0         96        584   c_w.l
        10          0          0          0          0        116   fz_wm.l

    ----------------------------------------------------------------------
       294         16          0          0         96        700   Library Totals

    ----------------------------------------------------------------------

==============================================================================


      Code (inc. data)   RO Data    RW Data    ZI Data      Debug   

      2412        158        412         24       1632     284411   Grand Totals
      2412        158        412         24       1632     284411   ELF Image Totals
      2412        158        412         24          0          0   ROM Totals

==============================================================================

    Total RO  Size (Code + RO Data)                 2824 (   2.76kB)
    Total RW  Size (RW Data + ZI Data)              1656 (   1.62kB)
    Total ROM Size (Code + RO Data + RW Data)       2848 (   2.78kB)

==============================================================================

